ARM Linker, 4.1 [Build 567] [Standard]

==============================================================================

Section Cross References

    lpc2300.o(STACK) refers (Special) to heapauxi.o(.text) for __use_two_region_memory
    lpc2300.o(HEAP) refers (Special) to heapauxi.o(.text) for __use_two_region_memory
    lpc2300.o(RESET) refers (Special) to heapauxi.o(.text) for __use_two_region_memory
    lpc2300.o(RESET) refers to lpc2300.o(STACK) for Stack_Top
    lpc2300.o(RESET) refers to __main.o(!!!main) for __main
    lpc2300.o(.text) refers (Special) to heapauxi.o(.text) for __use_two_region_memory
    lpc2300.o(.text) refers to lpc2300.o(HEAP) for Heap_Mem
    lpc2300.o(.text) refers to lpc2300.o(STACK) for Stack_Mem
    mci_lpc23xx.o(.text) refers to mci_lpc23xx.o(.data) for .data
    rtx_config.o(.text) refers to rtx_config.o(.bss) for .bss
    rtx_config.o(.text) refers to libspace.o(.bss) for __libspace_start
    rtx_config.o(.text) refers to rtx_config.o(.data) for .data
    rta_config.o(.emb_text) refers (Special) to use_no_semi.o(.text) for __use_no_semihosting_swi
    rta_config.o(.emb_text) refers to rta_config.o(.data) for __RTA_Flags
    rta_config.o(.text) refers (Special) to use_no_semi.o(.text) for __use_no_semihosting_swi
    rta_config.o(.text) refers to rta_config.o(.text) for RTA_TermPutChar
    rta_config.o(.text) refers to strcmpfast.o(.text) for strcmp
    rta_config.o(.text) refers to _fs_fopen.o(i.__fopen) for __fopen
    rta_config.o(.text) refers to rta_config.o(.bss) for .bss
    rta_config.o(.text) refers to rta_config.o(.constdata) for .constdata
    rta_config.o(.text) refers to _fs_fclose.o(i.__fclose) for __fclose
    rta_config.o(.text) refers to _fs_write.o(i.__write) for __write
    rta_config.o(.text) refers to _fs_read.o(i.__read) for __read
    rta_config.o(.text) refers to _fs_setfpos.o(i.__setfpos) for __setfpos
    rta_config.o(.text) refers to _fs_flushbuf.o(i.__flushbuf) for __flushbuf
    rta_config.o(.text) refers to _fs_getfsize.o(i.__getfsize) for __getfsize
    rta_config.o(.text) refers to file_config.o(.bss) for _iob
    rta_config.o(.text) refers (Special) to use_no_semi.o(.text) for __use_no_semihosting_swi
    rta_config.o(.text) refers to fopen_locked.o(.text) for fopen
    rta_config.o(.text) refers to rta_config.o(.emb_text) for __RTA_rd_adr
    rta_config.o(.text) refers to rta_config.o(.bss) for .bss
    rta_config.o(.text) refers to rta_config.o(.text) for RTA_tx_word
    rta_config.o(.text) refers to rta_config.o(.data) for .data
    rta_config.o(.text) refers to rta_config.o(.constdata) for .constdata
    rta_config.o(.bss) refers (Special) to use_no_semi.o(.text) for __use_no_semihosting_swi
    rta_config.o(.constdata) refers (Special) to use_no_semi.o(.text) for __use_no_semihosting_swi
    rta_config.o(.constdata) refers to rta_config.o(.text) for main_cmd
    rta_config.o(.constdata) refers (Special) to use_no_semi.o(.text) for __use_no_semihosting_swi
    rta_config.o(.constdata) refers (Special) to use_no_semi.o(.text) for __use_no_semihosting_swi
    rta_config.o(.constdata) refers (Special) to use_no_semi.o(.text) for __use_no_semihosting_swi
    rta_config.o(.data) refers (Special) to use_no_semi.o(.text) for __use_no_semihosting_swi
    main.o(.text) refers to f2d.o(x$fpl$f2d) for __aeabi_f2d
    main.o(.text) refers to daddsub_noclz.o(x$fpl$dadd) for __aeabi_dadd
    main.o(.text) refers to d2f.o(x$fpl$d2f) for __aeabi_d2f
    main.o(.text) refers to lcd.o(.text) for LCD::write(float, int, unsigned char, unsigned char)
    main.o(.text) refers to attachedtimer.o(.text) for AttachedTimer::AttachedTimer(float, int, bool, void(*)())
    main.o(.text) refers to interrupt.o(.text) for Interrupt::Interrupt(ADC, int, void(*)())
    main.o(.text) refers to adc.o(.text) for ADC::startADCConversion()
    main.o(.text) refers to stopwatch.o(.text) for StopWatch::StopWatch()
    main.o(.text) refers to main.o(.data) for .data
    main.o(.ARM.exidx) refers to main.o(.text) for .text
    main.o(.init_array) refers to main.o(.text) for __sti___8_main_cpp
    main.o(.init_array) refers to init_aeabi.o(.text) for __cpp_initialize__aeabi_
    lcd.o(.text) refers to _printf_percent.o(.ARM.Collect$$_printf_percent$$00000000) for _printf_percent
    lcd.o(.text) refers to _printf_d.o(.ARM.Collect$$_printf_percent$$00000009) for _printf_d
    lcd.o(.text) refers to _printf_dec.o(.text) for _printf_int_dec
    lcd.o(.text) refers to _printf_f.o(.ARM.Collect$$_printf_percent$$00000003) for _printf_f
    lcd.o(.text) refers to printf1.o(x$fpl$printf1) for _printf_fp_dec
    lcd.o(.text) refers to lcd.o(t._ZNSs8_C_cloneEj) for std::basic_string<char, std::char_traits<char>, std::allocator<char>>::_C_clone(unsigned)
    lcd.o(.text) refers to dflt_noclz.o(x$fpl$dflt) for __aeabi_i2d
    lcd.o(.text) refers to pow.o(i.pow) for pow
[...]
    Removing ios.o(.ARM.exidx), (8 bytes).
    Removing ios.o(.ARM.exidx), (8 bytes).
    Removing ios.o(.ARM.exidx), (8 bytes).
    Removing ios.o(.ARM.exidx), (8 bytes).
    Removing ios.o(.ARM.exidx), (8 bytes).
    Removing ios.o(t._ZNSaIcEC1ERKS_), (2 bytes).
    Removing ios.o(.ARM.exidx), (8 bytes).
    Removing ios.o(.ARM.exidx), (8 bytes).
    Removing ios.o(t._ZNSaIN4__rw12__string_refIcSt11char_traitsIcESaIcEEEEC1IcEERKSaIT_E), (2 bytes).
    Removing ios.o(.ARM.exidx), (8 bytes).
    Removing ios.o(.ARM.exidx), (8 bytes).
    Removing ios.o(.ARM.extab), (16 bytes).
    Removing ios.o(.ARM.exidx), (8 bytes).
    Removing ios.o(.ARM.exidx), (8 bytes).
    Removing ios.o(.ARM.exidx), (8 bytes).
    Removing ios.o(i._ZNSt6locale5facetD1Ev), (2 bytes).
    Removing ios.o(.ARM.exidx), (8 bytes).
    Removing ios.o(i._ZNSt9basic_iosIwSt11char_traitsIwEED1Ev), (12 bytes).
    Removing ios.o(.ARM.exidx), (8 bytes).
    Removing ios.o(i._ZNSt5ctypeIwEC1Ej.clean), (4 bytes).
    Removing ios.o(.ARM.exidx), (8 bytes).
    Removing ios.o(.ARM.exidx), (8 bytes).
    Removing ios.o(t._ZN4__rw16__rw_facet_makerISt5ctypeIwEE13_C_maker_funcEiPKcj.clean), (10 bytes).
    Removing ios.o(.ARM.extab), (16 bytes).
    Removing ios.o(.ARM.exidx), (8 bytes).
    Removing ios.o(.ARM.exidx), (8 bytes).
    Removing ios.o(.ARM.exidx), (8 bytes).
    Removing ios.o(t._ZNSt15basic_streambufIwSt11char_traitsIwEED1Ev), (24 bytes).
    Removing ios.o(.ARM.exidx), (8 bytes).
    Removing ios.o(.ARM.exidx), (8 bytes).
    Removing ios.o(.ARM.exidx), (8 bytes).
    Removing ios.o(.ARM.exidx), (8 bytes).
    Removing ios.o(.ARM.exidx), (8 bytes).
    Removing ios.o(i._ZNSt9basic_iosIcSt11char_traitsIcEED1Ev), (12 bytes).
    Removing ios.o(.ARM.exidx), (8 bytes).
    Removing ios.o(t._ZN4__rw16__rw_facet_makerISt5ctypeIcEE13_C_maker_funcEiPKcj.clean), (16 bytes).
    Removing ios.o(.ARM.extab), (32 bytes).
    Removing ios.o(.ARM.exidx), (8 bytes).
    Removing ios.o(.ARM.exidx), (8 bytes).
    Removing ios.o(.ARM.exidx), (8 bytes).
    Removing ios.o(t._ZNSt15basic_streambufIcSt11char_traitsIcEED1Ev), (24 bytes).
    Removing ios.o(.ARM.exidx), (8 bytes).
    Removing ios.o(.ARM.exidx), (8 bytes).
    Removing ios.o(.ARM.exidx), (8 bytes).
    Removing ios.o(t._ZNKSt8numpunctIcE16do_decimal_pointEv), (4 bytes).
    Removing ios.o(.ARM.exidx), (8 bytes).
    Removing ios.o(t._ZNKSt8numpunctIcE16do_thousands_sepEv), (4 bytes).
    Removing ios.o(.ARM.exidx), (8 bytes).
    Removing ios.o(t._ZNKSt8numpunctIcE11do_groupingEv), (14 bytes).
    Removing ios.o(.ARM.exidx), (8 bytes).
    Removing ios.o(t._ZNKSt8numpunctIcE11do_truenameEv), (14 bytes).
    Removing ios.o(.ARM.exidx), (8 bytes).
    Removing ios.o(t._ZNKSt8numpunctIcE12do_falsenameEv), (14 bytes).
    Removing ios.o(.ARM.exidx), (8 bytes).
    Removing ios.o(i._ZN4__rw15__rw_punct_dataIcED1Ev), (16 bytes).
    Removing ios.o(.ARM.exidx), (8 bytes).
    Removing ios.o(i._ZNSt8numpunctIcED0Ev), (16 bytes).
    Removing ios.o(.ARM.exidx), (8 bytes).
    Removing ios.o(.ARM.exidx), (8 bytes).
    Removing ios.o(.ARM.extab), (16 bytes).
    Removing ios.o(.ARM.exidx), (8 bytes).
    Removing ios.o(.ARM.extab), (16 bytes).
    Removing ios.o(.ARM.exidx), (8 bytes).
    Removing ios.o(i._ZNKSt7codecvtIccSt11__mbstate_tE10max_lengthEv), (16 bytes).
    Removing ios.o(.ARM.extab), (16 bytes).
    Removing ios.o(.ARM.exidx), (8 bytes).
    Removing ios.o(.ARM.exidx), (8 bytes).
    Removing ios.o(.ARM.extab), (16 bytes).
    Removing ios.o(.ARM.exidx), (8 bytes).
    Removing ios.o(.ARM.extab), (16 bytes).
    Removing ios.o(.ARM.exidx), (8 bytes).
    Removing ios.o(i._ZNKSt7codecvtIwcSt11__mbstate_tE10max_lengthEv), (16 bytes).
    Removing ios.o(.ARM.extab), (16 bytes).
    Removing ios.o(.ARM.exidx), (8 bytes).
    Removing ios.o(i._ZN4__rw11__rw_file_t7_C_readEPvjj), (42 bytes).
    Removing ios.o(.ARM.exidx), (8 bytes).
    Removing ios.o(.ARM.exidx), (8 bytes).
    Removing ios.o(t._ZNSt15basic_streambufIcSt11char_traitsIcEE5imbueERKSt6locale), (14 bytes).
    Removing ios.o(.ARM.exidx), (8 bytes).
    Removing ios.o(t._ZNSt15basic_streambufIcSt11char_traitsIcEE6xsgetnEPcl), (76 bytes).
    Removing ios.o(.ARM.exidx), (8 bytes).
    Removing ios.o(.ARM.exidx), (8 bytes).
    Removing ios.o(t._ZNKSt15basic_streambufIcSt11char_traitsIcEE16_C_putback_availEv), (24 bytes).
    Removing ios.o(.ARM.exidx), (8 bytes).
    Removing ios.o(.ARM.exidx), (8 bytes).
    Removing ios.o(.ARM.exidx), (8 bytes).
    Removing ios.o(.ARM.exidx), (8 bytes).
    Removing ios.o(.ARM.exidx), (8 bytes).
    Removing ios.o(t._ZNSt13basic_filebufIcSt11char_traitsIcEE5closeEv), (152 bytes).
    Removing ios.o(.ARM.exidx), (8 bytes).
    Removing ios.o(t._ZNSt13basic_filebufIcSt11char_traitsIcEED0Ev), (16 bytes).
    Removing ios.o(.ARM.exidx), (8 bytes).
    Removing ios.o(.ARM.exidx), (8 bytes).
    Removing ios.o(t._ZNKSt4fposISt11__mbstate_tEmiERKS1_), (34 bytes).
    Removing ios.o(.ARM.exidx), (8 bytes).
    Removing ios.o(.ARM.exidx), (8 bytes).
    Removing ios.o(.ARM.exidx), (8 bytes).
    Removing ios.o(t._ZNKSt4fposISt11__mbstate_tEneERKS1_), (16 bytes).
    Removing ios.o(.ARM.exidx), (8 bytes).
    Removing ios.o(.ARM.exidx), (8 bytes).
    Removing ios.o(t._ZNSt15basic_streambufIwSt11char_traitsIwEE5imbueERKSt6locale), (14 bytes).
    Removing ios.o(.ARM.exidx), (8 bytes).
    Removing ios.o(t._ZNSt15basic_streambufIwSt11char_traitsIwEE6xsgetnEPwl), (88 bytes).
    Removing ios.o(.ARM.exidx), (8 bytes).
    Removing ios.o(.ARM.exidx), (8 bytes).
    Removing ios.o(t._ZNKSt15basic_streambufIwSt11char_traitsIwEE16_C_putback_availEv), (26 bytes).
    Removing ios.o(.ARM.exidx), (8 bytes).
    Removing ios.o(.ARM.exidx), (8 bytes).
    Removing ios.o(.ARM.exidx), (8 bytes).
    Removing ios.o(.ARM.exidx), (8 bytes).
    Removing ios.o(t._ZNSt13basic_filebufIwSt11char_traitsIwEE5closeEv), (152 bytes).
    Removing ios.o(.ARM.exidx), (8 bytes).
    Removing ios.o(t._ZNSt13basic_filebufIwSt11char_traitsIwEED0Ev), (16 bytes).
    Removing ios.o(.ARM.exidx), (8 bytes).
    Removing ios.o(.ARM.exidx), (8 bytes).
    Removing ios.o(.ARM.exidx), (8 bytes).
    Removing ios.o(.ARM.exidx), (8 bytes).
    Removing ios.o(i._ZN4__rw11__rw_file_t8_C_closeEv), (34 bytes).
    Removing ios.o(.ARM.exidx), (8 bytes).
    Removing ios.o(.ARM.exidx), (8 bytes).
    Removing ios.o(t._ZN4__rw16__rw_facet_makerISt7codecvtIccSt11__mbstate_tEE13_C_maker_funcEiPKcj.clean), (10 bytes).
    Removing ios.o(.ARM.extab), (16 bytes).
    Removing ios.o(.ARM.exidx), (8 bytes).
    Removing ios.o(.ARM.exidx), (8 bytes).
    Removing ios.o(t._ZN4__rw16__rw_facet_makerISt7codecvtIwcSt11__mbstate_tEE13_C_maker_funcEiPKcj.clean), (10 bytes).
    Removing ios.o(.ARM.extab), (16 bytes).
    Removing ios.o(.ARM.exidx), (8 bytes).
    Removing ios.o(.ARM.exidx), (8 bytes).
    Removing ios.o(.constdata__ZTISt8numpunctIcE), (32 bytes).
    Removing ios.o(.constdata__ZTISt13basic_filebufIcSt11char_traitsIcEE), (12 bytes).
    Removing ios.o(.constdata__ZTISt13basic_filebufIwSt11char_traitsIwEE), (12 bytes).
    Removing ios.o(.bss__ZZN4__rw19__rw_get_static_bufEvE8__buffer), (4104 bytes).
    Removing ios.o(.data__ZZN4__rw27__rw_reallocate_temp_bufferEPvjE8__buffer), (8 bytes).
    Removing ios.o(.data__ZZN4__rw27__rw_reallocate_temp_bufferEPvjE6__busy), (4 bytes).
    Removing ios.o(.constdata__ZTISt5ctypeIwE), (40 bytes).
    Removing ios.o(.constdata__ZTISt7codecvtIccSt11__mbstate_tE), (32 bytes).
    Removing ios.o(.constdata__ZTISt7codecvtIwcSt11__mbstate_tE), (32 bytes).
    Removing ios.o(.constdata__ZTISt15basic_streambufIcSt11char_traitsIcEE), (12 bytes).
    Removing ios.o(.constdata__ZTISt15basic_streambufIwSt11char_traitsIwEE), (12 bytes).
    Removing ios.o(.constdata__ZTINSt6locale5facetE), (12 bytes).
    Removing ios.o(.constdata__ZTISt8ios_base), (12 bytes).
    Removing ios.o(.constdata__ZTISt9basic_iosIcSt11char_traitsIcEE), (12 bytes).
    Removing ios.o(.constdata__ZTISt9basic_iosIwSt11char_traitsIwEE), (12 bytes).
    Removing ios.o(.constdata__ZTIN4__rw18__rw_numpunct_implIcEE), (12 bytes).
    Removing ios.o(.constdata__ZTSSt8numpunctIcE), (15 bytes).
    Removing ios.o(.constdata__ZTSSt13basic_filebufIcSt11char_traitsIcEE), (39 bytes).
    Removing ios.o(.constdata__ZTSSt13basic_filebufIwSt11char_traitsIwEE), (39 bytes).
    Removing ios.o(.constdata__ZTIN4__rw15__rw_facet_baseE), (12 bytes).
    Removing ios.o(.constdata__ZTISo), (24 bytes).
    Removing ios.o(.constdata__ZTISt13basic_ostreamIwSt11char_traitsIwEE), (24 bytes).
    Removing ios.o(.constdata__ZTISi), (24 bytes).
    Removing ios.o(.constdata__ZTISt13basic_istreamIwSt11char_traitsIwEE), (24 bytes).
    Removing ios.o(.constdata__ZTIN4__rw17__rw_synchronizedE), (8 bytes).
    Removing ios.o(.constdata__ZTSNSt6locale5facetE), (18 bytes).
    Removing ios.o(.constdata__ZTSSt8ios_base), (12 bytes).
    Removing ios.o(.constdata__ZTISt10ctype_base), (8 bytes).
    Removing ios.o(.constdata__ZTIN4__rw17__rw_ctype_helperIwEE), (8 bytes).
    Removing ios.o(.constdata__ZTSSt5ctypeIwE), (12 bytes).
    Removing ios.o(.constdata__ZTIN4__rw23__rw_numpunct_impl_dataIcEE), (32 bytes).
    Removing ios.o(.constdata__ZTSN4__rw18__rw_numpunct_implIcEE), (31 bytes).
    Removing ios.o(.constdata__ZTSSt9basic_iosIcSt11char_traitsIcEE), (34 bytes).
    Removing ios.o(.constdata__ZTSSt9basic_iosIwSt11char_traitsIwEE), (34 bytes).
    Removing ios.o(.constdata__ZTISt12codecvt_base), (8 bytes).
    Removing ios.o(.constdata__ZTSSt7codecvtIccSt11__mbstate_tE), (30 bytes).
    Removing ios.o(.constdata__ZTSSt7codecvtIwcSt11__mbstate_tE), (30 bytes).
    Removing ios.o(.constdata__ZTSSt15basic_streambufIcSt11char_traitsIcEE), (41 bytes).
    Removing ios.o(.constdata__ZTSSt15basic_streambufIwSt11char_traitsIwEE), (41 bytes).
    Removing ios.o(.constdata__ZTSN4__rw17__rw_synchronizedE), (27 bytes).
    Removing ios.o(.constdata__ZTSN4__rw15__rw_facet_baseE), (25 bytes).
    Removing ios.o(.constdata__ZTSSt10ctype_base), (15 bytes).
    Removing ios.o(.constdata__ZTSN4__rw17__rw_ctype_helperIwEE), (30 bytes).
    Removing ios.o(.constdata__ZTIN4__rw23__rw_numpunct_impl_baseE), (8 bytes).
    Removing ios.o(.constdata__ZTIN4__rw15__rw_punct_dataIcEE), (8 bytes).
    Removing ios.o(.constdata__ZTSN4__rw23__rw_numpunct_impl_dataIcEE), (36 bytes).
    Removing ios.o(.constdata__ZTSSo), (3 bytes).
    Removing ios.o(.constdata__ZTSSt13basic_ostreamIwSt11char_traitsIwEE), (39 bytes).
    Removing ios.o(.constdata__ZTSSt12codecvt_base), (17 bytes).
    Removing ios.o(.constdata__ZTSSi), (3 bytes).
    Removing ios.o(.constdata__ZTSSt13basic_istreamIwSt11char_traitsIwEE), (39 bytes).
    Removing ios.o(.constdata__ZTSN4__rw23__rw_numpunct_impl_baseE), (33 bytes).
    Removing ios.o(.constdata__ZTSN4__rw15__rw_punct_dataIcEE), (28 bytes).
    Removing ios.o(.ARM.exidx), (8 bytes).
    Removing ios.o(i._ZNSt8ios_baseD0Ev), (16 bytes).
    Removing ios.o(.ARM.exidx), (8 bytes).
    Removing ios.o(i._ZNKSt5ctypeIwE5do_isENSt10ctype_base4maskEw), (22 bytes).
    Removing ios.o(.ARM.exidx), (8 bytes).
    Removing ios.o(i._ZNKSt5ctypeIwE5do_isEPKwS2_PNSt10ctype_base4maskE), (34 bytes).
    Removing ios.o(.ARM.exidx), (8 bytes).
    Removing ios.o(i._ZNKSt5ctypeIwE10do_scan_isENSt10ctype_base4maskEPKwS4_), (34 bytes).
    Removing ios.o(.ARM.exidx), (8 bytes).
    Removing ios.o(i._ZNKSt5ctypeIwE11do_scan_notENSt10ctype_base4maskEPKwS4_), (34 bytes).
    Removing ios.o(.ARM.exidx), (8 bytes).
    Removing ios.o(i._ZNKSt5ctypeIwE10do_toupperEPwPKw), (40 bytes).
    Removing ios.o(.ARM.exidx), (8 bytes).
    Removing ios.o(i._ZNKSt5ctypeIwE10do_toupperEw), (30 bytes).
    Removing ios.o(.ARM.exidx), (8 bytes).
    Removing ios.o(i._ZNKSt5ctypeIwE10do_tolowerEPwPKw), (40 bytes).
    Removing ios.o(.ARM.exidx), (8 bytes).
    Removing ios.o(i._ZNKSt5ctypeIwE10do_tolowerEw), (28 bytes).
    Removing ios.o(.ARM.exidx), (8 bytes).
    Removing ios.o(i._ZNKSt5ctypeIwE8do_widenEPKcS2_Pw), (18 bytes).
    Removing ios.o(.ARM.exidx), (8 bytes).
    Removing ios.o(.ARM.exidx), (8 bytes).
    Removing ios.o(i._ZNKSt5ctypeIwE9do_narrowEPKwS2_cPc), (50 bytes).
    Removing ios.o(.ARM.exidx), (8 bytes).
    Removing ios.o(i._ZNKSt5ctypeIwE9do_narrowEwc), (22 bytes).
    Removing ios.o(.ARM.exidx), (8 bytes).
    Removing ios.o(i._ZNSt5ctypeIwED1Ev), (2 bytes).
    Removing ios.o(.ARM.exidx), (8 bytes).
    Removing ios.o(.ARM.exidx), (8 bytes).
    Removing ios.o(i._ZNSt9basic_iosIcSt11char_traitsIcEED0Ev), (16 bytes).
    Removing ios.o(.ARM.exidx), (8 bytes).
    Removing ios.o(i._ZNSoD1Ev), (22 bytes).
    Removing ios.o(.ARM.exidx), (8 bytes).
    Removing ios.o(i._ZNSoD0Ev), (16 bytes).
    Removing ios.o(.ARM.exidx), (8 bytes).
    Removing ios.o(i._ZTv0_n12_NSoD0Ev), (20 bytes).
    Removing ios.o(.ARM.exidx), (8 bytes).
    Removing ios.o(i._ZTv0_n12_NSoD1Ev), (20 bytes).
    Removing ios.o(.ARM.exidx), (8 bytes).
    Removing ios.o(i._ZNSt9basic_iosIwSt11char_traitsIwEED0Ev), (16 bytes).
    Removing ios.o(.ARM.exidx), (8 bytes).
    Removing ios.o(i._ZNSt13basic_ostreamIwSt11char_traitsIwEED1Ev), (22 bytes).
    Removing ios.o(.ARM.exidx), (8 bytes).
    Removing ios.o(i._ZNSt13basic_ostreamIwSt11char_traitsIwEED0Ev), (16 bytes).
    Removing ios.o(.ARM.exidx), (8 bytes).
    Removing ios.o(i._ZTv0_n12_NSt13basic_ostreamIwSt11char_traitsIwEED0Ev), (20 bytes).
    Removing ios.o(.ARM.exidx), (8 bytes).
    Removing ios.o(i._ZTv0_n12_NSt13basic_ostreamIwSt11char_traitsIwEED1Ev), (20 bytes).
    Removing ios.o(.ARM.exidx), (8 bytes).
    Removing ios.o(.ARM.exidx), (8 bytes).
    Removing ios.o(i._ZNKSt7codecvtIccSt11__mbstate_tE5do_inERS0_PKcS4_RS4_PcS6_RS6_), (14 bytes).
    Removing ios.o(.ARM.exidx), (8 bytes).
    Removing ios.o(i._ZNKSt7codecvtIccSt11__mbstate_tE10do_unshiftERS0_PcS3_RS3_), (8 bytes).
    Removing ios.o(.ARM.exidx), (8 bytes).
    Removing ios.o(.ARM.exidx), (8 bytes).
    Removing ios.o(.ARM.exidx), (8 bytes).
    Removing ios.o(i._ZNKSt7codecvtIccSt11__mbstate_tE9do_lengthERKS0_PKcS5_j), (12 bytes).
    Removing ios.o(.ARM.exidx), (8 bytes).
    Removing ios.o(i._ZNKSt7codecvtIccSt11__mbstate_tE13do_max_lengthEv), (4 bytes).
    Removing ios.o(.ARM.exidx), (8 bytes).
    Removing ios.o(i._ZNSt7codecvtIccSt11__mbstate_tED1Ev), (2 bytes).
    Removing ios.o(.ARM.exidx), (8 bytes).
    Removing ios.o(.ARM.exidx), (8 bytes).
    Removing ios.o(.ARM.exidx), (8 bytes).
    Removing ios.o(i._ZNKSt7codecvtIwcSt11__mbstate_tE5do_inERS0_PKcS4_RS4_PwS6_RS6_), (48 bytes).
    Removing ios.o(.ARM.exidx), (8 bytes).
    Removing ios.o(i._ZNKSt7codecvtIwcSt11__mbstate_tE10do_unshiftERS0_PcS3_RS3_), (8 bytes).
    Removing ios.o(.ARM.exidx), (8 bytes).
    Removing ios.o(.ARM.exidx), (8 bytes).
    Removing ios.o(.ARM.exidx), (8 bytes).
    Removing ios.o(i._ZNKSt7codecvtIwcSt11__mbstate_tE9do_lengthERKS0_PKcS5_j), (12 bytes).
    Removing ios.o(.ARM.exidx), (8 bytes).
    Removing ios.o(i._ZNKSt7codecvtIwcSt11__mbstate_tE13do_max_lengthEv), (4 bytes).
    Removing ios.o(.ARM.exidx), (8 bytes).
    Removing ios.o(i._ZNSt7codecvtIwcSt11__mbstate_tED1Ev), (2 bytes).
    Removing ios.o(.ARM.exidx), (8 bytes).
    Removing ios.o(.ARM.exidx), (8 bytes).
    Removing ios.o(i._ZNSiD1Ev), (22 bytes).
    Removing ios.o(.ARM.exidx), (8 bytes).
    Removing ios.o(i._ZNSiD0Ev), (16 bytes).
    Removing ios.o(.ARM.exidx), (8 bytes).
    Removing ios.o(i._ZTv0_n12_NSiD0Ev), (20 bytes).
    Removing ios.o(.ARM.exidx), (8 bytes).
    Removing ios.o(i._ZTv0_n12_NSiD1Ev), (20 bytes).
    Removing ios.o(.ARM.exidx), (8 bytes).
    Removing ios.o(i._ZNSt13basic_istreamIwSt11char_traitsIwEED1Ev), (22 bytes).
    Removing ios.o(.ARM.exidx), (8 bytes).
    Removing ios.o(i._ZNSt13basic_istreamIwSt11char_traitsIwEED0Ev), (16 bytes).
    Removing ios.o(.ARM.exidx), (8 bytes).
    Removing ios.o(i._ZTv0_n12_NSt13basic_istreamIwSt11char_traitsIwEED0Ev), (20 bytes).
    Removing ios.o(.ARM.exidx), (8 bytes).
    Removing ios.o(i._ZTv0_n12_NSt13basic_istreamIwSt11char_traitsIwEED1Ev), (20 bytes).
    Removing ios.o(.ARM.exidx), (8 bytes).
    Removing ios.o(.ARM.exidx), (8 bytes).
    Removing ios.o(t._ZNSt15basic_streambufIcSt11char_traitsIcEED0Ev), (16 bytes).
    Removing ios.o(.ARM.exidx), (8 bytes).
    Removing ios.o(.ARM.exidx), (8 bytes).
    Removing ios.o(t._ZNSt15basic_streambufIcSt11char_traitsIcEE7seekoffElNSt8ios_base10_C_seekdirEi), (14 bytes).
    Removing ios.o(.ARM.exidx), (8 bytes).
    Removing ios.o(t._ZNSt15basic_streambufIcSt11char_traitsIcEE7seekposESt4fposISt11__mbstate_tEi), (14 bytes).
    Removing ios.o(.ARM.exidx), (8 bytes).
    Removing ios.o(t._ZNSt15basic_streambufIcSt11char_traitsIcEE9showmanycEv), (4 bytes).
    Removing ios.o(.ARM.exidx), (8 bytes).
    Removing ios.o(t._ZNSt15basic_streambufIcSt11char_traitsIcEE9underflowEv), (6 bytes).
    Removing ios.o(.ARM.exidx), (8 bytes).
    Removing ios.o(t._ZNSt15basic_streambufIcSt11char_traitsIcEE5uflowEv), (46 bytes).
    Removing ios.o(.ARM.exidx), (8 bytes).
    Removing ios.o(.ARM.exidx), (8 bytes).
    Removing ios.o(t._ZNSt15basic_streambufIcSt11char_traitsIcEE9pbackfailEi), (6 bytes).
    Removing ios.o(.ARM.exidx), (8 bytes).
    Removing ios.o(t._ZNSt15basic_streambufIcSt11char_traitsIcEE6xsputnEPKcl), (48 bytes).
    Removing ios.o(.ARM.exidx), (8 bytes).
    Removing ios.o(t._ZNSt15basic_streambufIcSt11char_traitsIcEE4syncEv), (4 bytes).
    Removing ios.o(.ARM.exidx), (8 bytes).
    Removing ios.o(t._ZNSt15basic_streambufIwSt11char_traitsIwEED0Ev), (16 bytes).
    Removing ios.o(.ARM.exidx), (8 bytes).
    Removing ios.o(.ARM.exidx), (8 bytes).
    Removing ios.o(t._ZNSt15basic_streambufIwSt11char_traitsIwEE7seekoffElNSt8ios_base10_C_seekdirEi), (14 bytes).
    Removing ios.o(.ARM.exidx), (8 bytes).
    Removing ios.o(t._ZNSt15basic_streambufIwSt11char_traitsIwEE7seekposESt4fposISt11__mbstate_tEi), (14 bytes).
    Removing ios.o(.ARM.exidx), (8 bytes).
    Removing ios.o(t._ZNSt15basic_streambufIwSt11char_traitsIwEE9showmanycEv), (4 bytes).
    Removing ios.o(.ARM.exidx), (8 bytes).
    Removing ios.o(t._ZNSt15basic_streambufIwSt11char_traitsIwEE9underflowEv), (6 bytes).
    Removing ios.o(.ARM.exidx), (8 bytes).
    Removing ios.o(t._ZNSt15basic_streambufIwSt11char_traitsIwEE5uflowEv), (46 bytes).
    Removing ios.o(.ARM.exidx), (8 bytes).
    Removing ios.o(.ARM.exidx), (8 bytes).
    Removing ios.o(t._ZNSt15basic_streambufIwSt11char_traitsIwEE9pbackfailEi), (6 bytes).
    Removing ios.o(.ARM.exidx), (8 bytes).
    Removing ios.o(t._ZNSt15basic_streambufIwSt11char_traitsIwEE6xsputnEPKwl), (48 bytes).
    Removing ios.o(.ARM.exidx), (8 bytes).
    Removing ios.o(t._ZNSt15basic_streambufIwSt11char_traitsIwEE4syncEv), (4 bytes).
    Removing ios.o(.ARM.exidx), (8 bytes).
    Removing ios.o(i._ZNSt5ctypeIwE7_C_fitsEw), (12 bytes).
    Removing ios.o(.ARM.exidx), (8 bytes).
    Removing ios.o(i._ZNSt5ctypeIwE7mask_ofEw), (34 bytes).
    Removing ios.o(.ARM.exidx), (8 bytes).
    Removing ios.o(i._ZNSt5ctypeIcE13classic_tableEv), (8 bytes).
    Removing ios.o(.ARM.exidx), (8 bytes).
    Removing ios.o(.ARM.exidx), (8 bytes).
    Removing ios.o(.ARM.exidx), (8 bytes).
    Removing ios.o(.ARM.exidx), (8 bytes).
    Removing ios.o(.ARM.exidx), (8 bytes).
    Removing ios.o(.ARM.exidx), (8 bytes).
    Removing ios.o(.ARM.exidx), (8 bytes).
    Removing ios.o(.ARM.exidx), (8 bytes).
    Removing rwstdexcept.o(t._ZNKSt8messagesIcE6do_getEiiiRKSs.clean), (10 bytes).
    Removing rwstdexcept.o(.ARM.extab), (16 bytes).
    Removing rwstdexcept.o(.ARM.exidx), (8 bytes).
    Removing rwstdexcept.o(.ARM.exidx), (8 bytes).
    Removing rwstdexcept.o(i._ZNSt8messagesIcED1Ev.clean), (10 bytes).
    Removing rwstdexcept.o(.ARM.extab), (16 bytes).
    Removing rwstdexcept.o(.ARM.exidx), (8 bytes).
    Removing rwstdexcept.o(.ARM.exidx), (8 bytes).
    Removing rwstdexcept.o(.ARM.exidx), (8 bytes).
    Removing rwstdexcept.o(.ARM.exidx), (8 bytes).
    Removing rwstdexcept.o(t._ZNKSt8messagesIcE8do_closeEi), (14 bytes).
    Removing rwstdexcept.o(.ARM.exidx), (8 bytes).
    Removing rwstdexcept.o(.ARM.exidx), (8 bytes).
    Removing rwstdexcept.o(.constdata__ZTISt8messagesIcE), (32 bytes).
    Removing rwstdexcept.o(.constdata__ZTISt14__rw_exception), (12 bytes).
    Removing rwstdexcept.o(.constdata__ZTISt18__rw_messages_base), (12 bytes).
    Removing rwstdexcept.o(.constdata__ZTSSt8messagesIcE), (15 bytes).
    Removing rwstdexcept.o(.constdata__ZTSSt14__rw_exception), (19 bytes).
    Removing rwstdexcept.o(.constdata__ZTISt13messages_base), (8 bytes).
    Removing rwstdexcept.o(.constdata__ZTSSt18__rw_messages_base), (23 bytes).
    Removing rwstdexcept.o(.constdata__ZTSSt13messages_base), (18 bytes).
    Removing rwstdexcept.o(.ARM.exidx), (8 bytes).
    Removing rwstdexcept.o(i._ZNSt14__rw_exceptionD0Ev), (16 bytes).
    Removing rwstdexcept.o(.ARM.exidx), (8 bytes).
    Removing rwstdexcept.o(.ARM.exidx), (8 bytes).
    Removing char.o(.constdata__ZTVSt7collateIcE), (32 bytes).
    Removing char.o(.constdata__ZTVSt14collate_bynameIcE), (32 bytes).
    Removing char.o(t._ZNSsC1EPKcjRKSaIcE), (100 bytes).
    Removing char.o(.ARM.exidx), (8 bytes).
    Removing char.o(t._ZNSs5beginEv), (88 bytes).
    Removing char.o(.ARM.exidx), (8 bytes).
    Removing char.o(.ARM.exidx), (8 bytes).
    Removing char.o(t._ZNK4__rw17__rw_collate_dataIcE13_C_coll_orderEc), (58 bytes).
    Removing char.o(.ARM.exidx), (8 bytes).
    Removing char.o(t._ZNKSt7collateIcE10do_compareEPKcS2_S2_S2_), (100 bytes).
    Removing char.o(.ARM.exidx), (8 bytes).
    Removing char.o(t._ZNKSt7collateIcE12do_transformEPKcS2_), (68 bytes).
    Removing char.o(t._ZNKSt7collateIcE12do_transformEPKcS2_.clean), (10 bytes).
    Removing char.o(.ARM.extab), (16 bytes).
    Removing char.o(.ARM.exidx), (8 bytes).
    Removing char.o(.ARM.exidx), (8 bytes).
    Removing char.o(t._ZNKSt7collateIcE7do_hashEPKcS2_), (74 bytes).
    Removing char.o(t._ZNKSt7collateIcE7do_hashEPKcS2_.clean), (4 bytes).
    Removing char.o(.ARM.exidx), (8 bytes).
    Removing char.o(.ARM.exidx), (8 bytes).
    Removing char.o(i._ZNSt7collateIcED1Ev), (2 bytes).
    Removing char.o(.ARM.exidx), (8 bytes).
    Removing char.o(i._ZNSt14collate_bynameIcED1Ev), (28 bytes).
    Removing char.o(i._ZNSt14collate_bynameIcED1Ev.clean), (10 bytes).
    Removing char.o(.ARM.extab), (16 bytes).
    Removing char.o(.ARM.exidx), (8 bytes).
    Removing char.o(.ARM.exidx), (8 bytes).
    Removing char.o(t._ZNSaIcEC1Ev), (2 bytes).
    Removing char.o(.ARM.exidx), (8 bytes).
    Removing char.o(.ARM.exidx), (8 bytes).
    Removing char.o(.ARM.exidx), (8 bytes).
    Removing char.o(i._ZNKSt5ctypeIcE10do_toupperEPcPKc), (50 bytes).
    Removing char.o(.ARM.exidx), (8 bytes).
    Removing char.o(i._ZNKSt5ctypeIcE10do_tolowerEPcPKc), (50 bytes).
    Removing char.o(.ARM.exidx), (8 bytes).
    Removing char.o(i._ZNKSt5ctypeIcE10do_toupperEc), (36 bytes).
    Removing char.o(.ARM.exidx), (8 bytes).
    Removing char.o(i._ZNKSt5ctypeIcE10do_tolowerEc), (36 bytes).
    Removing char.o(.ARM.exidx), (8 bytes).
    Removing char.o(.ARM.exidx), (8 bytes).
    Removing char.o(i._ZNKSt5ctypeIcE8do_widenEPKcS2_Pc), (20 bytes).
    Removing char.o(.ARM.exidx), (8 bytes).
    Removing char.o(i._ZNKSt5ctypeIcE9do_narrowEcc), (4 bytes).
    Removing char.o(.ARM.exidx), (8 bytes).
    Removing char.o(i._ZNKSt5ctypeIcE9do_narrowEPKcS2_cPc), (20 bytes).
    Removing char.o(.ARM.exidx), (8 bytes).
    Removing char.o(.ARM.exidx), (8 bytes).
    Removing char.o(i._ZNSt7collateIcED0Ev), (12 bytes).
    Removing char.o(.ARM.exidx), (8 bytes).
    Removing char.o(i._ZNSt14collate_bynameIcED0Ev), (16 bytes).
    Removing char.o(.ARM.exidx), (8 bytes).
    Removing char.o(.constdata__ZTISt5ctypeIcE), (40 bytes).
    Removing char.o(.constdata__ZTISt7collateIcE), (32 bytes).
    Removing char.o(.constdata__ZTISt14collate_bynameIcE), (12 bytes).
    Removing char.o(.constdata__ZTISt12ctype_bynameIcE), (12 bytes).
    Removing char.o(.constdata__ZTIN4__rw17__rw_ctype_helperIcEE), (8 bytes).
    Removing char.o(.constdata__ZTSSt5ctypeIcE), (12 bytes).
    Removing char.o(.constdata__ZTIN4__rw17__rw_collate_implIcEE), (12 bytes).
    Removing char.o(.constdata__ZTSSt7collateIcE), (14 bytes).
    Removing char.o(.constdata__ZTSSt14collate_bynameIcE), (22 bytes).
    Removing char.o(.constdata__ZTSN4__rw17__rw_ctype_helperIcEE), (30 bytes).
    Removing char.o(.constdata__ZTSSt12ctype_bynameIcE), (20 bytes).
    Removing char.o(.constdata__ZTIN4__rw17__rw_collate_dataIcEE), (8 bytes).
    Removing char.o(.constdata__ZTSN4__rw17__rw_collate_implIcEE), (30 bytes).
    Removing char.o(.constdata__ZTSN4__rw17__rw_collate_dataIcEE), (30 bytes).
    Removing char.o(i._ZNSt12ctype_bynameIcED1Ev), (12 bytes).
    Removing char.o(.ARM.exidx), (8 bytes).
    Removing char.o(.ARM.exidx), (8 bytes).
    Removing char.o(i.__ARM_common_call_via_r4), (2 bytes).
    Removing char.o(.ARM.exidx), (8 bytes).
    Removing locale.o(.constdata__ZTVSt14codecvt_bynameIwcSt11__mbstate_tE), (48 bytes).
    Removing locale.o(.ARM.exidx), (8 bytes).
    Removing locale.o(.ARM.exidx), (8 bytes).
    Removing locale.o(.ARM.exidx), (8 bytes).
    Removing locale.o(.ARM.exidx), (8 bytes).
    Removing locale.o(i._ZN4__rw15__rw_locale_impD1Ev.clean), (10 bytes).
    Removing locale.o(.ARM.extab), (16 bytes).
    Removing locale.o(.ARM.exidx), (8 bytes).
    Removing locale.o(.ARM.exidx), (8 bytes).
    Removing locale.o(i._ZN4__rw15__rw_locale_impC1EPKcjj.clean), (28 bytes).
    Removing locale.o(.ARM.extab), (40 bytes).
    Removing locale.o(.ARM.exidx), (8 bytes).
    Removing locale.o(.ARM.exidx), (8 bytes).
    Removing locale.o(i._ZNSt6locale16_C_remove_facetsEi), (88 bytes).
    Removing locale.o(.ARM.exidx), (8 bytes).
    Removing locale.o(i._ZN4__rw15__rw_locale_impC1ERKS0_PKcj), (184 bytes).
    Removing locale.o(i._ZN4__rw15__rw_locale_impC1ERKS0_PKcj.clean), (22 bytes).
    Removing locale.o(.ARM.extab), (24 bytes).
    Removing locale.o(.ARM.exidx), (8 bytes).
    Removing locale.o(.ARM.exidx), (8 bytes).
    Removing locale.o(.ARM.exidx), (8 bytes).
    Removing locale.o(.ARM.exidx), (8 bytes).
    Removing locale.o(i._ZNSt14codecvt_bynameIwcSt11__mbstate_tED1Ev), (2 bytes).
    Removing locale.o(.ARM.exidx), (8 bytes).
    Removing locale.o(.ARM.exidx), (8 bytes).
    Removing locale.o(.ARM.exidx), (8 bytes).
    Removing locale.o(.ARM.exidx), (8 bytes).
    Removing locale.o(.ARM.exidx), (8 bytes).
    Removing locale.o(i._ZNKSt14codecvt_bynameIwcSt11__mbstate_tE10do_unshiftERS0_PcS3_RS3_), (56 bytes).
    Removing locale.o(.ARM.exidx), (8 bytes).
    Removing locale.o(i._ZNKSt14codecvt_bynameIwcSt11__mbstate_tE11do_encodingEv), (32 bytes).
    Removing locale.o(.ARM.extab), (16 bytes).
    Removing locale.o(.ARM.exidx), (8 bytes).
    Removing locale.o(i._ZNKSt14codecvt_bynameIwcSt11__mbstate_tE16do_always_noconvEv), (4 bytes).
    Removing locale.o(.ARM.exidx), (8 bytes).
    Removing locale.o(i._ZNKSt14codecvt_bynameIwcSt11__mbstate_tE13do_max_lengthEv), (12 bytes).
    Removing locale.o(.ARM.exidx), (8 bytes).
    Removing locale.o(i._ZNSt14codecvt_bynameIwcSt11__mbstate_tED0Ev), (12 bytes).
    Removing locale.o(.ARM.exidx), (8 bytes).
    Removing locale.o(.constdata__ZTISt14codecvt_bynameIwcSt11__mbstate_tE), (12 bytes).
    Removing locale.o(.constdata__ZTSSt14codecvt_bynameIwcSt11__mbstate_tE), (38 bytes).
    Removing messages.o(i._ZSt13__rw_get_catsv.clean), (16 bytes).
    Removing messages.o(.ARM.extab), (16 bytes).
    Removing messages.o(.ARM.exidx), (8 bytes).
    Removing messages.o(.ARM.exidx), (8 bytes).
    Removing messages.o(t._ZN4__rw18__rw_locale_vectorISt18__rw_open_cat_dataE6resizeEj.clean), (10 bytes).
    Removing messages.o(.ARM.extab), (16 bytes).
    Removing messages.o(.ARM.exidx), (8 bytes).
    Removing messages.o(.ARM.exidx), (8 bytes).
    Removing messages.o(.ARM.exidx), (8 bytes).
    Removing messages.o(.ARM.exidx), (8 bytes).
    Removing messages.o(.ARM.exidx), (8 bytes).
    Removing messages.o(.ARM.exidx), (8 bytes).
    Removing rwcats.o(.ARM.exidx), (8 bytes).

917 unused section(s) (total 35363 bytes) removed from the image.

==============================================================================

Memory Map of the image

  Image Entry point : 0x00000000

  Load Region LR_IROM1 (Base: 0x00000000, Size: 0x0000f57c, Max: 0xffffffff, ABSOLUTE)

    Execution Region ER_IROM1 (Base: 0x00000000, Size: 0x0000f478, Max: 0x00080000, ABSOLUTE)

    Base Addr    Size         Type   Attr      Idx    E Section Name        Object

    0x00000000   0x0000016c   Code   RO            3    RESET               lpc2300.o
    0x0000016c   0x00000008   Code   RO         2464  * !!!main             c_t.l(__main.o)
    0x00000174   0x00000000   Code   RO         2410    .ARM.Collect$$_printf_percent$$00000000  c_t.l(_printf_percent.o)
    0x00000174   0x00000008   Code   RO         4508    .ARM.Collect$$_printf_percent$$00000001  c_t.l(_printf_n.o)
    0x0000017c   0x00000008   Code   RO         4510    .ARM.Collect$$_printf_percent$$00000002  c_t.l(_printf_p.o)
    0x00000184   0x00000008   Code   RO         2409    .ARM.Collect$$_printf_percent$$00000003  c_t.l(_printf_f.o)
    0x0000018c   0x00000008   Code   RO         4514    .ARM.Collect$$_printf_percent$$00000004  c_t.l(_printf_e.o)
    0x00000194   0x00000008   Code   RO         4515    .ARM.Collect$$_printf_percent$$00000005  c_t.l(_printf_g.o)
    0x0000019c   0x00000008   Code   RO         4516    .ARM.Collect$$_printf_percent$$00000006  c_t.l(_printf_a.o)
    0x000001a4   0x0000000c   Code   RO         4520    .ARM.Collect$$_printf_percent$$00000007  c_t.l(_printf_ll.o)
    0x000001b0   0x00000008   Code   RO         4512    .ARM.Collect$$_printf_percent$$00000008  c_t.l(_printf_i.o)
    0x000001b8   0x00000008   Code   RO         2408    .ARM.Collect$$_printf_percent$$00000009  c_t.l(_printf_d.o)
    0x000001c0   0x00000008   Code   RO         4513    .ARM.Collect$$_printf_percent$$0000000A  c_t.l(_printf_u.o)
    0x000001c8   0x00000008   Code   RO         4511    .ARM.Collect$$_printf_percent$$0000000B  c_t.l(_printf_o.o)
    0x000001d0   0x00000008   Code   RO         4509    .ARM.Collect$$_printf_percent$$0000000C  c_t.l(_printf_x.o)
    0x000001d8   0x00000008   Code   RO         4517    .ARM.Collect$$_printf_percent$$0000000D  c_t.l(_printf_lli.o)
    0x000001e0   0x00000008   Code   RO         4518    .ARM.Collect$$_printf_percent$$0000000E  c_t.l(_printf_lld.o)
    0x000001e8   0x00000008   Code   RO         4519    .ARM.Collect$$_printf_percent$$0000000F  c_t.l(_printf_llu.o)
    0x000001f0   0x00000008   Code   RO         4524    .ARM.Collect$$_printf_percent$$00000010  c_t.l(_printf_llo.o)
    0x000001f8   0x00000008   Code   RO         4525    .ARM.Collect$$_printf_percent$$00000011  c_t.l(_printf_llx.o)
    0x00000200   0x0000000c   Code   RO         4521    .ARM.Collect$$_printf_percent$$00000012  c_t.l(_printf_l.o)
    0x0000020c   0x00000008   Code   RO         4507    .ARM.Collect$$_printf_percent$$00000013  c_t.l(_printf_c.o)
    0x00000214   0x00000008   Code   RO         3801    .ARM.Collect$$_printf_percent$$00000014  c_t.l(_printf_s.o)
    0x0000021c   0x00000008   Code   RO         4522    .ARM.Collect$$_printf_percent$$00000015  c_t.l(_printf_lc.o)
    0x00000224   0x00000008   Code   RO         4523    .ARM.Collect$$_printf_percent$$00000016  c_t.l(_printf_ls.o)
    0x0000022c   0x00000008   Code   RO         3802    .ARM.Collect$$_printf_percent$$00000017  c_t.l(_printf_percent_end.o)
    0x00000234   0x00000006   Code   RO         4824    .ARM.Collect$$libinit$$00000000  c_t.l(libinit.o)
    0x0000023a   0x00000008   Code   RO         3854    .ARM.Collect$$libinit$$00000001  c_t.l(libinit2.o)
    0x00000242   0x00000000   Code   RO         3856    .ARM.Collect$$libinit$$00000006  c_t.l(libinit2.o)
    0x00000242   0x00000000   Code   RO         3858    .ARM.Collect$$libinit$$00000008  c_t.l(libinit2.o)
    0x00000242   0x00000000   Code   RO         3860    .ARM.Collect$$libinit$$0000000A  c_t.l(libinit2.o)
    0x00000242   0x00000006   Code   RO         3861    .ARM.Collect$$libinit$$0000000B  c_t.l(libinit2.o)
    0x00000248   0x00000000   Code   RO         3863    .ARM.Collect$$libinit$$0000000D  c_t.l(libinit2.o)
    0x00000248   0x0000000c   Code   RO         3864    .ARM.Collect$$libinit$$0000000E  c_t.l(libinit2.o)
    0x00000254   0x00000000   Code   RO         3865    .ARM.Collect$$libinit$$0000000F  c_t.l(libinit2.o)
    0x00000254   0x00000000   Code   RO         3867    .ARM.Collect$$libinit$$00000011  c_t.l(libinit2.o)
    0x00000254   0x0000000a   Code   RO         3868    .ARM.Collect$$libinit$$00000012  c_t.l(libinit2.o)
    0x0000025e   0x00000000   Code   RO         3869    .ARM.Collect$$libinit$$00000013  c_t.l(libinit2.o)
    0x0000025e   0x00000000   Code   RO         3871    .ARM.Collect$$libinit$$00000015  c_t.l(libinit2.o)
    0x0000025e   0x00000000   Code   RO         3873    .ARM.Collect$$libinit$$00000017  c_t.l(libinit2.o)
    0x0000025e   0x00000000   Code   RO         3875    .ARM.Collect$$libinit$$00000019  c_t.l(libinit2.o)
    0x0000025e   0x00000000   Code   RO         3877    .ARM.Collect$$libinit$$0000001B  c_t.l(libinit2.o)
    0x0000025e   0x00000000   Code   RO         3879    .ARM.Collect$$libinit$$0000001D  c_t.l(libinit2.o)
    0x0000025e   0x00000000   Code   RO         3881    .ARM.Collect$$libinit$$0000001F  c_t.l(libinit2.o)
    0x0000025e   0x00000004   Code   RO         3882    .ARM.Collect$$libinit$$00000020  c_t.l(libinit2.o)
    0x00000262   0x00000000   Code   RO         3883    .ARM.Collect$$libinit$$00000021  c_t.l(libinit2.o)
    0x00000262   0x00000000   Code   RO         3887    .ARM.Collect$$libinit$$00000028  c_t.l(libinit2.o)
    0x00000262   0x00000000   Code   RO         3889    .ARM.Collect$$libinit$$0000002A  c_t.l(libinit2.o)
    0x00000262   0x00000000   Code   RO         3891    .ARM.Collect$$libinit$$0000002C  c_t.l(libinit2.o)
    0x00000262   0x00000004   Code   RO         3892    .ARM.Collect$$libinit$$0000002D  c_t.l(libinit2.o)
    0x00000266   0x00000000   Code   RO         3893    .ARM.Collect$$libinit$$0000002E  c_t.l(libinit2.o)
    0x00000266   0x0000000c   Code   RO         3894    .ARM.Collect$$libinit$$0000002F  c_t.l(libinit2.o)
    0x00000272   0x00000004   Code   RO         4963    .ARM.Collect$$libshutdown$$00000000  c_t.l(libshutdown.o)
    0x00000276   0x00000006   Code   RO         3895    .ARM.Collect$$libshutdown$$00000001  c_t.l(libshutdown2.o)
    0x0000027c   0x00000004   Code   RO         3896    .ARM.Collect$$libshutdown$$00000002  c_t.l(libshutdown2.o)
    0x00000280   0x00000000   Code   RO         3897    .ARM.Collect$$libshutdown$$00000003  c_t.l(libshutdown2.o)
    0x00000280   0x00000000   Code   RO         3900    .ARM.Collect$$libshutdown$$00000006  c_t.l(libshutdown2.o)
    0x00000280   0x00000000   Code   RO         3903    .ARM.Collect$$libshutdown$$00000009  c_t.l(libshutdown2.o)
    0x00000280   0x00000000   Code   RO         3905    .ARM.Collect$$libshutdown$$0000000B  c_t.l(libshutdown2.o)
    0x00000280   0x00000000   Code   RO         3908    .ARM.Collect$$libshutdown$$0000000E  c_t.l(libshutdown2.o)
    0x00000280   0x00000006   Code   RO         3909    .ARM.Collect$$libshutdown$$0000000F  c_t.l(libshutdown2.o)
    0x00000286   0x00000002   PAD
    0x00000288   0x00000000   Code   RO         3697    .ARM.Collect$$rtentry$$00000000  c_t.l(rtentry.o)
    0x00000288   0x00000000   Code   RO         4397    .ARM.Collect$$rtentry$$00000002  c_t.l(rtentry2.o)
    0x00000288   0x00000008   Code   RO         4412    .ARM.Collect$$rtentry$$00000004  c_t.l(rtentry4.o)
    0x00000290   0x00000000   Code   RO         4399    .ARM.Collect$$rtentry$$00000009  c_t.l(rtentry2.o)
    0x00000290   0x00000004   Code   RO         4400    .ARM.Collect$$rtentry$$0000000A  c_t.l(rtentry2.o)
    0x00000294   0x00000000   Code   RO         4402    .ARM.Collect$$rtentry$$0000000C  c_t.l(rtentry2.o)
    0x00000294   0x00000028   Code   RO         4403    .ARM.Collect$$rtentry$$0000000D  c_t.l(rtentry2.o)
    0x000002bc   0x00000004   Code   RO         4857    .ARM.Collect$$rtexit$$00000000  c_t.l(rtexit.o)
    0x000002c0   0x00000000   Code   RO         4920    .ARM.Collect$$rtexit$$00000002  c_t.l(rtexit2.o)
    0x000002c0   0x00000004   Code   RO         4921    .ARM.Collect$$rtexit$$00000003  c_t.l(rtexit2.o)
    0x000002c4   0x00000008   Code   RO         4922    .ARM.Collect$$rtexit$$00000004  c_t.l(rtexit2.o)
    0x000002cc   0x00000044   Code   RO          109    .emb_text           rta_config.o
    0x00000310   0x00000000   Code   RO         4750    .emb_text           c_t.l(maybetermalloc1.o)
    0x00000310   0x00000024   Code   RO            4    .text               lpc2300.o
    0x00000334   0x00000608   Code   RO           49    .text               mci_lpc23xx.o
    0x0000093c   0x000000fc   Code   RO           73    .text               rtx_config.o
    0x00000a38   0x000002bc   Code   RO          110    .text               rta_config.o
    0x00000cf4   0x0000042c   Code   RO          111    .text               rta_config.o
    0x00001120   0x00000180   Code   RO          165    .text               main.o
    0x000012a0   0x0000042c   Code   RO          417    .text               lcd.o
    0x000016cc   0x0000018c   Code   RO          595    .text               adc.o
    0x00001858   0x00000020   Code   RO          607    .text               dac.o
    0x00001878   0x000018b8   Code   RO          622    .text               portpin.o
    0x00003130   0x00000340   Code   RO          843    .text               serialport.o
    0x00003470   0x000000dc   Code   RO         1415    .text               interrupt.o
    0x0000354c   0x00000210   Code   RO         1416    .text               interrupt.o
    0x0000375c   0x000000f0   Code   RO         1458    .text               attachedtimer.o
    0x0000384c   0x00000114   Code   RO         1459    .text               attachedtimer.o
    0x00003960   0x00000090   Code   RO         1480    .text               stopwatch.o
    0x000039f0   0x000000a4   Code   RO         1481    .text               stopwatch.o
    0x00003a94   0x000000b8   Code   RO         1502    .text               timer.o
    0x00003b4c   0x0000018c   Code   RO         1503    .text               timer.o
    0x00003cd8   0x00000120   Code   RO         1587    .text               buzzer.o
    0x00003df8   0x0000000c   Code   RO         2371    .text               c_t.l(libspace.o)
    0x00003e04   0x00000004   Code   RO         2374    .text               c_t.l(use_no_semi.o)
    0x00003e08   0x00000022   Code   RO         2376    .text               c_t.l(toupper.o)
    0x00003e2a   0x00000002   PAD
    0x00003e2c   0x0000001c   Code   RO         2378    .text               c_t.l(__2printf.o)
    0x00003e48   0x0000002c   Code   RO         2380    .text               c_t.l(__2sprintf.o)
    0x00003e74   0x00000070   Code   RO         2388    .text               c_t.l(_printf_dec.o)
    0x00003ee4   0x000001a8   Code   RO         2405    .text               c_t.l(__printf_flags_ss_wp.o)
    0x0000408c   0x00000050   Code   RO         2417    .text               c_t.l(fclose.o)
    0x000040dc   0x0000014c   Code   RO         2423    .text               c_t.l(fopen_locked.o)
    0x00004228   0x00000076   Code   RO         2428    .text               c_t.l(memcmp.o)
    0x0000429e   0x00000002   PAD
    0x000042a0   0x00000044   Code   RO         2430    .text               c_t.l(strlen.o)
    0x000042e4   0x000000d4   Code   RO         2432    .text               c_t.l(rt_memcpy.o)
    0x000043b8   0x000000d4   Code   RO         2434    .text               c_t.l(rt_memmove.o)
    0x0000448c   0x00000064   Code   RO         2436    .text               c_t.l(rt_memcpy_w.o)
    0x000044f0   0x00000010   Code   RO         2438    .text               c_t.l(aeabi_memset.o)
    0x00004500   0x00000040   Code   RO         2440    .text               c_t.l(rt_memclr.o)
    0x00004540   0x00000054   Code   RO         2442    .text               c_t.l(rt_memclr_w.o)
    0x00004594   0x000000bc   Code   RO         2444    .text               c_t.l(strcmpfast.o)
    0x00004650   0x0000022c   Code   RO         2446    .text               c_t.l(aeabi_sdivfast.o)
    0x0000487c   0x00000006   Code   RO         2462    .text               c_t.l(heapauxi.o)
    0x00004882   0x00000002   PAD
    0x00004884   0x00000028   Code   RO         2471    .text               c_t.l(init_aeabi.o)
    0x000048ac   0x00000018   Code   RO         3699    .text               c_t.l(rt_ctype_table.o)
    0x000048c4   0x00000014   Code   RO         3710    .text               c_t.l(rt_new_handler_addr_twolibspace.o)
    0x000048d8   0x00000014   Code   RO         3717    .text               c_t.l(rt_ddtor_pointer_addr_twolibspace.o)
    0x000048ec   0x000000a6   Code   RO         3727    .text               c_t.l(h1_alloc_mt.o)
    0x00004992   0x0000007c   Code   RO         3729    .text               c_t.l(h1_free_mt.o)
    0x00004a0e   0x0000001a   Code   RO         3781    .text               c_t.l(_rserrno.o)
    0x00004a28   0x0000003c   Code   RO         3783    .text               c_t.l(c89vsnprintf.o)
    0x00004a64   0x00000016   Code   RO         3785    .text               c_t.l(__2fprintf.o)
    0x00004a7a   0x00000058   Code   RO         3789    .text               c_t.l(_printf_str.o)
    0x00004ad2   0x000000b6   Code   RO         3791    .text               c_t.l(_printf_intcommon.o)
    0x00004b88   0x00000410   Code   RO         3793    .text               c_t.l(_printf_fp_dec.o)
    0x00004f98   0x00000030   Code   RO         3795    .text               c_t.l(_printf_char_common.o)
    0x00004fc8   0x0000000a   Code   RO         3797    .text               c_t.l(_sputc.o)
    0x00004fd2   0x00000002   PAD
    0x00004fd4   0x00000040   Code   RO         3803    .text               c_t.l(__0sscanf.o)
    0x00005014   0x0000015e   Code   RO         3805    .text               c_t.l(_scanf_int.o)
    0x00005172   0x00000002   PAD
    0x00005174   0x000001f8   Code   RO         3811    .text               c_t.l(flsbuf.o)
    0x0000536c   0x000000f8   Code   RO         3813    .text               c_t.l(fseek.o)
    0x00005464   0x00000046   Code   RO         3815    .text               c_t.l(ftell.o)
    0x000054aa   0x00000002   PAD
    0x000054ac   0x000000fc   Code   RO         3819    .text               c_t.l(stdio.o)
    0x000055a8   0x00000024   Code   RO         3830    .text               c_t.l(ftell_locked.o)
    0x000055cc   0x0000002c   Code   RO         3832    .text               c_t.l(fseek_locked.o)
    0x000055f8   0x00000010   Code   RO         3840    .text               c_t.l(abort.o)
    0x00005608   0x00000050   Code   RO         3842    .text               c_t.l(strcpy.o)
    0x00005658   0x00000018   Code   RO         3844    .text               c_t.l(strrchr.o)
    0x00005670   0x0000000e   Code   RO         3846    .text               c_t.l(wmemmove.o)
    0x0000567e   0x00000018   Code   RO         3848    .text               c_t.l(strcat.o)
    0x00005696   0x00000002   PAD
    0x00005698   0x00000080   Code   RO         3850    .text               c_t.l(rt_memmove_w.o)
    0x00005718   0x0000002c   Code   RO         3852    .text               c_t.l(rtudiv10.o)
    0x00005744   0x00000010   Code   RO         4289    .text               cpprt_t.l(aeabi_vec_delete_noexceptions.o)
    0x00005754   0x0000000c   Code   RO         4307    .text               cpprt_t.l(arm_newhandler_noexceptions.o)
    0x00005760   0x00000002   Code   RO         4310    .text               cpprt_t.l(arm_rethrow_noexceptions.o)
    0x00005762   0x00000002   PAD
    0x00005764   0x00000014   Code   RO         4421    .text               c_t.l(rt_heap_descriptor_twolibspace.o)
    0x00005778   0x00000014   Code   RO         4428    .text               c_t.l(rt_locale_twolibspace.o)
    0x0000578c   0x00000004   Code   RO         4435    .text               c_t.l(rt_errno_addr_twolibspace.o)
    0x00005790   0x00000004   Code   RO         4437    .text               c_t.l(hguard.o)
    0x00005794   0x00000094   Code   RO         4439    .text               c_t.l(init_alloc.o)
    0x00005828   0x0000001a   Code   RO         4445    .text               c_t.l(h1_init_mt.o)
    0x00005842   0x00000002   PAD
    0x00005844   0x000000a0   Code   RO         4457    .text               c_t.l(lludiv10.o)
    0x000058e4   0x00000054   Code   RO         4459    .text               c_t.l(_printf_pad.o)
    0x00005938   0x0000002c   Code   RO         4461    .text               c_t.l(_printf_truncate.o)
    0x00005964   0x00000028   Code   RO         4463    .text               c_t.l(_printf_charcount.o)
    0x0000598c   0x00000010   Code   RO         4465    .text               c_t.l(_snputc.o)
    0x0000599c   0x0000008c   Code   RO         4467    .text               c_t.l(_printf_fp_infnan.o)
    0x00005a28   0x00000032   Code   RO         4471    .text               c_t.l(_printf_char.o)
    0x00005a5a   0x00000002   PAD
    0x00005a5c   0x00000040   Code   RO         4473    .text               c_t.l(_printf_char_file_locked.o)
    0x00005a9c   0x000000c0   Code   RO         4475    .text               c_t.l(_printf_wctomb.o)
    0x00005b5c   0x00000074   Code   RO         4478    .text               c_t.l(_printf_longlong_dec.o)
    0x00005bd0   0x00000078   Code   RO         4484    .text               c_t.l(_printf_oct_int_ll.o)
    0x00005c48   0x000000a0   Code   RO         4504    .text               c_t.l(_printf_hex_int_ll_ptr.o)
    0x00005ce8   0x00000022   Code   RO         4526    .text               c_t.l(_chval.o)
    0x00005d0a   0x00000002   PAD
    0x00005d0c   0x00000038   Code   RO         4528    .text               c_t.l(scanf_char.o)
    0x00005d44   0x00000046   Code   RO         4530    .text               c_t.l(_sgetc.o)
    0x00005d8a   0x00000002   PAD
    0x00005d8c   0x000000d8   Code   RO         4532    .text               c_t.l(bigflt0.o)
    0x00005e64   0x000000e0   Code   RO         4567    .text               c_t.l(fwritefast_locked.o)
    0x00005f44   0x000001d4   Code   RO         4569    .text               c_t.l(initio_locked.o)
    0x00006118   0x00000018   Code   RO         4571    .text               c_t.l(locale.o)
    0x00006130   0x00000010   Code   RO         4589    .text               c_t.l(defsig_abrt_outer.o)
    0x00006140   0x00000010   Code   RO         4599    .text               c_t.l(memcpy.o)
    0x00006150   0x00000010   Code   RO         4601    .text               c_t.l(memmove.o)
    0x00006160   0x00000058   Code   RO         4710    .text               cpprt_t.l(arm_exceptions_globs.o)
    0x000061b8   0x00000020   Code   RO         4717    .text               cpprt_t.l(arm_exceptions_terminate.o)
    0x000061d8   0x00000060   Code   RO         4737    .text               c_t.l(sys_stackheap_outer.o)
    0x00006238   0x00000014   Code   RO         4746    .text               c_t.l(rt_eh_globals_addr_twolibspace.o)
    0x0000624c   0x0000003a   Code   RO         4756    .text               c_t.l(h1_extend_mt.o)
    0x00006286   0x00000016   Code   RO         4758    .text               c_t.l(isspace.o)
    0x0000629c   0x00000032   Code   RO         4760    .text               c_t.l(_printf_wchar.o)
    0x000062ce   0x00000002   PAD
    0x000062d0   0x000003d0   Code   RO         4764    .text               c_t.l(_scanf.o)
    0x000066a0   0x00000070   Code   RO         4780    .text               c_t.l(setvbuf_locked.o)
    0x00006710   0x000001a4   Code   RO         4784    .text               c_t.l(locale_r.o)
    0x000068b4   0x0000004a   Code   RO         4788    .text               c_t.l(_wcrtomb.o)
    0x000068fe   0x0000000c   Code   RO         4793    .text               c_t.l(exit.o)
    0x0000690a   0x00000010   Code   RO         4795    .text               c_t.l(defsig_exit.o)
    0x0000691a   0x00000002   PAD
    0x0000691c   0x00000034   Code   RO         4797    .text               c_t.l(defsig_abrt_inner.o)
    0x00006950   0x00000010   Code   RO         4803    .text               c_t.l(defsig_rtred_outer.o)
    0x00006960   0x00000010   Code   RO         4807    .text               c_t.l(defsig_rtmem_outer.o)
    0x00006970   0x00000028   Code   RO         4833    .text               cpprt_t.l(aeabi_vec_dtor_noexceptions.o)
    0x00006998   0x00000046   Code   RO         4839    .text               cpprt_t.l(arm_exceptions_mem.o)
    0x000069de   0x00000038   Code   RO         4896    .text               c_t.l(defsig_general.o)
    0x00006a16   0x00000002   PAD
    0x00006a18   0x00000038   Code   RO         4900    .text               c_t.l(defsig_rtred_inner.o)
    0x00006a50   0x00000050   Code   RO         4902    .text               c_t.l(defsig_rtmem_inner.o)
    0x00006aa0   0x00000014   Code   RO         4932    .text               c_t.l(rt_fp_status_addr_twolibspace.o)
    0x00006ab4   0x0000001e   Code   RO         4948    .text               cpprt_t.l(ARM_vec_cleanup_noexceptions.o)
    0x00006ad2   0x00000002   PAD
    0x00006ad4   0x00000030   Code   RO         2447    .text_udiv          c_t.l(aeabi_sdivfast.o)
    0x00006b04   0x00000038   Code   RO         4535    CL$$btod_d2e        c_t.l(btod.o)
    0x00006b3c   0x00000054   Code   RO         4537    CL$$btod_d2e_denorm_low  c_t.l(btod.o)
    0x00006b90   0x00000068   Code   RO         4536    CL$$btod_d2e_norm_op1  c_t.l(btod.o)
    0x00006bf8   0x0000034c   Code   RO         4545    CL$$btod_div_common  c_t.l(btod.o)
    0x00006f44   0x000000dc   Code   RO         4542    CL$$btod_e2e        c_t.l(btod.o)
    0x00007020   0x00000034   Code   RO         4539    CL$$btod_ediv       c_t.l(btod.o)
    0x00007054   0x00000034   Code   RO         4538    CL$$btod_emul       c_t.l(btod.o)
    0x00007088   0x00000268   Code   RO         4544    CL$$btod_mult_common  c_t.l(btod.o)
    0x000072f0   0x00000018   Code   RO         4067    i.<Func5>           cpp_ts.l(locale.o)
    0x00007308   0x00000024   Code   RO         4609    i._Z7catgetsPN4__rw8__rw_catEiiPKc  cpp_ts.l(rwcats.o)
    0x0000732c   0x00000026   Code   RO         4610    i._Z7catopenPKci    cpp_ts.l(rwcats.o)
    0x00007352   0x00000002   PAD
    0x00007354   0x00000068   Code   RO         3459    i._ZN4__rw10__rw_throwEiz  cpp_ts.l(rwstdexcept.o)
    0x000073bc   0x00000016   Code   RO         2875    i._ZN4__rw11__rw_file_t11_C_get_modeEi  cpp_ts.l(ios.o)
    0x000073d2   0x00000020   Code   RO         3053    i._ZN4__rw11__rw_file_t7_C_seekEli  cpp_ts.l(ios.o)
    0x000073f2   0x00000022   Code   RO         2959    i._ZN4__rw11__rw_file_t8_C_writeEPKvjj  cpp_ts.l(ios.o)
    0x00007414   0x00000060   Code   RO         2627    i._ZN4__rw11__rw_file_tC1Ei  cpp_ts.l(ios.o)
    0x00007474   0x00000026   Code   RO         3409    i._ZN4__rw13__rw_allocateEji  cpp_ts.l(rwalloc.o)
    0x0000749a   0x0000005a   Code   RO         3460    i._ZN4__rw13__rw_vfmatstrEPcjPKcSt9__va_list  cpp_ts.l(rwstdexcept.o)
    0x000074f4   0x00000170   Code   RO         3461    i._ZN4__rw13__rw_vfmatstrEPcjiSt9__va_list  cpp_ts.l(rwstdexcept.o)
    0x00007664   0x0000000c   Code   RO         3410    i._ZN4__rw15__rw_deallocateEPvji  cpp_ts.l(rwalloc.o)
    0x00007670   0x00000002   Code   RO         3308    i._ZN4__rw15__rw_facet_base12_C_initfacetERKSt6locale  cpp_ts.l(ios.o)
    0x00007672   0x00000002   PAD
    0x00007674   0x000000e8   Code   RO         4176    i._ZN4__rw15__rw_locale_impC1EPKcjj  cpp_ts.l(locale.o)
    0x0000775c   0x0000001e   Code   RO         4170    i._ZN4__rw15__rw_locale_impD1Ev  cpp_ts.l(locale.o)
    0x0000777a   0x0000003c   Code   RO         4068    i._ZN4__rw21__rw_use_c_lib_localeC1EPKci  cpp_ts.l(locale.o)
    0x000077b6   0x0000001e   Code   RO         4032    i._ZN4__rw21__rw_use_c_lib_localeD1Ev  cpp_ts.l(char.o)
    0x000077d4   0x00000098   Code   RO         4633    i._ZN4__rw25__rw_throw_exception_noexEiPc  cpp_ts.l(rwthrowproc_impl_noex.o)
    0x0000786c   0x00000038   Code   RO         4613    i._ZN4__rw9__catfindEPNS_8__rw_catE  cpp_ts.l(rwcats.o)
    0x000078a4   0x0000000a   Code   RO         3047    i._ZNK4__rw11__rw_file_t10_C_is_openEv  cpp_ts.l(ios.o)
    0x000078ae   0x00000004   Code   RO         3546    i._ZNKSt14__rw_exception4whatEv  cpp_ts.l(rwstdexcept.o)
    0x000078b2   0x00000072   Code   RO         4234    i._ZNKSt18__rw_messages_base11_C_cat_openERKSsRKSt6locale  cpp_ts.l(messages.o)
    0x00007924   0x00000022   Code   RO         4237    i._ZNKSt18__rw_messages_base13_C_get_localeEi  cpp_ts.l(messages.o)
    0x00007946   0x0000003a   Code   RO         4238    i._ZNKSt18__rw_messages_base14_C_get_messageEiii  cpp_ts.l(messages.o)
    0x00007980   0x0000000e   Code   RO         4002    i._ZNKSt5ctypeIcE2isENSt10ctype_base4maskEc  cpp_ts.l(char.o)
    0x0000798e   0x00000004   Code   RO         4020    i._ZNKSt5ctypeIcE8do_widenEc  cpp_ts.l(char.o)
    0x00007992   0x00000004   Code   RO         3185    i._ZNKSt5ctypeIwE8do_widenEc  cpp_ts.l(ios.o)
    0x00007996   0x00000032   Code   RO         2585    i._ZNKSt6locale12_C_use_facetERKNS_2idEbiPFPN4__rw15__rw_facet_baseEiPKcjE  cpp_ts.l(ios.o)
    0x000079c8   0x00000108   Code   RO         4073    i._ZNKSt6locale13_C_make_facetERKNS_2idEbiPFPN4__rw15__rw_facet_baseEiPKcjE  cpp_ts.l(locale.o)
    0x00007ad0   0x00000080   Code   RO         4075    i._ZNKSt6locale16_C_install_facetEPN4__rw15__rw_facet_baseERKNS_2idE  cpp_ts.l(locale.o)
    0x00007b50   0x00000038   Code   RO         4076    i._ZNKSt6locale4nameEv  cpp_ts.l(locale.o)
    0x00007b88   0x00000004   Code   RO         3239    i._ZNKSt7codecvtIccSt11__mbstate_tE11do_encodingEv  cpp_ts.l(ios.o)
    0x00007b8c   0x00000010   Code   RO         2928    i._ZNKSt7codecvtIccSt11__mbstate_tE13always_noconvEv  cpp_ts.l(ios.o)
    0x00007b9c   0x00000004   Code   RO         3242    i._ZNKSt7codecvtIccSt11__mbstate_tE16do_always_noconvEv  cpp_ts.l(ios.o)
    0x00007ba0   0x0000002c   Code   RO         2680    i._ZNKSt7codecvtIccSt11__mbstate_tE3outERS0_PKcS4_RS4_PcS6_RS6_  cpp_ts.l(ios.o)
    0x00007bcc   0x0000000e   Code   RO         3230    i._ZNKSt7codecvtIccSt11__mbstate_tE6do_outERS0_PKcS4_RS4_PcS6_RS6_  cpp_ts.l(ios.o)
    0x00007bda   0x00000010   Code   RO         2923    i._ZNKSt7codecvtIccSt11__mbstate_tE8encodingEv  cpp_ts.l(ios.o)
    0x00007bea   0x00000004   Code   RO         3269    i._ZNKSt7codecvtIwcSt11__mbstate_tE11do_encodingEv  cpp_ts.l(ios.o)
    0x00007bee   0x00000010   Code   RO         2946    i._ZNKSt7codecvtIwcSt11__mbstate_tE13always_noconvEv  cpp_ts.l(ios.o)
    0x00007bfe   0x00000004   Code   RO         3266    i._ZNKSt7codecvtIwcSt11__mbstate_tE16do_always_noconvEv  cpp_ts.l(ios.o)
    0x00007c02   0x0000002c   Code   RO         2684    i._ZNKSt7codecvtIwcSt11__mbstate_tE3outERS0_PKwS4_RS4_PcS6_RS6_  cpp_ts.l(ios.o)
    0x00007c2e   0x00000030   Code   RO         3257    i._ZNKSt7codecvtIwcSt11__mbstate_tE6do_outERS0_PKwS4_RS4_PcS6_RS6_  cpp_ts.l(ios.o)
    0x00007c5e   0x00000010   Code   RO         2941    i._ZNKSt7codecvtIwcSt11__mbstate_tE8encodingEv  cpp_ts.l(ios.o)
    0x00007c6e   0x00000010   Code   RO         2809    i._ZNSt11char_traitsIcE4copyEPcPKcj  cpp_ts.l(ios.o)
    0x00007c7e   0x00000010   Code   RO         2806    i._ZNSt11char_traitsIcE4moveEPcPKcj  cpp_ts.l(ios.o)
    0x00007c8e   0x0000001a   Code   RO         2812    i._ZNSt11char_traitsIcE7not_eofERKi  cpp_ts.l(ios.o)
    0x00007ca8   0x00000010   Code   RO         2815    i._ZNSt11char_traitsIwE4moveEPwPKwj  cpp_ts.l(ios.o)
    0x00007cb8   0x0000001a   Code   RO         2818    i._ZNSt11char_traitsIwE7not_eofERKi  cpp_ts.l(ios.o)
    0x00007cd2   0x00000002   PAD
    0x00007cd4   0x000000d0   Code   RO         3918    i._ZNSt12ctype_bynameIcE17_C_get_mask_tableEPKc  cpp_ts.l(char.o)
    0x00007da4   0x00000144   Code   RO         3920    i._ZNSt12ctype_bynameIcEC1EPKcj  cpp_ts.l(char.o)
    0x00007ee8   0x00000010   Code   RO         4061    i._ZNSt12ctype_bynameIcED0Ev  cpp_ts.l(char.o)
    0x00007ef8   0x0000008c   Code   RO         3465    i._ZNSt14__rw_exception10_C_vformatEiSt9__va_list  cpp_ts.l(rwstdexcept.o)
    0x00007f84   0x00000018   Code   RO         3517    i._ZNSt14__rw_exceptionC1Ev  cpp_ts.l(rwstdexcept.o)
    0x00007f9c   0x00000020   Code   RO         3540    i._ZNSt14__rw_exceptionD1Ev  cpp_ts.l(rwstdexcept.o)
    0x00007fbc   0x0000001e   Code   RO         4273    i._ZNSt18__rw_open_cat_dataC1Ev  cpp_ts.l(messages.o)
    0x00007fda   0x00000010   Code   RO         4270    i._ZNSt18__rw_open_cat_dataD1Ev  cpp_ts.l(messages.o)
    0x00007fea   0x00000016   Code   RO         4276    i._ZNSt18__rw_open_cat_dataaSERKS_  cpp_ts.l(messages.o)
    0x00008000   0x0000011e   Code   RO         3922    i._ZNSt5ctypeIcE12_C_initfacetERKSt6locale  cpp_ts.l(char.o)
    0x0000811e   0x00000002   PAD
    0x00008120   0x00000138   Code   RO         3924    i._ZNSt5ctypeIcEC1EPKNSt10ctype_base4maskEbj  cpp_ts.l(char.o)
    0x00008258   0x00000010   Code   RO         4005    i._ZNSt5ctypeIcED0Ev  cpp_ts.l(char.o)
    0x00008268   0x0000002c   Code   RO         3968    i._ZNSt5ctypeIcED1Ev  cpp_ts.l(char.o)
    0x00008294   0x0000001c   Code   RO         2849    i._ZNSt5ctypeIwEC1Ej  cpp_ts.l(ios.o)
    0x000082b0   0x0000000c   Code   RO         3197    i._ZNSt5ctypeIwED0Ev  cpp_ts.l(ios.o)
    0x000082bc   0x00000014   Code   RO         3044    i._ZNSt6locale5facetC1Eji  cpp_ts.l(ios.o)
    0x000082d0   0x0000000c   Code   RO         3152    i._ZNSt6locale5facetD0Ev  cpp_ts.l(ios.o)
    0x000082dc   0x0000008c   Code   RO         4079    i._ZNSt6locale7_C_initEv  cpp_ts.l(locale.o)
    0x00008368   0x0000004c   Code   RO         4081    i._ZNSt6locale7classicEv  cpp_ts.l(locale.o)
    0x000083b4   0x00000028   Code   RO         4210    i._ZNSt6localeC1EPN4__rw15__rw_locale_impE  cpp_ts.l(locale.o)
    0x000083dc   0x0000000c   Code   RO         2837    i._ZNSt6localeC1ERKS_  cpp_ts.l(ios.o)
    0x000083e8   0x00000028   Code   RO         2833    i._ZNSt6localeC1Ev  cpp_ts.l(ios.o)
    0x00008410   0x00000028   Code   RO         4192    i._ZNSt6localeD1Ev  cpp_ts.l(locale.o)
    0x00008438   0x00000038   Code   RO         4089    i._ZNSt6localeaSERKS_  cpp_ts.l(locale.o)
    0x00008470   0x00000018   Code   RO         2920    i._ZNSt7codecvtIccSt11__mbstate_tEC1Ej  cpp_ts.l(ios.o)
    0x00008488   0x0000000c   Code   RO         3254    i._ZNSt7codecvtIccSt11__mbstate_tED0Ev  cpp_ts.l(ios.o)
    0x00008494   0x00000018   Code   RO         2938    i._ZNSt7codecvtIwcSt11__mbstate_tEC1Ej  cpp_ts.l(ios.o)
    0x000084ac   0x0000000c   Code   RO         3281    i._ZNSt7codecvtIwcSt11__mbstate_tED0Ev  cpp_ts.l(ios.o)
    0x000084b8   0x0000032c   Code   RO         2485    i._ZNSt8ios_base4InitC1Ev  cpp_ts.l(ios.o)
    0x000087e4   0x000000ac   Code   RO         2487    i._ZNSt8ios_base4InitD1Ev  cpp_ts.l(ios.o)
    0x00008890   0x00000028   Code   RO         2600    i._ZNSt8ios_baseC1Ev  cpp_ts.l(ios.o)
    0x000088b8   0x00000010   Code   RO         3526    i._ZNSt8messagesIcED0Ev  cpp_ts.l(rwstdexcept.o)
    0x000088c8   0x00000012   Code   RO         3511    i._ZNSt8messagesIcED1Ev  cpp_ts.l(rwstdexcept.o)
    0x000088da   0x00000002   PAD
    0x000088dc   0x0000000c   Code   RO         4335    i._ZNSt9exceptionC1Ev  cpprt_t.l(exception_ctor.o)
    0x000088e8   0x00000044   Code   RO         4255    i._ZSt13__rw_get_catsv  cpp_ts.l(messages.o)
    0x0000892c   0x0000000c   Code   RO         4282    i._ZdaPv            cpprt_t.l(array_del.o)
    0x00008938   0x0000000c   Code   RO         3549    i._ZdlPv            cpprt_t.l(delete.o)
    0x00008944   0x0000000c   Code   RO         4285    i._Znaj             cpprt_t.l(array_new.o)
    0x00008950   0x00000030   Code   RO         3552    i._Znwj             cpprt_t.l(new.o)
    0x00008980   0x000000ac   Code   RO         4907    i.__ARM_array_new_general  cpprt_t.l(array_new_general.o)
    0x00008a2c   0x00000002   Code   RO         2476    i.__ARM_common_call_via_r0  c_t.l(init_aeabi.o)
    0x00008a2e   0x00000002   Code   RO         3397    i.__ARM_common_call_via_r1  cpp_ts.l(ios.o)
    0x00008a30   0x00000002   Code   RO         3400    i.__ARM_common_call_via_r2  cpp_ts.l(ios.o)
    0x00008a32   0x00000002   Code   RO         3403    i.__ARM_common_call_via_r3  cpp_ts.l(ios.o)
    0x00008a34   0x00000002   Code   RO         3394    i.__ARM_common_call_via_r5  cpp_ts.l(ios.o)
    0x00008a36   0x00000002   Code   RO         3388    i.__ARM_common_call_via_r6  cpp_ts.l(ios.o)
    0x00008a38   0x00000002   Code   RO         3391    i.__ARM_common_call_via_r7  cpp_ts.l(ios.o)
    0x00008a3a   0x00000002   PAD
    0x00008a3c   0x00000018   Code   RO         3406    i.__ARM_common_switch8  cpp_ts.l(ios.o)
    0x00008a54   0x00000030   Code   RO         4383    i.__ARM_fpclassify  m_ts.l(fpclassify.o)
    0x00008a84   0x00000030   Code   RO         3556    i.__aeabi_atexit    cpprt_t.l(aeabi_atexit.o)
    0x00008ab4   0x00000016   Code   RO         4698    i.__aeabi_vec_dtor_cookie  cpprt_t.l(aeabi_vec_dtor_cookie.o)
    0x00008aca   0x00000018   Code   RO         4701    i.__aeabi_vec_new_cookie  cpprt_t.l(aeabi_vec_new_cookie.o)
    0x00008ae2   0x00000048   Code   RO         4326    i.__cxa_finalize    cpprt_t.l(cxa_finalize.o)
    0x00008b2a   0x00000012   Code   RO         4329    i.__cxa_guard_acquire  cpprt_t.l(cxa_guard_acquire.o)
    0x00008b3c   0x00000028   Code   RO         4842    i.__cxa_vec_new     cpprt_t.l(cxa_vec_new.o)
    0x00008b64   0x0000007c   Code   RO         1726    i.__fclose          FS_ARM_L.lib(_fs_fclose.o)
    0x00008be0   0x00000088   Code   RO         1762    i.__flushbuf        FS_ARM_L.lib(_fs_flushbuf.o)
    0x00008c68   0x00000168   Code   RO         1696    i.__fopen           FS_ARM_L.lib(_fs_fopen.o)
    0x00008dd0   0x000000b0   Code   RO         1786    i.__getfsize        FS_ARM_L.lib(_fs_getfsize.o)
    0x00008e80   0x00000100   Code   RO         4385    i.__kernel_poly     m_ts.l(poly.o)
    0x00008f80   0x00000014   Code   RO         4381    i.__mathlib_dbl_underflow  m_ts.l(dunder.o)
    0x00008f94   0x000000ac   Code   RO         1738    i.__read            FS_ARM_L.lib(_fs_read.o)
    0x00009040   0x000000ec   Code   RO         1774    i.__setfpos         FS_ARM_L.lib(_fs_setfpos.o)
    0x0000912c   0x00000010   Code   RO         4090    i.__sti___10_locale_cpp  cpp_ts.l(locale.o)
    0x0000913c   0x0000003c   Code   RO         4614    i.__sti___10_rwcats_cpp  cpp_ts.l(rwcats.o)
    0x00009178   0x00000010   Code   RO         3926    i.__sti___8_char_cpp  cpp_ts.l(char.o)
    0x00009188   0x000000f8   Code   RO         1750    i.__write           FS_ARM_L.lib(_fs_write.o)
    0x00009280   0x00000120   Code   RO         2185    i._fcreate          FS_ARM_L.lib(_fs_fcreate.o)
    0x000093a0   0x00000086   Code   RO         2197    i._fdelete          FS_ARM_L.lib(_fs_fdelete.o)
    0x00009426   0x00000002   PAD
    0x00009428   0x00000110   Code   RO         1798    i.alloc_name        FS_ARM_L.lib(fs_fat.o)
    0x00009538   0x00000048   Code   RO         1799    i.alloc_new_clus    FS_ARM_L.lib(fs_fat.o)
    0x00009580   0x0000006c   Code   RO         1800    i.cache_fat         FS_ARM_L.lib(fs_fat.o)
    0x000095ec   0x0000007a   Code   RO         1801    i.check_lfn         FS_ARM_L.lib(fs_fat.o)
    0x00009666   0x0000000e   Code   RO         1802    i.check_name        FS_ARM_L.lib(fs_fat.o)
    0x00009674   0x000000b4   Code   RO         1803    i.chk_dir_empty     FS_ARM_L.lib(fs_fat.o)
    0x00009728   0x00000048   Code   RO         1805    i.clear_clus        FS_ARM_L.lib(fs_fat.o)
    0x00009770   0x00000024   Code   RO         1806    i.clus_to_sect      FS_ARM_L.lib(fs_fat.o)
    0x00009794   0x000000ae   Code   RO         1808    i.cvt_fatname       FS_ARM_L.lib(fs_fat.o)
    0x00009842   0x00000002   PAD
    0x00009844   0x000000b4   Code   RO         1809    i.delete_entries    FS_ARM_L.lib(fs_fat.o)
    0x000098f8   0x000000ac   Code   RO         1810    i.fat_close_write   FS_ARM_L.lib(fs_fat.o)
    0x000099a4   0x0000005c   Code   RO         1811    i.fat_create        FS_ARM_L.lib(fs_fat.o)
    0x00009a00   0x00000068   Code   RO         1812    i.fat_delete        FS_ARM_L.lib(fs_fat.o)
    0x00009a68   0x00000080   Code   RO         1814    i.fat_find_dir      FS_ARM_L.lib(fs_fat.o)
    0x00009ae8   0x00000054   Code   RO         1815    i.fat_find_file     FS_ARM_L.lib(fs_fat.o)
    0x00009b3c   0x000000bc   Code   RO         1819    i.fat_read          FS_ARM_L.lib(fs_fat.o)
    0x00009bf8   0x0000004c   Code   RO         1821    i.fat_set_fpos      FS_ARM_L.lib(fs_fat.o)
    0x00009c44   0x000000dc   Code   RO         1822    i.fat_write         FS_ARM_L.lib(fs_fat.o)
    0x00009d20   0x0000000e   Code   RO         1823    i.find_name         FS_ARM_L.lib(fs_fat.o)
    0x00009d2e   0x00000020   Code   RO         2137    i.fn_cmp            FS_ARM_L.lib(fs_lib.o)
    0x00009d4e   0x00000024   Code   RO         2412    i.fputc             c_t.l(fputc.o)
    0x00009d72   0x000000aa   Code   RO         2209    i.fs_AllocBlock     FS_ARM_L.lib(_fs_flashio.o)
    0x00009e1c   0x0000005e   Code   RO         2210    i.fs_BlockFull      FS_ARM_L.lib(_fs_flashio.o)
    0x00009e7a   0x00000036   Code   RO         2211    i.fs_BlockInvalid   FS_ARM_L.lib(_fs_flashio.o)
    0x00009eb0   0x00000004   Code   RO         2303    i.fs_EraseSector    FS_ARM_L.lib(fs_flashprg.o)
    0x00009eb4   0x000000b4   Code   RO         2212    i.fs_Find_File      FS_ARM_L.lib(_fs_flashio.o)
    0x00009f68   0x0000004c   Code   RO         2213    i.fs_InitBlock      FS_ARM_L.lib(_fs_flashio.o)
    0x00009fb4   0x00000004   Code   RO         2305    i.fs_ProgramPage    FS_ARM_L.lib(fs_flashprg.o)
    0x00009fb8   0x00000022   Code   RO         2214    i.fs_ReadBlock      FS_ARM_L.lib(_fs_flashio.o)
    0x00009fda   0x00000016   Code   RO         2138    i.fs_ReadData       FS_ARM_L.lib(fs_lib.o)
    0x00009ff0   0x0000003e   Code   RO         2215    i.fs_WriteBlock     FS_ARM_L.lib(_fs_flashio.o)
    0x0000a02e   0x00000014   Code   RO         2139    i.fs_WriteData      FS_ARM_L.lib(fs_lib.o)
    0x0000a042   0x00000014   Code   RO         2216    i.fs_adr_sig        FS_ARM_L.lib(_fs_flashio.o)
    0x0000a056   0x00000002   PAD
    0x0000a058   0x0000003c   Code   RO         2217    i.fs_check_fwopen   FS_ARM_L.lib(_fs_flashio.o)
    0x0000a094   0x00000038   Code   RO         2140    i.fs_find_iob       FS_ARM_L.lib(fs_lib.o)
    0x0000a0cc   0x00000008   Code   RO         2351    i.fs_get_date       FS_ARM_L.lib(fs_time.o)
    0x0000a0d4   0x00000040   Code   RO         2141    i.fs_get_drive      FS_ARM_L.lib(fs_lib.o)
    0x0000a114   0x00000054   Code   RO         2218    i.fs_get_freeID     FS_ARM_L.lib(_fs_flashio.o)
    0x0000a168   0x0000003c   Code   RO         2219    i.fs_get_freeMem    FS_ARM_L.lib(_fs_flashio.o)
    0x0000a1a4   0x00000006   Code   RO         2352    i.fs_get_time       FS_ARM_L.lib(fs_time.o)
    0x0000a1aa   0x00000078   Code   RO         2220    i.fs_mark_fileMem   FS_ARM_L.lib(_fs_flashio.o)
    0x0000a222   0x00000042   Code   RO         2221    i.fs_mark_freeMem   FS_ARM_L.lib(_fs_flashio.o)
    0x0000a264   0x00000028   Code   RO         2222    i.fs_rd_alloc       FS_ARM_L.lib(_fs_flashio.o)
    0x0000a28c   0x00000024   Code   RO         2223    i.fs_rd_sig         FS_ARM_L.lib(_fs_flashio.o)
    0x0000a2b0   0x00000068   Code   RO         2142    i.fs_set_params     FS_ARM_L.lib(fs_lib.o)
    0x0000a318   0x00000004   Code   RO         2306    i.fs_spi_EraseSector  FS_ARM_L.lib(fs_flashprg.o)
    0x0000a31c   0x00000004   Code   RO         2308    i.fs_spi_ProgramPage  FS_ARM_L.lib(fs_flashprg.o)
    0x0000a320   0x00000004   Code   RO         2309    i.fs_spi_ReadData   FS_ARM_L.lib(fs_flashprg.o)
    0x0000a324   0x00000030   Code   RO         1824    i.get_EOC           FS_ARM_L.lib(fs_fat.o)
    0x0000a354   0x00000034   Code   RO         1826    i.get_date          FS_ARM_L.lib(fs_fat.o)
    0x0000a388   0x00000038   Code   RO         1827    i.get_dir_sect      FS_ARM_L.lib(fs_fat.o)
    0x0000a3c0   0x00000038   Code   RO         1828    i.get_fat_sect      FS_ARM_L.lib(fs_fat.o)
    0x0000a3f8   0x000000ec   Code   RO         1829    i.get_free_clus     FS_ARM_L.lib(fs_fat.o)
    0x0000a4e4   0x00000198   Code   RO         1833    i.get_nt_name       FS_ARM_L.lib(fs_fat.o)
    0x0000a67c   0x00000036   Code   RO         1834    i.get_time          FS_ARM_L.lib(fs_fat.o)
    0x0000a6b2   0x0000000a   Code   RO         1835    i.get_u16           FS_ARM_L.lib(fs_fat.o)
    0x0000a6bc   0x00000018   Code   RO         1836    i.get_u32           FS_ARM_L.lib(fs_fat.o)
    0x0000a6d4   0x0000003c   Code   RO         1838    i.is_EOC            FS_ARM_L.lib(fs_fat.o)
    0x0000a710   0x00000020   Code   RO         1839    i.lfn_calc_chksum   FS_ARM_L.lib(fs_fat.o)
    0x0000a730   0x00000ef8   Code   RO         3686    i.pow               m_ts.l(pow.o)
    0x0000b628   0x00000084   Code   RO         1840    i.read_cache        FS_ARM_L.lib(fs_fat.o)
    0x0000b6ac   0x00000038   Code   RO         1841    i.read_last_entry   FS_ARM_L.lib(fs_fat.o)
    0x0000b6e4   0x00000058   Code   RO         1842    i.read_sector       FS_ARM_L.lib(fs_fat.o)
    0x0000b73c   0x00000230   Code   RO         1844    i.search_for_name   FS_ARM_L.lib(fs_fat.o)
    0x0000b96c   0x00000098   Code   RO         1845    i.set_next_clus     FS_ARM_L.lib(fs_fat.o)
    0x0000ba04   0x00000008   Code   RO         1846    i.set_u16           FS_ARM_L.lib(fs_fat.o)
    0x0000ba0c   0x00000010   Code   RO         1847    i.set_u32           FS_ARM_L.lib(fs_fat.o)
    0x0000ba1c   0x0000006c   Code   RO         4389    i.sqrt              m_ts.l(sqrt.o)
    0x0000ba88   0x00000130   Code   RO         1848    i.unlink_clus_chain  FS_ARM_L.lib(fs_fat.o)
    0x0000bbb8   0x00000018   Code   RO         1849    i.val_char          FS_ARM_L.lib(fs_fat.o)
    0x0000bbd0   0x0000003c   Code   RO         1850    i.val_char_sn       FS_ARM_L.lib(fs_fat.o)
    0x0000bc0c   0x00000094   Code   RO         1852    i.write_cache       FS_ARM_L.lib(fs_fat.o)
    0x0000bca0   0x000000e8   Code   RO         1853    i.write_dot_entries  FS_ARM_L.lib(fs_fat.o)
    0x0000bd88   0x000002d0   Code   RO         1854    i.write_entries     FS_ARM_L.lib(fs_fat.o)
    0x0000c058   0x00000100   Code   RO         1855    i.write_fat_link    FS_ARM_L.lib(fs_fat.o)
    0x0000c158   0x00000074   Code   RO         1856    i.write_fsinfo      FS_ARM_L.lib(fs_fat.o)
    0x0000c1cc   0x00000024   Code   RO         1859    i.write_sector      FS_ARM_L.lib(fs_fat.o)
    0x0000c1f0   0x00000050   Code   RO         4584    locale$$code        c_t.l(lc_ctype_c.o)
    0x0000c240   0x00000050   Code   RO         4587    locale$$code        c_t.l(lc_numeric_c.o)
    0x0000c290   0x00000014   Code   RO         2824    t._ZN4__rw12__string_refIcSt11char_traitsIcESaIcEE10_C_inc_refEv  cpp_ts.l(ios.o)
    0x0000c2a4   0x0000004c   Code   RO         2881    t._ZN4__rw16__rw_facet_makerISt5ctypeIcEE13_C_maker_funcEiPKcj  cpp_ts.l(ios.o)
    0x0000c2f0   0x00000038   Code   RO         2854    t._ZN4__rw16__rw_facet_makerISt5ctypeIwEE13_C_maker_funcEiPKcj  cpp_ts.l(ios.o)
    0x0000c328   0x00000038   Code   RO         3056    t._ZN4__rw16__rw_facet_makerISt7codecvtIccSt11__mbstate_tEE13_C_maker_funcEiPKcj  cpp_ts.l(ios.o)
    0x0000c360   0x00000038   Code   RO         3062    t._ZN4__rw16__rw_facet_makerISt7codecvtIwcSt11__mbstate_tEE13_C_maker_funcEiPKcj  cpp_ts.l(ios.o)
    0x0000c398   0x00000012   Code   RO          903    t._ZN4__rw17__rw_new_capacityIcSt11char_traitsIcESaIcEEEjjPKSbIT_T0_T1_E  serialport.o
    0x0000c3aa   0x0000004e   Code   RO         4195    t._ZN4__rw18__rw_locale_vectorIPNS_15__rw_facet_baseEE6resizeEjRKS2_  cpp_ts.l(locale.o)
    0x0000c3f8   0x00000012   Code   RO         4207    t._ZN4__rw18__rw_locale_vectorIPNS_15__rw_facet_baseEED1Ev  cpp_ts.l(locale.o)
    0x0000c40a   0x00000012   Code   RO         4630    t._ZN4__rw18__rw_locale_vectorIPNS_8__rw_catEED1Ev  cpp_ts.l(rwcats.o)
    0x0000c41c   0x00000018   Code   RO         2840    t._ZN4__rw18__rw_locale_vectorISsED1Ev  cpp_ts.l(ios.o)
    0x0000c434   0x00000084   Code   RO         4261    t._ZN4__rw18__rw_locale_vectorISt18__rw_open_cat_dataE6resizeEj  cpp_ts.l(messages.o)
    0x0000c4b8   0x00000018   Code   RO         4267    t._ZN4__rw18__rw_locale_vectorISt18__rw_open_cat_dataED1Ev  cpp_ts.l(messages.o)
    0x0000c4d0   0x0000001a   Code   RO         2603    t._ZN4__rw23__rw_create_named_facetISt5ctypeIwEEEPT_S4_PKcj  cpp_ts.l(ios.o)
    0x0000c4ea   0x0000001a   Code   RO         2698    t._ZN4__rw23__rw_create_named_facetISt7codecvtIccSt11__mbstate_tEEEPT_S5_PKcj  cpp_ts.l(ios.o)
    0x0000c504   0x0000001a   Code   RO         2751    t._ZN4__rw23__rw_create_named_facetISt7codecvtIwcSt11__mbstate_tEEEPT_S5_PKcj  cpp_ts.l(ios.o)
    0x0000c51e   0x00000002   PAD
    0x0000c520   0x00000064   Code   RO          661    t._ZNKSs7compareEjjPKcj  portpin.o
    0x0000c584   0x0000000e   Code   RO         2984    t._ZNKSt13basic_filebufIcSt11char_traitsIcEE7is_openEv  cpp_ts.l(ios.o)
    0x0000c592   0x0000000e   Code   RO         3031    t._ZNKSt13basic_filebufIwSt11char_traitsIwEE7is_openEv  cpp_ts.l(ios.o)
    0x0000c5a0   0x00000018   Code   RO         2969    t._ZNKSt15basic_streambufIcSt11char_traitsIcEE9_C_is_eofEi  cpp_ts.l(ios.o)
    0x0000c5b8   0x00000018   Code   RO         3019    t._ZNKSt15basic_streambufIwSt11char_traitsIwEE9_C_is_eofEi  cpp_ts.l(ios.o)
    0x0000c5d0   0x00000010   Code   RO         3003    t._ZNKSt4fposISt11__mbstate_tEeqERKS1_  cpp_ts.l(ios.o)
    0x0000c5e0   0x00000020   Code   RO         3009    t._ZNKSt4fposISt11__mbstate_tEplEl  cpp_ts.l(ios.o)
    0x0000c600   0x00000088   Code   RO         3505    t._ZNKSt8messagesIcE6do_getEiiiRKSs  cpp_ts.l(rwstdexcept.o)
    0x0000c688   0x0000000e   Code   RO         3520    t._ZNKSt8messagesIcE7do_openERKSsRKSt6locale  cpp_ts.l(rwstdexcept.o)
    0x0000c696   0x00000002   PAD
    0x0000c698   0x00000044   Code   RO         2644    t._ZNSoC1EPSt15basic_streambufIcSt11char_traitsIcEE  cpp_ts.l(ios.o)
    0x0000c6dc   0x00000032   Code   RO         4158    t._ZNSs11_C_allocateEjjj  cpp_ts.l(locale.o)
    0x0000c70e   0x00000002   PAD
    0x0000c710   0x00000058   Code   RO          863    t._ZNSs5eraseEjj    serialport.o
    0x0000c768   0x00000022   Code   RO         4204    t._ZNSs7replaceEjjPKcj  cpp_ts.l(locale.o)
    0x0000c78a   0x00000002   PAD
    0x0000c78c   0x00000180   Code   RO         2574    t._ZNSs7replaceEjjPKcjjj  cpp_ts.l(ios.o)
    0x0000c90c   0x00000138   Code   RO          869    t._ZNSs7replaceEjjjc  serialport.o
    0x0000ca44   0x00000068   Code   RO          430    t._ZNSs8_C_cloneEj  lcd.o
    0x0000caac   0x00000084   Code   RO         2565    t._ZNSs9_C_getRepEjj  cpp_ts.l(ios.o)
    0x0000cb30   0x00000048   Code   RO         2571    t._ZNSs9_C_unlinkEv  cpp_ts.l(ios.o)
    0x0000cb78   0x0000003c   Code   RO         4161    t._ZNSsC1EPKcRKSaIcE  cpp_ts.l(locale.o)
    0x0000cbb4   0x00000014   Code   RO         4201    t._ZNSsC1ERKSaIcE   cpp_ts.l(locale.o)
    0x0000cbc8   0x00000040   Code   RO         2568    t._ZNSsC1ERKSs      cpp_ts.l(ios.o)
    0x0000cc08   0x00000010   Code   RO         2830    t._ZNSsD1Ev         cpp_ts.l(ios.o)
    0x0000cc18   0x00000054   Code   RO         4167    t._ZNSsaSEPKc       cpp_ts.l(locale.o)
    0x0000cc6c   0x00000042   Code   RO         4164    t._ZNSsaSERKSs      cpp_ts.l(locale.o)
    0x0000ccae   0x00000002   PAD
    0x0000ccb0   0x00000038   Code   RO         1631    t._ZNSsixEj         sdcard.o
    0x0000cce8   0x0000001e   Code   RO         3000    t._ZNSt13basic_filebufIcSt11char_traitsIcEE12_C_file_seekEli  cpp_ts.l(ios.o)
    0x0000cd06   0x0000012e   Code   RO         2740    t._ZNSt13basic_filebufIcSt11char_traitsIcEE4syncEv  cpp_ts.l(ios.o)
    0x0000ce34   0x00000070   Code   RO         2650    t._ZNSt13basic_filebufIcSt11char_traitsIcEE6setbufEPcl  cpp_ts.l(ios.o)
    0x0000cea4   0x00000178   Code   RO         2725    t._ZNSt13basic_filebufIcSt11char_traitsIcEE8overflowEi  cpp_ts.l(ios.o)
    0x0000d01c   0x00000080   Code   RO         2654    t._ZNSt13basic_filebufIcSt11char_traitsIcEEC1EiPcl  cpp_ts.l(ios.o)
    0x0000d09c   0x0000001e   Code   RO         3041    t._ZNSt13basic_filebufIwSt11char_traitsIwEE12_C_file_seekEli  cpp_ts.l(ios.o)
    0x0000d0ba   0x00000136   Code   RO         2793    t._ZNSt13basic_filebufIwSt11char_traitsIwEE4syncEv  cpp_ts.l(ios.o)
    0x0000d1f0   0x00000070   Code   RO         2623    t._ZNSt13basic_filebufIwSt11char_traitsIwEE6setbufEPwl  cpp_ts.l(ios.o)
    0x0000d260   0x0000017c   Code   RO         2778    t._ZNSt13basic_filebufIwSt11char_traitsIwEE8overflowEi  cpp_ts.l(ios.o)
    0x0000d3dc   0x00000080   Code   RO         2630    t._ZNSt13basic_filebufIwSt11char_traitsIwEEC1EiPwl  cpp_ts.l(ios.o)
    0x0000d45c   0x00000044   Code   RO         2617    t._ZNSt13basic_ostreamIwSt11char_traitsIwEEC1EPSt15basic_streambufIwS1_E  cpp_ts.l(ios.o)
    0x0000d4a0   0x00000016   Code   RO         2896    t._ZNSt15basic_streambufIcSt11char_traitsIcEE10_C_own_bufEb  cpp_ts.l(ios.o)
    0x0000d4b6   0x00000012   Code   RO         2975    t._ZNSt15basic_streambufIcSt11char_traitsIcEE11_C_out_lastEb  cpp_ts.l(ios.o)
    0x0000d4c8   0x00000012   Code   RO         2893    t._ZNSt15basic_streambufIcSt11char_traitsIcEE17_C_set_unbufferedEb  cpp_ts.l(ios.o)
    0x0000d4da   0x0000002a   Code   RO         2694    t._ZNSt15basic_streambufIcSt11char_traitsIcEE5sputcEc  cpp_ts.l(ios.o)
    0x0000d504   0x00000002   Code   RO         3314    t._ZNSt15basic_streambufIcSt11char_traitsIcEE6setbufEPcl  cpp_ts.l(ios.o)
    0x0000d506   0x00000006   Code   RO         3333    t._ZNSt15basic_streambufIcSt11char_traitsIcEE8overflowEi  cpp_ts.l(ios.o)
    0x0000d50c   0x00000016   Code   RO         2869    t._ZNSt15basic_streambufIwSt11char_traitsIwEE10_C_own_bufEb  cpp_ts.l(ios.o)
    0x0000d522   0x00000012   Code   RO         3025    t._ZNSt15basic_streambufIwSt11char_traitsIwEE11_C_out_lastEb  cpp_ts.l(ios.o)
    0x0000d534   0x00000012   Code   RO         2866    t._ZNSt15basic_streambufIwSt11char_traitsIwEE17_C_set_unbufferedEb  cpp_ts.l(ios.o)
    0x0000d546   0x0000002c   Code   RO         2747    t._ZNSt15basic_streambufIwSt11char_traitsIwEE5sputcEw  cpp_ts.l(ios.o)
    0x0000d572   0x00000002   Code   RO         3348    t._ZNSt15basic_streambufIwSt11char_traitsIwEE6setbufEPwl  cpp_ts.l(ios.o)
    0x0000d574   0x00000006   Code   RO         3367    t._ZNSt15basic_streambufIwSt11char_traitsIwEE8overflowEi  cpp_ts.l(ios.o)
    0x0000d57a   0x0000000e   Code   RO         2994    t._ZNSt4fposISt11__mbstate_tEC1ERKS1_  cpp_ts.l(ios.o)
    0x0000d588   0x0000000a   Code   RO         2872    t._ZNSt4fposISt11__mbstate_tEC1El  cpp_ts.l(ios.o)
    0x0000d592   0x00000012   Code   RO         2978    t._ZNSt4fposISt11__mbstate_tEaSERKS1_  cpp_ts.l(ios.o)
    0x0000d5a4   0x00000064   Code   RO         2636    t._ZNSt9basic_iosIcSt11char_traitsIcEE4initEPSt15basic_streambufIcS1_E  cpp_ts.l(ios.o)
    0x0000d608   0x00000014   Code   RO         2887    t._ZNSt9basic_iosIcSt11char_traitsIcEEC1Ev  cpp_ts.l(ios.o)
    0x0000d61c   0x00000064   Code   RO         2609    t._ZNSt9basic_iosIwSt11char_traitsIwEE4initEPSt15basic_streambufIwS1_E  cpp_ts.l(ios.o)
    0x0000d680   0x00000014   Code   RO         2860    t._ZNSt9basic_iosIwSt11char_traitsIwEEC1Ev  cpp_ts.l(ios.o)
    0x0000d694   0x00000020   Code   RO         2981    t._ZSt9use_facetISt7codecvtIccSt11__mbstate_tEERKT_RKSt6locale  cpp_ts.l(ios.o)
    0x0000d6b4   0x00000020   Code   RO         3028    t._ZSt9use_facetISt7codecvtIwcSt11__mbstate_tEERKT_RKSt6locale  cpp_ts.l(ios.o)
    0x0000d6d4   0x00000030   Code   RO          649    t._ZSteqIcSt11char_traitsIcESaIcEEbRKSbIT_T0_T1_EPKS3_  portpin.o
    0x0000d704   0x0000006c   Code   RO         3659    x$fpl$d2f           fz_ts.l(d2f.o)
    0x0000d770   0x00000154   Code   RO         3661    x$fpl$dadd          fz_ts.l(daddsub_noclz.o)
    0x0000d8c4   0x00000010   Code   RO         4729    x$fpl$dcheck1       fz_ts.l(dcheck1.o)
    0x0000d8d4   0x0000001c   Code   RO         4845    x$fpl$dcmpinf       fz_ts.l(dcmpi.o)
    0x0000d8f0   0x000002e0   Code   RO         4359    x$fpl$ddiv          fz_ts.l(ddiv.o)
    0x0000dbd0   0x00000070   Code   RO         3667    x$fpl$dfix          fz_ts.l(dfix.o)
    0x0000dc40   0x00000058   Code   RO         3672    x$fpl$dflt          fz_ts.l(dflt_noclz.o)
    0x0000dc98   0x00000094   Code   RO         4731    x$fpl$dleqf         fz_ts.l(dleqf.o)
    0x0000dd2c   0x00000180   Code   RO         3675    x$fpl$dmul          fz_ts.l(dmul.o)
    0x0000deac   0x000000c0   Code   RO         4362    x$fpl$dnaninf       fz_ts.l(dnaninf.o)
    0x0000df6c   0x00000010   Code   RO         4364    x$fpl$dretinf       fz_ts.l(dretinf.o)
    0x0000df7c   0x0000008c   Code   RO         4366    x$fpl$drleqf        fz_ts.l(drleqf.o)
    0x0000e008   0x00000018   Code   RO         3662    x$fpl$drsb          fz_ts.l(daddsub_noclz.o)
    0x0000e020   0x00000208   Code   RO         4733    x$fpl$dsqrt         fz_ts.l(dsqrt_noumaal.o)
    0x0000e228   0x00000244   Code   RO         3663    x$fpl$dsub          fz_ts.l(daddsub_noclz.o)
    0x0000e46c   0x00000064   Code   RO         3677    x$fpl$f2d           fz_ts.l(f2d.o)
    0x0000e4d0   0x00000190   Code   RO         3680    x$fpl$fdiv          fz_ts.l(fdiv.o)
    0x0000e660   0x000000a8   Code   RO         4368    x$fpl$fnaninf       fz_ts.l(fnaninf.o)
    0x0000e708   0x00000018   Code   RO         4913    x$fpl$fpinit        fz_ts.l(fpinit.o)
    0x0000e720   0x00000010   Code   RO         4370    x$fpl$fretinf       fz_ts.l(fretinf.o)
    0x0000e730   0x00000008   Code   RO         4735    x$fpl$ieeestatus    fz_ts.l(istatus.o)
    0x0000e738   0x00000004   Code   RO         3683    x$fpl$printf1       fz_ts.l(printf1.o)
    0x0000e73c   0x00000074   Code   RO         4855    x$fpl$retnan        fz_ts.l(retnan.o)
    0x0000e7b0   0x0000006c   Code   RO         4375    x$fpl$scalbn        fz_ts.l(scalbn.o)
    0x0000e81c   0x0000003c   Code   RO         4917    x$fpl$trapveneer    fz_ts.l(trapv.o)
    0x0000e858   0x00000000   Code   RO         4380    x$fpl$usenofp       fz_ts.l(usenofp.o)
    0x0000e858   0x00000002   Data   RO           13    .constdata          file_config.o
    0x0000e85a   0x00000002   Data   RO           14    .constdata          file_config.o
    0x0000e85c   0x00000008   Data   RO           16    .constdata          file_config.o
    0x0000e864   0x00000002   Data   RO           17    .constdata          file_config.o
    0x0000e866   0x00000002   PAD
    0x0000e868   0x00000004   Data   RO           18    .constdata          file_config.o
    0x0000e86c   0x00000008   Data   RO           20    .constdata          file_config.o
    0x0000e874   0x00000002   Data   RO           21    .constdata          file_config.o
    0x0000e876   0x00000002   PAD
    0x0000e878   0x00000004   Data   RO           22    .constdata          file_config.o
    0x0000e87c   0x00000008   Data   RO           23    .constdata          file_config.o
    0x0000e884   0x00000002   Data   RO           24    .constdata          file_config.o
    0x0000e886   0x00000002   Data   RO           25    .constdata          file_config.o
    0x0000e888   0x00000008   Data   RO           82    .constdata          rtx_config.o
    0x0000e890   0x00000020   Data   RO          113    .constdata          rta_config.o
    0x0000e8b0   0x00000006   Data   RO          114    .constdata          rta_config.o
    0x0000e8b6   0x00000007   Data   RO          115    .constdata          rta_config.o
    0x0000e8bd   0x00000007   Data   RO          116    .constdata          rta_config.o
    0x0000e8c4   0x00000040   Data   RO          419    .constdata          lcd.o
    0x0000e904   0x000000a9   Data   RO         1861    .constdata          FS_ARM_L.lib(fs_fat.o)
    0x0000e9ad   0x00000011   Data   RO         2406    .constdata          c_t.l(__printf_flags_ss_wp.o)
    0x0000e9be   0x00000002   PAD
    0x0000e9c0   0x0000005c   Data   RO         3485    .constdata          cpp_ts.l(rwstdexcept.o)
    0x0000ea1c   0x00000004   PAD
    0x0000ea20   0x00000088   Data   RO         3687    .constdata          m_ts.l(pow.o)
    0x0000eaa8   0x00000200   Data   RO         3946    .constdata          cpp_ts.l(char.o)
    0x0000eca8   0x00000008   Data   RO         4387    .constdata          m_ts.l(qnan.o)
    0x0000ecb0   0x00000008   Data   RO         4476    .constdata          c_t.l(_printf_wctomb.o)
    0x0000ecb8   0x00000028   Data   RO         4505    .constdata          c_t.l(_printf_hex_int_ll_ptr.o)
    0x0000ece0   0x00000094   Data   RO         4533    .constdata          c_t.l(bigflt0.o)
    0x0000ed74   0x00000014   Data   RO         3069    .constdata__ZTVNSt6locale5facetE  cpp_ts.l(ios.o)
    0x0000ed88   0x00000008   Data   RO         3084    .constdata__ZTVSi   cpp_ts.l(ios.o)
    0x0000ed90   0x00000028   Data   RO         3086    .constdata__ZTVSi   cpp_ts.l(ios.o)
    0x0000edb8   0x00000008   Data   RO         3087    .constdata__ZTVSo   cpp_ts.l(ios.o)
    0x0000edc0   0x00000028   Data   RO         3089    .constdata__ZTVSo   cpp_ts.l(ios.o)
    0x0000ede8   0x00000034   Data   RO         4043    .constdata__ZTVSt12ctype_bynameIcE  cpp_ts.l(char.o)
    0x0000ee1c   0x00000040   Data   RO         2562    .constdata__ZTVSt13basic_filebufIcSt11char_traitsIcEE  cpp_ts.l(ios.o)
    0x0000ee5c   0x00000040   Data   RO         2564    .constdata__ZTVSt13basic_filebufIwSt11char_traitsIwEE  cpp_ts.l(ios.o)
    0x0000ee9c   0x00000008   Data   RO         3092    .constdata__ZTVSt13basic_istreamIwSt11char_traitsIwEE  cpp_ts.l(ios.o)
    0x0000eea4   0x00000028   Data   RO         3094    .constdata__ZTVSt13basic_istreamIwSt11char_traitsIwEE  cpp_ts.l(ios.o)
    0x0000eecc   0x00000008   Data   RO         3095    .constdata__ZTVSt13basic_ostreamIwSt11char_traitsIwEE  cpp_ts.l(ios.o)
    0x0000eed4   0x00000028   Data   RO         3097    .constdata__ZTVSt13basic_ostreamIwSt11char_traitsIwEE  cpp_ts.l(ios.o)
    0x0000eefc   0x00000014   Data   RO         3530    .constdata__ZTVSt14__rw_exception  cpp_ts.l(rwstdexcept.o)
    0x0000ef10   0x00000040   Data   RO         3083    .constdata__ZTVSt15basic_streambufIcSt11char_traitsIcEE  cpp_ts.l(ios.o)
    0x0000ef50   0x00000040   Data   RO         3091    .constdata__ZTVSt15basic_streambufIwSt11char_traitsIwEE  cpp_ts.l(ios.o)
    0x0000ef90   0x00000034   Data   RO         3957    .constdata__ZTVSt5ctypeIcE  cpp_ts.l(char.o)
    0x0000efc4   0x00000044   Data   RO         3073    .constdata__ZTVSt5ctypeIwE  cpp_ts.l(ios.o)
    0x0000f008   0x00000030   Data   RO         3079    .constdata__ZTVSt7codecvtIccSt11__mbstate_tE  cpp_ts.l(ios.o)
    0x0000f038   0x00000030   Data   RO         3081    .constdata__ZTVSt7codecvtIwcSt11__mbstate_tE  cpp_ts.l(ios.o)
    0x0000f068   0x00000010   Data   RO         3071    .constdata__ZTVSt8ios_base  cpp_ts.l(ios.o)
    0x0000f078   0x00000020   Data   RO         3498    .constdata__ZTVSt8messagesIcE  cpp_ts.l(rwstdexcept.o)
    0x0000f098   0x00000010   Data   RO         3075    .constdata__ZTVSt9basic_iosIcSt11char_traitsIcEE  cpp_ts.l(ios.o)
    0x0000f0a8   0x00000010   Data   RO         3077    .constdata__ZTVSt9basic_iosIwSt11char_traitsIwEE  cpp_ts.l(ios.o)
    0x0000f0b8   0x00000014   Data   RO         4345    .constdata__ZTVSt9exception  cpprt_t.l(exception_dtor.o)
    0x0000f0cc   0x00000250   Data   RO         3486    .conststring        cpp_ts.l(rwstdexcept.o)
    0x0000f31c   0x00000000   Data   RO         5001    Region$$Table       anon$$obj.o
    0x0000f31c   0x00000110   Data   RO         4583    locale$$data        c_t.l(lc_ctype_c.o)
    0x0000f42c   0x0000001c   Data   RO         4586    locale$$data        c_t.l(lc_numeric_c.o)
    0x0000f448   0x00000010   Data   RO         4888    locale$$data        c_t.l(null_locale.o)
    0x0000f458   0x00000004   Data   RO          168    .init_array         main.o
    0x0000f45c   0x00000004   Data   RO          846    .init_array         serialport.o
    0x0000f460   0x00000004   Data   RO         1420    .init_array         interrupt.o
    0x0000f464   0x00000004   Data   RO         1508    .init_array         timer.o
    0x0000f468   0x00000004   Data   RO         1590    .init_array         buzzer.o
    0x0000f46c   0x00000004   Data   RO         3948    .init_array         cpp_ts.l(char.o)
    0x0000f470   0x00000004   Data   RO         4139    .init_array         cpp_ts.l(locale.o)
    0x0000f474   0x00000004   Data   RO         4624    .init_array         cpp_ts.l(rwcats.o)


    Execution Region RW_IRAM1 (Base: 0x40000000, Size: 0x00004cc8, Max: 0x00008000, ABSOLUTE)

    Base Addr    Size         Type   Attr      Idx    E Section Name        Object

    0x40000000   0x00000008   Data   RW           50    .data               mci_lpc23xx.o
    0x40000008   0x00000004   Data   RW           88    .data               rtx_config.o
    0x4000000c   0x0000000c   Data   RW          117    .data               rta_config.o
    0x40000018   0x0000000c   Data   RW          167    .data               main.o
    0x40000024   0x00000004   Data   RW          420    .data               lcd.o
    0x40000028   0x00000001   Data   RW          845    .data               serialport.o
    0x40000029   0x00000003   PAD
    0x4000002c   0x00000014   Data   RW         1419    .data               interrupt.o
    0x40000040   0x00000004   Data   RW         1463    .data               attachedtimer.o
    0x40000044   0x00000004   Data   RW         1485    .data               stopwatch.o
    0x40000048   0x00000008   Data   RW         1507    .data               timer.o
    0x40000050   0x00000014   Data   RW         1589    .data               buzzer.o
    0x40000064   0x00000014   Data   RW         1862    .data               FS_ARM_L.lib(fs_fat.o)
    0x40000078   0x00000024   Data   RW         2548    .data               cpp_ts.l(ios.o)
    0x4000009c   0x00000017   Data   RW         3487    .data               cpp_ts.l(rwstdexcept.o)
    0x400000b3   0x00000001   PAD
    0x400000b4   0x00000004   Data   RW         3823    .data               c_t.l(streamlock.o)
    0x400000b8   0x00000004   Data   RW         3827    .data               c_t.l(stdio_streams.o)
    0x400000bc   0x00000004   Data   RW         3828    .data               c_t.l(stdio_streams.o)
    0x400000c0   0x00000004   Data   RW         3829    .data               c_t.l(stdio_streams.o)
    0x400000c4   0x00000008   Data   RW         3947    .data               cpp_ts.l(char.o)
    0x400000cc   0x0000001c   Data   RW         4138    .data               cpp_ts.l(locale.o)
    0x400000e8   0x00000004   Data   RW         4281    .data               cpp_ts.l(rwthrowproc_noex.o)
    0x400000ec   0x00000008   Data   RW         4623    .data               cpp_ts.l(rwcats.o)
    0x400000f4   0x00000004   Data   RW         4231    .data__ZZNKSt6locale2id7_C_initEvE9_C_id_gen  cpp_ts.l(locale.o)
    0x400000f8   0x0000000c   Data   RW         4279    .data__ZZSt13__rw_get_catsvE11__open_cats  cpp_ts.l(messages.o)
    0x40000104   0x00000340   Zero   RW           12    .bss                file_config.o
    0x40000444   0x000002a0   Zero   RW           78    .bss                rtx_config.o
    0x400006e4   0x0000012e   Zero   RW          112    .bss                rta_config.o
    0x40000812   0x00000002   PAD
    0x40000814   0x00000914   Zero   RW         1462    .bss                attachedtimer.o
    0x40001128   0x0000027b   Zero   RW         1484    .bss                stopwatch.o
    0x400013a3   0x00000001   PAD
    0x400013a4   0x000004f8   Zero   RW         1506    .bss                timer.o
    0x4000189c   0x00000154   Zero   RW         1860    .bss                FS_ARM_L.lib(fs_fat.o)
    0x400019f0   0x00000060   Zero   RW         2372    .bss                c_t.l(libspace.o)
    0x40001a50   0x00001d30   Zero   RW         2508    .bss                cpp_ts.l(ios.o)
    0x40003780   0x00000018   Zero   RW         3484    .bss                cpp_ts.l(rwstdexcept.o)
    0x40003798   0x00000050   Zero   RW         3824    .bss                c_t.l(stdio_streams.o)
    0x400037e8   0x00000050   Zero   RW         3825    .bss                c_t.l(stdio_streams.o)
    0x40003838   0x00000050   Zero   RW         3826    .bss                c_t.l(stdio_streams.o)
    0x40003888   0x0000002a   Zero   RW         4572    .bss                c_t.l(locale.o)
    0x400038b2   0x00000002   PAD
    0x400038b4   0x00000010   Zero   RW         4697    .bss__ZNSs9__nullrefE  cpp_ts.l(vendor.o)
    0x400038c4   0x00000004   PAD
    0x400038c8   0x00000f00   Zero   RW            2    HEAP                lpc2300.o
    0x400047c8   0x00000500   Zero   RW            1    STACK               lpc2300.o


    Execution Region RW_IRAM2 (Base: 0x7fd00000, Size: 0x00001400, Max: 0x00002000, ABSOLUTE)

    Base Addr    Size         Type   Attr      Idx    E Section Name        Object

    0x7fd00000   0x00001400   Zero   RW           11    .ARM.__AT_0x7FD00000  file_config.o

