<!doctype html public "-//w3c//dtd html 4.0 transitional//en">
<html><head>
<title>Static Call Graph - [.\Obj\SD_File.axf]</title></head>
<body><HR>
<H1>Static Call Graph for image .\Obj\SD_File.axf</H1><HR>
<BR><P>#&#060CALLGRAPH&#062# ARM Linker, 4.1 [Build 567]: Last Updated: Sat Jun 25 17:49:49 2011
<BR><P>
<H3>Maximum Stack Usage =       1272 bytes + Unknown(Functions without stacksize, Cycles, Untraceable Function Pointers)</H3><H3>
Call chain for Maximum Stack Depth:</H3>
std::basic_filebuf&lang;char, std::char_traits&lang;char&rang;&rang;::sync() &rArr; std::use_facet&lang;std::codecvt&lang;char, char, std::__mbstate_t&rang;&rang;(const std::locale&) &rArr; std::locale::_C_use_facet(const std::locale::id&, bool, int, __rw::__rw_facet_base*(*)(int, const char*, unsigned)) const &rArr; std::locale::_C_make_facet(const std::locale::id&, bool, int, __rw::__rw_facet_base*(*)(int, const char*, unsigned)) const &rArr; std::locale::locale(__rw::__rw_locale_imp*) &rArr; std::locale::_C_init() &rArr; __rw::__rw_locale_imp::__rw_locale_imp(const char*, unsigned, unsigned) &rArr; std::basic_string&lang;char, std::char_traits&lang;char&rang;, std::allocator&lang;char&rang;&rang;::operator =(const std::basic_string&lang;char, std::char_traits&lang;char&rang;, std::allocator&lang;char&rang;&rang;&) &rArr; std::basic_string&lang;char, std::char_traits&lang;char&rang;, std::allocator&lang;char&rang;&rang;::replace(unsigned, unsigned, const char*, unsigned) &rArr; std::basic_string&lang;char, std::char_traits&lang;char&rang;, std::allocator&lang;char&rang;&rang;::replace(unsigned, unsigned, const char*, unsigned, unsigned, unsigned) &rArr; __rw::__rw_throw(int, ...) &rArr; std::__rw_exception::_C_vformat(int, std::__va_list) &rArr; __rw::__rw_vfmatstr(char*, unsigned, int, std::__va_list) &rArr; std::basic_string&lang;char, std::char_traits&lang;char&rang;, std::allocator&lang;char&rang;&rang;::basic_string(const char*, const std::allocator&lang;char&rang;&) &rArr; std::basic_string&lang;char, std::char_traits&lang;char&rang;, std::allocator&lang;char&rang;&rang;::_C_allocate(unsigned, unsigned, unsigned) &rArr; std::basic_string&lang;char, std::char_traits&lang;char&rang;, std::allocator&lang;char&rang;&rang;::_C_getRep(unsigned, unsigned) &rArr;  __rw::__rw_throw(int, ...) (Cycle)
<P>
<H3>
Functions with no stack information
</H3><UL>
 <LI><a href="#[19]">Reset_Handler</a>
 <LI><a href="#[268]">os_sys_manager_ret</a>
 <LI><a href="#[1fe]">os_switch_tasks_ret</a>
 <LI><a href="#[1a]">Undef_Handler</a>
 <LI><a href="#[1b]">SWI_Handler</a>
 <LI><a href="#[1c]">PAbt_Handler</a>
 <LI><a href="#[1d]">DAbt_Handler</a>
 <LI><a href="#[1e]">IRQ_Handler</a>
 <LI><a href="#[1f]">FIQ_Handler</a>
 <LI><a href="#[26]">Switch_task</a>
</UL>
</UL>
<P>
<H3>
Mutually Recursive functions
</H3> <LI><a href="#[4d]">os_idle_demon</a>&nbsp;&nbsp;&nbsp;&rArr;&nbsp;&nbsp;&nbsp;<a href="#[4d]">os_idle_demon</a><BR>
 <LI><a href="#[bf]">_sys_exit</a>&nbsp;&nbsp;&nbsp;&rArr;&nbsp;&nbsp;&nbsp;<a href="#[bf]">_sys_exit</a><BR>
 <LI><a href="#[1bb]">__rw::__rw_allocate(unsigned, int)</a>&nbsp;&nbsp;&nbsp;&rArr;&nbsp;&nbsp;&nbsp;<a href="#[1b5]">__rw::__rw_throw(int, ...)</a><BR>
 <LI><a href="#[119]">std::basic_string&lang;char, std::char_traits&lang;char&rang;, std::allocator&lang;char&rang;&rang;::_C_getRep(unsigned, unsigned)</a>&nbsp;&nbsp;&nbsp;&rArr;&nbsp;&nbsp;&nbsp;<a href="#[1b5]">__rw::__rw_throw(int, ...)</a><BR>
 <LI><a href="#[1c0]">std::locale::locale()</a>&nbsp;&nbsp;&nbsp;&rArr;&nbsp;&nbsp;&nbsp;<a href="#[1ec]">std::locale::_C_init()</a><BR>
 <LI><a href="#[cd]">os_error</a>&nbsp;&nbsp;&nbsp;&rArr;&nbsp;&nbsp;&nbsp;<a href="#[cd]">os_error</a><BR>
 <LI><a href="#[1a]">Undef_Handler</a>&nbsp;&nbsp;&nbsp;&rArr;&nbsp;&nbsp;&nbsp;<a href="#[1a]">Undef_Handler</a><BR>
 <LI><a href="#[1b]">SWI_Handler</a>&nbsp;&nbsp;&nbsp;&rArr;&nbsp;&nbsp;&nbsp;<a href="#[1b]">SWI_Handler</a><BR>
 <LI><a href="#[1c]">PAbt_Handler</a>&nbsp;&nbsp;&nbsp;&rArr;&nbsp;&nbsp;&nbsp;<a href="#[1c]">PAbt_Handler</a><BR>
 <LI><a href="#[1d]">DAbt_Handler</a>&nbsp;&nbsp;&nbsp;&rArr;&nbsp;&nbsp;&nbsp;<a href="#[1d]">DAbt_Handler</a><BR>
 <LI><a href="#[1e]">IRQ_Handler</a>&nbsp;&nbsp;&nbsp;&rArr;&nbsp;&nbsp;&nbsp;<a href="#[1e]">IRQ_Handler</a><BR>
 <LI><a href="#[1f]">FIQ_Handler</a>&nbsp;&nbsp;&nbsp;&rArr;&nbsp;&nbsp;&nbsp;<a href="#[1f]">FIQ_Handler</a><BR>
</UL>
<P>
<H3>
Function Pointers
</H3><UL>
 <LI><a href="#[47]">&lang;Func5&rang;</a> from locale.o(i.<Func5>) referenced from locale.o(i._ZN4__rw15__rw_locale_impC1EPKcjj)
 <LI><a href="#[1d]">DAbt_Handler</a> from lpc2300.o(RESET) referenced from lpc2300.o(RESET)
 <LI><a href="#[1f]">FIQ_Handler</a> from lpc2300.o(RESET) referenced from lpc2300.o(RESET)
 <LI><a href="#[1e]">IRQ_Handler</a> from lpc2300.o(RESET) referenced from lpc2300.o(RESET)
 <LI><a href="#[1c]">PAbt_Handler</a> from lpc2300.o(RESET) referenced from lpc2300.o(RESET)
 <LI><a href="#[19]">Reset_Handler</a> from lpc2300.o(RESET) referenced from lpc2300.o(RESET)
 <LI><a href="#[1b]">SWI_Handler</a> from lpc2300.o(RESET) referenced from lpc2300.o(RESET)
 <LI><a href="#[26]">Switch_task</a> from hal_arm.o(.emb_text) referenced from hal_arm.o(.emb_text)
 <LI><a href="#[1a]">Undef_Handler</a> from lpc2300.o(RESET) referenced from lpc2300.o(RESET)
 <LI><a href="#[2e]">TimerT1isr()</a> from attachedtimer.o(.text) referenced from attachedtimer.o(.text)
 <LI><a href="#[30]">TimerT3isr()</a> from timer.o(.text) referenced from timer.o(.text)
 <LI><a href="#[2d]">adcHandler()</a> from interrupt.o(.text) referenced from interrupt.o(.text)
 <LI><a href="#[2f]">StopWatchT2isr()</a> from stopwatch.o(.text) referenced from stopwatch.o(.text)
 <LI><a href="#[2b]">interruptHandler()</a> from interrupt.o(.text) referenced from interrupt.o(.text)
 <LI><a href="#[4a]">__default_new_handler()</a> from arm_newhandler_noexceptions.o(.text) referenced from new.o(i._Znwj)
 <LI><a href="#[3d]">__default_terminate_handler()</a> from arm_exceptions_globs.o(.text) referenced from arm_exceptions_globs.o(.text)
 <LI><a href="#[29]">do1()</a> from main.o(.text) referenced from main.o(.text)
 <LI><a href="#[28]">do2()</a> from main.o(.text) referenced from main.o(.text)
 <LI><a href="#[33]">dOff()</a> from buzzer.o(.text) referenced from buzzer.o(.text)
 <LI><a href="#[32]">setLow()</a> from buzzer.o(.text) referenced from buzzer.o(.text)
 <LI><a href="#[2c]">RTC0isr()</a> from interrupt.o(.text) referenced from interrupt.o(.text)
 <LI><a href="#[31]">setHigh()</a> from buzzer.o(.text) referenced from buzzer.o(.text)
 <LI><a href="#[56]">__rw::__rw_facet_base::_C_initfacet(const std::locale&)</a> from ios.o(i._ZN4__rw15__rw_facet_base12_C_initfacetERKSt6locale) referenced from ios.o(.constdata__ZTVNSt6locale5facetE)
 <LI><a href="#[56]">__rw::__rw_facet_base::_C_initfacet(const std::locale&)</a> from ios.o(i._ZN4__rw15__rw_facet_base12_C_initfacetERKSt6locale) referenced from ios.o(.constdata__ZTVSt5ctypeIwE)
 <LI><a href="#[56]">__rw::__rw_facet_base::_C_initfacet(const std::locale&)</a> from ios.o(i._ZN4__rw15__rw_facet_base12_C_initfacetERKSt6locale) referenced from ios.o(.constdata__ZTVSt7codecvtIccSt11__mbstate_tE)
 <LI><a href="#[56]">__rw::__rw_facet_base::_C_initfacet(const std::locale&)</a> from ios.o(i._ZN4__rw15__rw_facet_base12_C_initfacetERKSt6locale) referenced from ios.o(.constdata__ZTVSt7codecvtIwcSt11__mbstate_tE)
 <LI><a href="#[56]">__rw::__rw_facet_base::_C_initfacet(const std::locale&)</a> from ios.o(i._ZN4__rw15__rw_facet_base12_C_initfacetERKSt6locale) referenced from rwstdexcept.o(.constdata__ZTVSt8messagesIcE)
 <LI><a href="#[51]">__rw::__rw_facet_maker&lang;std::ctype&lang;char&rang;&rang;::_C_maker_func(int, const char*, unsigned)</a> from ios.o(t._ZN4__rw16__rw_facet_makerISt5ctypeIcEE13_C_maker_funcEiPKcj) referenced from rwstdexcept.o(t._ZNKSt8messagesIcE6do_getEiiiRKSs)
 <LI><a href="#[51]">__rw::__rw_facet_maker&lang;std::ctype&lang;char&rang;&rang;::_C_maker_func(int, const char*, unsigned)</a> from ios.o(t._ZN4__rw16__rw_facet_makerISt5ctypeIcEE13_C_maker_funcEiPKcj) referenced from ios.o(t._ZNSt9basic_iosIcSt11char_traitsIcEE4initEPSt15basic_streambufIcS1_E)
 <LI><a href="#[52]">__rw::__rw_facet_maker&lang;std::ctype&lang;wchar_t&rang;&rang;::_C_maker_func(int, const char*, unsigned)</a> from ios.o(t._ZN4__rw16__rw_facet_makerISt5ctypeIwEE13_C_maker_funcEiPKcj) referenced from ios.o(t._ZNSt9basic_iosIwSt11char_traitsIwEE4initEPSt15basic_streambufIwS1_E)
 <LI><a href="#[53]">__rw::__rw_facet_maker&lang;std::codecvt&lang;char, char, std::__mbstate_t&rang;&rang;::_C_maker_func(int, const char*, unsigned)</a> from ios.o(t._ZN4__rw16__rw_facet_makerISt7codecvtIccSt11__mbstate_tEE13_C_maker_funcEiPKcj) referenced from ios.o(t._ZSt9use_facetISt7codecvtIccSt11__mbstate_tEERKT_RKSt6locale)
 <LI><a href="#[54]">__rw::__rw_facet_maker&lang;std::codecvt&lang;wchar_t, char, std::__mbstate_t&rang;&rang;::_C_maker_func(int, const char*, unsigned)</a> from ios.o(t._ZN4__rw16__rw_facet_makerISt7codecvtIwcSt11__mbstate_tEE13_C_maker_funcEiPKcj) referenced from ios.o(t._ZSt9use_facetISt7codecvtIwcSt11__mbstate_tEERKT_RKSt6locale)
 <LI><a href="#[4c]">__rw::__rw_locale_vector&lang;__rw::__rw_cat*&rang;::~__rw_locale_vector()</a> from rwcats.o(t._ZN4__rw18__rw_locale_vectorIPNS_8__rw_catEED1Ev) referenced from rwcats.o(i.__sti___10_rwcats_cpp)
 <LI><a href="#[49]">__rw::__rw_locale_vector&lang;std::__rw_open_cat_data&rang;::~__rw_locale_vector()</a> from messages.o(t._ZN4__rw18__rw_locale_vectorISt18__rw_open_cat_dataED1Ev) referenced from messages.o(i._ZSt13__rw_get_catsv)
 <LI><a href="#[7e]">__rw::__rw_throw_exception_noex(int, char*)</a> from rwthrowproc_impl_noex.o(i._ZN4__rw25__rw_throw_exception_noexEiPc) referenced from rwthrowproc_noex.o(.data)
 <LI><a href="#[61]">std::__rw_exception::what() const</a> from rwstdexcept.o(i._ZNKSt14__rw_exception4whatEv) referenced from rwstdexcept.o(.constdata__ZTVSt14__rw_exception)
 <LI><a href="#[59]">std::ctype&lang;char&rang;::do_widen(char) const</a> from char.o(i._ZNKSt5ctypeIcE8do_widenEc) referenced from char.o(.constdata__ZTVSt12ctype_bynameIcE)
 <LI><a href="#[59]">std::ctype&lang;char&rang;::do_widen(char) const</a> from char.o(i._ZNKSt5ctypeIcE8do_widenEc) referenced from char.o(.constdata__ZTVSt5ctypeIcE)
 <LI><a href="#[69]">std::ctype&lang;wchar_t&rang;::do_widen(char) const</a> from ios.o(i._ZNKSt5ctypeIwE8do_widenEc) referenced from ios.o(.constdata__ZTVSt5ctypeIwE)
 <LI><a href="#[6c]">std::codecvt&lang;char, char, std::__mbstate_t&rang;::do_encoding() const</a> from ios.o(i._ZNKSt7codecvtIccSt11__mbstate_tE11do_encodingEv) referenced from ios.o(.constdata__ZTVSt7codecvtIccSt11__mbstate_tE)
 <LI><a href="#[6d]">std::codecvt&lang;char, char, std::__mbstate_t&rang;::do_always_noconv() const</a> from ios.o(i._ZNKSt7codecvtIccSt11__mbstate_tE16do_always_noconvEv) referenced from ios.o(.constdata__ZTVSt7codecvtIccSt11__mbstate_tE)
 <LI><a href="#[6b]">std::codecvt&lang;char, char, std::__mbstate_t&rang;::do_out(std::__mbstate_t&, const char*, const char*, const char*&, char*, char*, char*&) const</a> from ios.o(i._ZNKSt7codecvtIccSt11__mbstate_tE6do_outERS0_PKcS4_RS4_PcS6_RS6_) referenced from ios.o(.constdata__ZTVSt7codecvtIccSt11__mbstate_tE)
 <LI><a href="#[71]">std::codecvt&lang;wchar_t, char, std::__mbstate_t&rang;::do_encoding() const</a> from ios.o(i._ZNKSt7codecvtIwcSt11__mbstate_tE11do_encodingEv) referenced from ios.o(.constdata__ZTVSt7codecvtIwcSt11__mbstate_tE)
 <LI><a href="#[70]">std::codecvt&lang;wchar_t, char, std::__mbstate_t&rang;::do_always_noconv() const</a> from ios.o(i._ZNKSt7codecvtIwcSt11__mbstate_tE16do_always_noconvEv) referenced from ios.o(.constdata__ZTVSt7codecvtIwcSt11__mbstate_tE)
 <LI><a href="#[6f]">std::codecvt&lang;wchar_t, char, std::__mbstate_t&rang;::do_out(std::__mbstate_t&, const wchar_t*, const wchar_t*, const wchar_t*&, char*, char*, char*&) const</a> from ios.o(i._ZNKSt7codecvtIwcSt11__mbstate_tE6do_outERS0_PKwS4_RS4_PcS6_RS6_) referenced from ios.o(.constdata__ZTVSt7codecvtIwcSt11__mbstate_tE)
 <LI><a href="#[75]">std::messages&lang;char&rang;::do_get(int, int, int, const std::basic_string&lang;char, std::char_traits&lang;char&rang;, std::allocator&lang;char&rang;&rang;&) const</a> from rwstdexcept.o(t._ZNKSt8messagesIcE6do_getEiiiRKSs) referenced from rwstdexcept.o(.constdata__ZTVSt8messagesIcE)
 <LI><a href="#[74]">std::messages&lang;char&rang;::do_open(const std::basic_string&lang;char, std::char_traits&lang;char&rang;, std::allocator&lang;char&rang;&rang;&, const std::locale&) const</a> from rwstdexcept.o(t._ZNKSt8messagesIcE7do_openERKSsRKSt6locale) referenced from rwstdexcept.o(.constdata__ZTVSt8messagesIcE)
 <LI><a href="#[46]">std::basic_string&lang;char, std::char_traits&lang;char&rang;, std::allocator&lang;char&rang;&rang;::~basic_string()</a> from ios.o(t._ZNSsD1Ev) referenced from locale.o(i._ZN4__rw15__rw_locale_impC1EPKcjj)
 <LI><a href="#[46]">std::basic_string&lang;char, std::char_traits&lang;char&rang;, std::allocator&lang;char&rang;&rang;::~basic_string()</a> from ios.o(t._ZNSsD1Ev) referenced from ios.o(t._ZN4__rw18__rw_locale_vectorISsED1Ev)
 <LI><a href="#[57]">std::ctype_byname&lang;char&rang;::~ctype_byname__deallocating()</a> from char.o(i._ZNSt12ctype_bynameIcED0Ev) referenced from char.o(.constdata__ZTVSt12ctype_bynameIcE)
 <LI><a href="#[5c]">std::basic_filebuf&lang;char, std::char_traits&lang;char&rang;&rang;::sync()</a> from ios.o(t._ZNSt13basic_filebufIcSt11char_traitsIcEE4syncEv) referenced from ios.o(.constdata__ZTVSt13basic_filebufIcSt11char_traitsIcEE)
 <LI><a href="#[5a]">std::basic_filebuf&lang;char, std::char_traits&lang;char&rang;&rang;::setbuf(char*, long)</a> from ios.o(t._ZNSt13basic_filebufIcSt11char_traitsIcEE6setbufEPcl) referenced from ios.o(.constdata__ZTVSt13basic_filebufIcSt11char_traitsIcEE)
 <LI><a href="#[5b]">std::basic_filebuf&lang;char, std::char_traits&lang;char&rang;&rang;::overflow(int)</a> from ios.o(t._ZNSt13basic_filebufIcSt11char_traitsIcEE8overflowEi) referenced from ios.o(.constdata__ZTVSt13basic_filebufIcSt11char_traitsIcEE)
 <LI><a href="#[5f]">std::basic_filebuf&lang;wchar_t, std::char_traits&lang;wchar_t&rang;&rang;::sync()</a> from ios.o(t._ZNSt13basic_filebufIwSt11char_traitsIwEE4syncEv) referenced from ios.o(.constdata__ZTVSt13basic_filebufIwSt11char_traitsIwEE)
 <LI><a href="#[5d]">std::basic_filebuf&lang;wchar_t, std::char_traits&lang;wchar_t&rang;&rang;::setbuf(wchar_t*, long)</a> from ios.o(t._ZNSt13basic_filebufIwSt11char_traitsIwEE6setbufEPwl) referenced from ios.o(.constdata__ZTVSt13basic_filebufIwSt11char_traitsIwEE)
 <LI><a href="#[5e]">std::basic_filebuf&lang;wchar_t, std::char_traits&lang;wchar_t&rang;&rang;::overflow(int)</a> from ios.o(t._ZNSt13basic_filebufIwSt11char_traitsIwEE8overflowEi) referenced from ios.o(.constdata__ZTVSt13basic_filebufIwSt11char_traitsIwEE)
 <LI><a href="#[60]">std::__rw_exception::~__rw_exception()</a> from rwstdexcept.o(i._ZNSt14__rw_exceptionD1Ev) referenced from rwstdexcept.o(.constdata__ZTVSt14__rw_exception)
 <LI><a href="#[62]">std::basic_streambuf&lang;char, std::char_traits&lang;char&rang;&rang;::setbuf(char*, long)</a> from ios.o(t._ZNSt15basic_streambufIcSt11char_traitsIcEE6setbufEPcl) referenced from ios.o(.constdata__ZTVSt15basic_streambufIcSt11char_traitsIcEE)
 <LI><a href="#[63]">std::basic_streambuf&lang;char, std::char_traits&lang;char&rang;&rang;::overflow(int)</a> from ios.o(t._ZNSt15basic_streambufIcSt11char_traitsIcEE8overflowEi) referenced from ios.o(.constdata__ZTVSt15basic_streambufIcSt11char_traitsIcEE)
 <LI><a href="#[64]">std::basic_streambuf&lang;wchar_t, std::char_traits&lang;wchar_t&rang;&rang;::setbuf(wchar_t*, long)</a> from ios.o(t._ZNSt15basic_streambufIwSt11char_traitsIwEE6setbufEPwl) referenced from ios.o(.constdata__ZTVSt15basic_streambufIwSt11char_traitsIwEE)
 <LI><a href="#[65]">std::basic_streambuf&lang;wchar_t, std::char_traits&lang;wchar_t&rang;&rang;::overflow(int)</a> from ios.o(t._ZNSt15basic_streambufIwSt11char_traitsIwEE8overflowEi) referenced from ios.o(.constdata__ZTVSt15basic_streambufIwSt11char_traitsIwEE)
 <LI><a href="#[50]">std::__rw_open_cat_data::__rw_open_cat_data()</a> from messages.o(i._ZNSt18__rw_open_cat_dataC1Ev) referenced from messages.o(t._ZN4__rw18__rw_locale_vectorISt18__rw_open_cat_dataE6resizeEj)
 <LI><a href="#[4f]">std::__rw_open_cat_data::~__rw_open_cat_data()</a> from messages.o(i._ZNSt18__rw_open_cat_dataD1Ev) referenced from messages.o(t._ZN4__rw18__rw_locale_vectorISt18__rw_open_cat_dataE6resizeEj)
 <LI><a href="#[4f]">std::__rw_open_cat_data::~__rw_open_cat_data()</a> from messages.o(i._ZNSt18__rw_open_cat_dataD1Ev) referenced from messages.o(t._ZN4__rw18__rw_locale_vectorISt18__rw_open_cat_dataED1Ev)
 <LI><a href="#[58]">std::ctype&lang;char&rang;::_C_initfacet(const std::locale&)</a> from char.o(i._ZNSt5ctypeIcE12_C_initfacetERKSt6locale) referenced from char.o(.constdata__ZTVSt12ctype_bynameIcE)
 <LI><a href="#[58]">std::ctype&lang;char&rang;::_C_initfacet(const std::locale&)</a> from char.o(i._ZNSt5ctypeIcE12_C_initfacetERKSt6locale) referenced from char.o(.constdata__ZTVSt5ctypeIcE)
 <LI><a href="#[67]">std::ctype&lang;char&rang;::~ctype__deallocating()</a> from char.o(i._ZNSt5ctypeIcED0Ev) referenced from char.o(.constdata__ZTVSt5ctypeIcE)
 <LI><a href="#[66]">std::ctype&lang;char&rang;::~ctype()</a> from char.o(i._ZNSt5ctypeIcED1Ev) referenced from char.o(.constdata__ZTVSt5ctypeIcE)
 <LI><a href="#[68]">std::ctype&lang;wchar_t&rang;::~ctype__deallocating()</a> from ios.o(i._ZNSt5ctypeIwED0Ev) referenced from ios.o(.constdata__ZTVSt5ctypeIwE)
 <LI><a href="#[55]">std::locale::facet::~facet__deallocating()</a> from ios.o(i._ZNSt6locale5facetD0Ev) referenced from ios.o(.constdata__ZTVNSt6locale5facetE)
 <LI><a href="#[48]">std::locale::~locale()</a> from locale.o(i._ZNSt6localeD1Ev) referenced from locale.o(i._ZNSt6locale7classicEv)
 <LI><a href="#[6a]">std::codecvt&lang;char, char, std::__mbstate_t&rang;::~codecvt__deallocating()</a> from ios.o(i._ZNSt7codecvtIccSt11__mbstate_tED0Ev) referenced from ios.o(.constdata__ZTVSt7codecvtIccSt11__mbstate_tE)
 <LI><a href="#[6e]">std::codecvt&lang;wchar_t, char, std::__mbstate_t&rang;::~codecvt__deallocating()</a> from ios.o(i._ZNSt7codecvtIwcSt11__mbstate_tED0Ev) referenced from ios.o(.constdata__ZTVSt7codecvtIwcSt11__mbstate_tE)
 <LI><a href="#[2a]">std::ios_base::Init::~Init()</a> from ios.o(i._ZNSt8ios_base4InitD1Ev) referenced from serialport.o(.text)
 <LI><a href="#[73]">std::messages&lang;char&rang;::~messages__deallocating()</a> from rwstdexcept.o(i._ZNSt8messagesIcED0Ev) referenced from rwstdexcept.o(.constdata__ZTVSt8messagesIcE)
 <LI><a href="#[72]">std::messages&lang;char&rang;::~messages()</a> from rwstdexcept.o(i._ZNSt8messagesIcED1Ev) referenced from rwstdexcept.o(.constdata__ZTVSt8messagesIcE)
 <LI><a href="#[4b]">operator delete[] (void*)</a> from array_del.o(i._ZdaPv) referenced from cxa_vec_new.o(i.__cxa_vec_new)
 <LI><a href="#[3e]">__SWI_0</a> from hal_arm.o(i.__SWI_0) referenced from swi_table.o(SWI_TABLE)
 <LI><a href="#[3f]">__SWI_1</a> from rt_membox.o(i.__SWI_1) referenced from swi_table.o(SWI_TABLE)
 <LI><a href="#[40]">__SWI_2</a> from rt_membox.o(i.__SWI_2) referenced from swi_table.o(SWI_TABLE)
 <LI><a href="#[41]">__SWI_3</a> from hal_arm.o(i.__SWI_3) referenced from swi_table.o(SWI_TABLE)
 <LI><a href="#[42]">__SWI_4</a> from hal_arm.o(i.__SWI_4) referenced from swi_table.o(SWI_TABLE)
 <LI><a href="#[43]">__SWI_5</a> from rtx_config.o(.text) referenced from swi_table.o(SWI_TABLE)
 <LI><a href="#[44]">__SWI_6</a> from hal_arm.o(i.__SWI_6) referenced from swi_table.o(SWI_TABLE)
 <LI><a href="#[45]">__SWI_7</a> from hal_arm.o(i.__SWI_7) referenced from swi_table.o(SWI_TABLE)
 <LI><a href="#[7f]">__main</a> from __main.o(!!!main) referenced from lpc2300.o(RESET)
 <LI><a href="#[7a]">__sti___10_Buzzer_cpp</a> from buzzer.o(.text) referenced from buzzer.o(.init_array)
 <LI><a href="#[7c]">__sti___10_locale_cpp</a> from locale.o(i.__sti___10_locale_cpp) referenced from locale.o(.init_array)
 <LI><a href="#[7d]">__sti___10_rwcats_cpp</a> from rwcats.o(i.__sti___10_rwcats_cpp) referenced from rwcats.o(.init_array)
 <LI><a href="#[78]">__sti___13_Interrupt_cpp</a> from interrupt.o(.text) referenced from interrupt.o(.init_array)
 <LI><a href="#[77]">__sti___14_SerialPort_cpp</a> from serialport.o(.text) referenced from serialport.o(.init_array)
 <LI><a href="#[7b]">__sti___8_char_cpp</a> from char.o(i.__sti___8_char_cpp) referenced from char.o(.init_array)
 <LI><a href="#[76]">__sti___8_main_cpp</a> from main.o(.text) referenced from main.o(.init_array)
 <LI><a href="#[79]">__sti___9_Timer_cpp</a> from timer.o(.text) referenced from timer.o(.init_array)
 <LI><a href="#[3a]">_fputc$unlocked</a> from fputc.o(i.fputc) referenced from _printf_char_file_locked.o(.text)
 <LI><a href="#[35]">_get_lc_ctype</a> from lc_ctype_c.o(locale$$code) referenced from rt_ctype_table.o(.text)
 <LI><a href="#[37]">_printf_input_char</a> from _printf_char_common.o(.text) referenced from _printf_char_common.o(.text)
 <LI><a href="#[39]">_sbackspace</a> from _sgetc.o(.text) referenced from __0sscanf.o(.text)
 <LI><a href="#[3b]">_scanf_char_input</a> from scanf_char.o(.text) referenced from scanf_char.o(.text)
 <LI><a href="#[38]">_sgetc</a> from _sgetc.o(.text) referenced from __0sscanf.o(.text)
 <LI><a href="#[36]">_snputc</a> from _snputc.o(.text) referenced from c89vsnprintf.o(.text)
 <LI><a href="#[34]">_sputc</a> from _sputc.o(.text) referenced from __2sprintf.o(.text)
 <LI><a href="#[3c]">isspace</a> from isspace.o(.text) referenced from scanf_char.o(.text)
 <LI><a href="#[21]">main</a> from main.o(.text) referenced from rtentry2.o(.ARM.Collect$$rtentry$$0000000D)
 <LI><a href="#[27]">os_clock_interrupt</a> from hal_arm.o(.emb_text) referenced from rtx_config.o(.text)
 <LI><a href="#[4d]">os_idle_demon</a> from rtx_config.o(.text) referenced from rt_task.o(i.os_sys_init1)
 <LI><a href="#[23]">os_irq_ack_lock</a> from rtx_config.o(.text) referenced from hal_arm.o(.emb_text)
 <LI><a href="#[22]">os_sys_init1</a> from rt_task.o(i.os_sys_init1) referenced from hal_arm.o(.emb_text)
 <LI><a href="#[24]">os_sys_manager</a> from rt_system.o(i.os_sys_manager) referenced from hal_arm.o(.emb_text)
 <LI><a href="#[4e]">os_tsk_create0</a> from rt_task.o(i.os_tsk_create0) referenced from rt_task.o(i.os_sys_init1)
 <LI><a href="#[25]">tsk_unlock</a> from rtx_config.o(.text) referenced from hal_arm.o(.emb_text)
</UL>
<P>
<H3>
Global Symbols
</H3>
<P><STRONG><a name="[19]"></a>Reset_Handler</STRONG> (ARM, 0 bytes, Stack size unknown bytes, lpc2300.o(RESET))
<BR>[Address Reference Count : 1]<UL><LI> lpc2300.o(RESET)
</UL>
<P><STRONG><a name="[7f]"></a>__main</STRONG> (ARM, 8 bytes, Stack size 0 bytes, __main.o(!!!main))
<BR><BR>[Calls]<UL><LI><a href="#[81]">&gt;&gt;</a>&nbsp;&nbsp;&nbsp;__scatterload
<LI><a href="#[82]">&gt;&gt;</a>&nbsp;&nbsp;&nbsp;__rt_entry
</UL>

<P><STRONG><a name="[81]"></a>__scatterload</STRONG> (ARM, 0 bytes, Stack size unknown bytes, __scatter.o(!!!scatter))
<BR><BR>[Called By]<UL><LI><a href="#[7f]">&gt;&gt;</a>&nbsp;&nbsp;&nbsp;__main
</UL>

<P><STRONG><a name="[83]"></a>__scatterload_rt2</STRONG> (ARM, 52 bytes, Stack size unknown bytes, __scatter.o(!!!scatter), UNUSED)
<BR><BR>[Calls]<UL><LI><a href="#[82]">&gt;&gt;</a>&nbsp;&nbsp;&nbsp;__rt_entry
</UL>

<P><STRONG><a name="[2af]"></a>__scatterload_null</STRONG> (ARM, 0 bytes, Stack size unknown bytes, __scatter.o(!!!scatter), UNUSED)

<P><STRONG><a name="[84]"></a>__scatterload_copy</STRONG> (ARM, 40 bytes, Stack size unknown bytes, __scatter_copy.o(!!handler_copy), UNUSED)
<BR><BR>[Calls]<UL><LI><a href="#[84]">&gt;&gt;</a>&nbsp;&nbsp;&nbsp;__scatterload_copy
</UL>
<BR>[Called By]<UL><LI><a href="#[84]">&gt;&gt;</a>&nbsp;&nbsp;&nbsp;__scatterload_copy
</UL>

<P><STRONG><a name="[2b0]"></a>__scatterload_zeroinit</STRONG> (ARM, 44 bytes, Stack size unknown bytes, __scatter_zi.o(!!handler_zi), UNUSED)

<P><STRONG><a name="[85]"></a>_printf_n</STRONG> (ARM, 0 bytes, Stack size unknown bytes, _printf_n.o(.ARM.Collect$$_printf_percent$$00000001))
<BR><BR>[Calls]<UL><LI><a href="#[86]">&gt;&gt;</a>&nbsp;&nbsp;&nbsp;_printf_charcount (via Veneer)
</UL>

<P><STRONG><a name="[13a]"></a>_printf_percent</STRONG> (ARM, 0 bytes, Stack size unknown bytes, _printf_percent.o(.ARM.Collect$$_printf_percent$$00000000))
<BR><BR>[Called By]<UL><LI><a href="#[138]">&gt;&gt;</a>&nbsp;&nbsp;&nbsp;__printf (via Veneer)
</UL>

<P><STRONG><a name="[87]"></a>_printf_p</STRONG> (ARM, 0 bytes, Stack size unknown bytes, _printf_p.o(.ARM.Collect$$_printf_percent$$00000002))
<BR><BR>[Stack]<UL><LI>Max Depth = 88 + Unknown Stack Size
<LI>Call Chain = _printf_p &rArr; _printf_hex_ptr &rArr; _printf_longlong_hex &rArr; _printf_int_common &rArr; _printf_post_padding
</UL>
<BR>[Calls]<UL><LI><a href="#[88]">&gt;&gt;</a>&nbsp;&nbsp;&nbsp;_printf_hex_ptr (via Veneer)
</UL>

<P><STRONG><a name="[89]"></a>_printf_f</STRONG> (ARM, 0 bytes, Stack size unknown bytes, _printf_f.o(.ARM.Collect$$_printf_percent$$00000003))
<BR><BR>[Stack]<UL><LI>Max Depth = 312 + Unknown Stack Size
<LI>Call Chain = _printf_f &rArr; _printf_fp_dec &rArr; _printf_fp_dec_real &rArr; _fp_digits &rArr; _btod_etento &rArr; _btod_emul &rArr; _e2e
</UL>
<BR>[Calls]<UL><LI><a href="#[8a]">&gt;&gt;</a>&nbsp;&nbsp;&nbsp;_printf_fp_dec
</UL>

<P><STRONG><a name="[8b]"></a>_printf_e</STRONG> (ARM, 0 bytes, Stack size unknown bytes, _printf_e.o(.ARM.Collect$$_printf_percent$$00000004))
<BR><BR>[Stack]<UL><LI>Max Depth = 312 + Unknown Stack Size
<LI>Call Chain = _printf_e &rArr; _printf_fp_dec &rArr; _printf_fp_dec_real &rArr; _fp_digits &rArr; _btod_etento &rArr; _btod_emul &rArr; _e2e
</UL>
<BR>[Calls]<UL><LI><a href="#[8a]">&gt;&gt;</a>&nbsp;&nbsp;&nbsp;_printf_fp_dec
</UL>

<P><STRONG><a name="[8c]"></a>_printf_g</STRONG> (ARM, 0 bytes, Stack size unknown bytes, _printf_g.o(.ARM.Collect$$_printf_percent$$00000005))
<BR><BR>[Stack]<UL><LI>Max Depth = 312 + Unknown Stack Size
<LI>Call Chain = _printf_g &rArr; _printf_fp_dec &rArr; _printf_fp_dec_real &rArr; _fp_digits &rArr; _btod_etento &rArr; _btod_emul &rArr; _e2e
</UL>
<BR>[Calls]<UL><LI><a href="#[8a]">&gt;&gt;</a>&nbsp;&nbsp;&nbsp;_printf_fp_dec
</UL>

<P><STRONG><a name="[8d]"></a>_printf_a</STRONG> (ARM, 0 bytes, Stack size unknown bytes, _printf_a.o(.ARM.Collect$$_printf_percent$$00000006))
<BR><BR>[Calls]<UL><LI><a href="#[8e]">&gt;&gt;</a>&nbsp;&nbsp;&nbsp;_printf_fp_hex
</UL>

<P><STRONG><a name="[2b1]"></a>_printf_ll</STRONG> (ARM, 0 bytes, Stack size unknown bytes, _printf_ll.o(.ARM.Collect$$_printf_percent$$00000007))

<P><STRONG><a name="[8f]"></a>_printf_i</STRONG> (ARM, 0 bytes, Stack size unknown bytes, _printf_i.o(.ARM.Collect$$_printf_percent$$00000008))
<BR><BR>[Stack]<UL><LI>Max Depth = 88 + Unknown Stack Size
<LI>Call Chain = _printf_i &rArr; _printf_int_dec &rArr; _printf_int_common &rArr; _printf_post_padding
</UL>
<BR>[Calls]<UL><LI><a href="#[90]">&gt;&gt;</a>&nbsp;&nbsp;&nbsp;_printf_int_dec (via Veneer)
</UL>

<P><STRONG><a name="[91]"></a>_printf_d</STRONG> (ARM, 0 bytes, Stack size unknown bytes, _printf_d.o(.ARM.Collect$$_printf_percent$$00000009))
<BR><BR>[Stack]<UL><LI>Max Depth = 88 + Unknown Stack Size
<LI>Call Chain = _printf_d &rArr; _printf_int_dec &rArr; _printf_int_common &rArr; _printf_post_padding
</UL>
<BR>[Calls]<UL><LI><a href="#[90]">&gt;&gt;</a>&nbsp;&nbsp;&nbsp;_printf_int_dec (via Veneer)
</UL>

<P><STRONG><a name="[92]"></a>_printf_u</STRONG> (ARM, 0 bytes, Stack size unknown bytes, _printf_u.o(.ARM.Collect$$_printf_percent$$0000000A))
<BR><BR>[Stack]<UL><LI>Max Depth = 88 + Unknown Stack Size
<LI>Call Chain = _printf_u &rArr; _printf_int_dec &rArr; _printf_int_common &rArr; _printf_post_padding
</UL>
<BR>[Calls]<UL><LI><a href="#[90]">&gt;&gt;</a>&nbsp;&nbsp;&nbsp;_printf_int_dec (via Veneer)
</UL>

<P><STRONG><a name="[93]"></a>_printf_o</STRONG> (ARM, 0 bytes, Stack size unknown bytes, _printf_o.o(.ARM.Collect$$_printf_percent$$0000000B))
<BR><BR>[Stack]<UL><LI>Max Depth = 80 + Unknown Stack Size
<LI>Call Chain = _printf_o &rArr; _printf_int_oct &rArr; _printf_longlong_oct &rArr; _printf_int_common &rArr; _printf_post_padding
</UL>
<BR>[Calls]<UL><LI><a href="#[94]">&gt;&gt;</a>&nbsp;&nbsp;&nbsp;_printf_int_oct (via Veneer)
</UL>

<P><STRONG><a name="[95]"></a>_printf_x</STRONG> (ARM, 0 bytes, Stack size unknown bytes, _printf_x.o(.ARM.Collect$$_printf_percent$$0000000C))
<BR><BR>[Stack]<UL><LI>Max Depth = 96 + Unknown Stack Size
<LI>Call Chain = _printf_x &rArr; _printf_int_hex &rArr; _printf_longlong_hex &rArr; _printf_int_common &rArr; _printf_post_padding
</UL>
<BR>[Calls]<UL><LI><a href="#[96]">&gt;&gt;</a>&nbsp;&nbsp;&nbsp;_printf_int_hex (via Veneer)
</UL>

<P><STRONG><a name="[97]"></a>_printf_lli</STRONG> (ARM, 0 bytes, Stack size unknown bytes, _printf_lli.o(.ARM.Collect$$_printf_percent$$0000000D))
<BR><BR>[Stack]<UL><LI>Max Depth = 88 + Unknown Stack Size
<LI>Call Chain = _printf_lli &rArr; _printf_longlong_dec &rArr; _printf_int_common &rArr; _printf_post_padding
</UL>
<BR>[Calls]<UL><LI><a href="#[98]">&gt;&gt;</a>&nbsp;&nbsp;&nbsp;_printf_longlong_dec (via Veneer)
</UL>

<P><STRONG><a name="[99]"></a>_printf_lld</STRONG> (ARM, 0 bytes, Stack size unknown bytes, _printf_lld.o(.ARM.Collect$$_printf_percent$$0000000E))
<BR><BR>[Stack]<UL><LI>Max Depth = 88 + Unknown Stack Size
<LI>Call Chain = _printf_lld &rArr; _printf_longlong_dec &rArr; _printf_int_common &rArr; _printf_post_padding
</UL>
<BR>[Calls]<UL><LI><a href="#[98]">&gt;&gt;</a>&nbsp;&nbsp;&nbsp;_printf_longlong_dec (via Veneer)
</UL>

<P><STRONG><a name="[9a]"></a>_printf_llu</STRONG> (ARM, 0 bytes, Stack size unknown bytes, _printf_llu.o(.ARM.Collect$$_printf_percent$$0000000F))
<BR><BR>[Stack]<UL><LI>Max Depth = 88 + Unknown Stack Size
<LI>Call Chain = _printf_llu &rArr; _printf_longlong_dec &rArr; _printf_int_common &rArr; _printf_post_padding
</UL>
<BR>[Calls]<UL><LI><a href="#[98]">&gt;&gt;</a>&nbsp;&nbsp;&nbsp;_printf_longlong_dec (via Veneer)
</UL>

<P><STRONG><a name="[9b]"></a>_printf_llo</STRONG> (ARM, 0 bytes, Stack size unknown bytes, _printf_llo.o(.ARM.Collect$$_printf_percent$$00000010))
<BR><BR>[Stack]<UL><LI>Max Depth = 72 + Unknown Stack Size
<LI>Call Chain = _printf_llo &rArr; _printf_ll_oct &rArr; _printf_longlong_oct &rArr; _printf_int_common &rArr; _printf_post_padding
</UL>
<BR>[Calls]<UL><LI><a href="#[9c]">&gt;&gt;</a>&nbsp;&nbsp;&nbsp;_printf_ll_oct (via Veneer)
</UL>

<P><STRONG><a name="[9d]"></a>_printf_llx</STRONG> (ARM, 0 bytes, Stack size unknown bytes, _printf_llx.o(.ARM.Collect$$_printf_percent$$00000011))
<BR><BR>[Stack]<UL><LI>Max Depth = 80 + Unknown Stack Size
<LI>Call Chain = _printf_llx &rArr; _printf_ll_hex &rArr; _printf_longlong_hex &rArr; _printf_int_common &rArr; _printf_post_padding
</UL>
<BR>[Calls]<UL><LI><a href="#[9e]">&gt;&gt;</a>&nbsp;&nbsp;&nbsp;_printf_ll_hex (via Veneer)
</UL>

<P><STRONG><a name="[2b2]"></a>_printf_l</STRONG> (ARM, 0 bytes, Stack size unknown bytes, _printf_l.o(.ARM.Collect$$_printf_percent$$00000012))

<P><STRONG><a name="[9f]"></a>_printf_c</STRONG> (ARM, 0 bytes, Stack size unknown bytes, _printf_c.o(.ARM.Collect$$_printf_percent$$00000013))
<BR><BR>[Stack]<UL><LI>Max Depth = 40 + Unknown Stack Size
<LI>Call Chain = _printf_c &rArr; _printf_char &rArr; _printf_cs_common &rArr; _printf_str &rArr; _printf_post_padding
</UL>
<BR>[Calls]<UL><LI><a href="#[a0]">&gt;&gt;</a>&nbsp;&nbsp;&nbsp;_printf_char (via Veneer)
</UL>

<P><STRONG><a name="[a1]"></a>_printf_s</STRONG> (ARM, 0 bytes, Stack size unknown bytes, _printf_s.o(.ARM.Collect$$_printf_percent$$00000014))
<BR><BR>[Stack]<UL><LI>Max Depth = 40 + Unknown Stack Size
<LI>Call Chain = _printf_s &rArr; _printf_string &rArr; _printf_cs_common &rArr; _printf_str &rArr; _printf_post_padding
</UL>
<BR>[Calls]<UL><LI><a href="#[a2]">&gt;&gt;</a>&nbsp;&nbsp;&nbsp;_printf_string (via Veneer)
</UL>

<P><STRONG><a name="[a3]"></a>_printf_lc</STRONG> (ARM, 0 bytes, Stack size unknown bytes, _printf_lc.o(.ARM.Collect$$_printf_percent$$00000015))
<BR><BR>[Stack]<UL><LI>Max Depth = 96 + Unknown Stack Size
<LI>Call Chain = _printf_lc &rArr; _printf_wchar &rArr; _printf_lcs_common &rArr; _printf_wctomb &rArr; _wcrtomb &rArr; __rt_ctype_table &rArr; __rt_locale
</UL>
<BR>[Calls]<UL><LI><a href="#[a4]">&gt;&gt;</a>&nbsp;&nbsp;&nbsp;_printf_wchar (via Veneer)
</UL>

<P><STRONG><a name="[a5]"></a>_printf_ls</STRONG> (ARM, 0 bytes, Stack size unknown bytes, _printf_ls.o(.ARM.Collect$$_printf_percent$$00000016))
<BR><BR>[Stack]<UL><LI>Max Depth = 96 + Unknown Stack Size
<LI>Call Chain = _printf_ls &rArr; _printf_wstring &rArr; _printf_lcs_common &rArr; _printf_wctomb &rArr; _wcrtomb &rArr; __rt_ctype_table &rArr; __rt_locale
</UL>
<BR>[Calls]<UL><LI><a href="#[a6]">&gt;&gt;</a>&nbsp;&nbsp;&nbsp;_printf_wstring (via Veneer)
</UL>

<P><STRONG><a name="[2b3]"></a>_printf_percent_end</STRONG> (ARM, 0 bytes, Stack size unknown bytes, _printf_percent_end.o(.ARM.Collect$$_printf_percent$$00000017))

<P><STRONG><a name="[a7]"></a>__rt_lib_init</STRONG> (Thumb, 0 bytes, Stack size unknown bytes, libinit.o(.ARM.Collect$$libinit$$00000000))
<BR><BR>[Stack]<UL><LI>Max Depth = 24 + Unknown Stack Size
<LI>Call Chain = __rt_lib_init &rArr; _fp_init &rArr; __rt_fp_status_addr &rArr; __user_perthread_libspace
</UL>
<BR>[Calls]<UL><LI><a href="#[a8]">&gt;&gt;</a>&nbsp;&nbsp;&nbsp;_fp_init (via Veneer)
</UL>
<BR>[Called By]<UL><LI><a href="#[b9]">&gt;&gt;</a>&nbsp;&nbsp;&nbsp;__rt_entry_li (via Veneer)
</UL>

<P><STRONG><a name="[a9]"></a>__rt_lib_init_heap_2</STRONG> (Thumb, 0 bytes, Stack size unknown bytes, libinit2.o(.ARM.Collect$$libinit$$00000001))
<BR><BR>[Stack]<UL><LI>Max Depth = 120 + Unknown Stack Size
<LI>Call Chain = __rt_lib_init_heap_2 &rArr; _init_alloc &rArr; __Heap_ProvideMemory &rArr; _free_internal &rArr; _mutex_release &rArr; os_mut_release &rArr; os_dispatch &rArr; os_put_prio
</UL>
<BR>[Calls]<UL><LI><a href="#[aa]">&gt;&gt;</a>&nbsp;&nbsp;&nbsp;_init_alloc
</UL>

<P><STRONG><a name="[2b4]"></a>__rt_lib_init_heap_1</STRONG> (Thumb, 0 bytes, Stack size unknown bytes, libinit2.o(.ARM.Collect$$libinit$$00000006))

<P><STRONG><a name="[ab]"></a>__rt_lib_init_lc_common</STRONG> (Thumb, 0 bytes, Stack size unknown bytes, libinit2.o(.ARM.Collect$$libinit$$0000000B))
<BR><BR>[Stack]<UL><LI>Max Depth = 8 + Unknown Stack Size
<LI>Call Chain = __rt_lib_init_lc_common &rArr; __rt_locale
</UL>
<BR>[Calls]<UL><LI><a href="#[ac]">&gt;&gt;</a>&nbsp;&nbsp;&nbsp;__rt_locale (via Veneer)
</UL>

<P><STRONG><a name="[2b5]"></a>__rt_lib_init_rand_1</STRONG> (Thumb, 0 bytes, Stack size unknown bytes, libinit2.o(.ARM.Collect$$libinit$$0000000A))

<P><STRONG><a name="[2b6]"></a>__rt_lib_init_user_alloc_1</STRONG> (Thumb, 0 bytes, Stack size unknown bytes, libinit2.o(.ARM.Collect$$libinit$$00000008))

<P><STRONG><a name="[2b7]"></a>__rt_lib_init_lc_collate_1</STRONG> (Thumb, 0 bytes, Stack size unknown bytes, libinit2.o(.ARM.Collect$$libinit$$0000000D))

<P><STRONG><a name="[ad]"></a>__rt_lib_init_lc_ctype_2</STRONG> (Thumb, 0 bytes, Stack size unknown bytes, libinit2.o(.ARM.Collect$$libinit$$0000000E))
<BR><BR>[Stack]<UL><LI>Max Depth = 12 + Unknown Stack Size
<LI>Call Chain = __rt_lib_init_lc_ctype_2 &rArr; _get_lc_ctype &rArr; strcmp
</UL>
<BR>[Calls]<UL><LI><a href="#[35]">&gt;&gt;</a>&nbsp;&nbsp;&nbsp;_get_lc_ctype (via Veneer)
</UL>

<P><STRONG><a name="[2b8]"></a>__rt_lib_init_lc_ctype_1</STRONG> (Thumb, 0 bytes, Stack size unknown bytes, libinit2.o(.ARM.Collect$$libinit$$0000000F))

<P><STRONG><a name="[2b9]"></a>__rt_lib_init_lc_monetary_1</STRONG> (Thumb, 0 bytes, Stack size unknown bytes, libinit2.o(.ARM.Collect$$libinit$$00000011))

<P><STRONG><a name="[ae]"></a>__rt_lib_init_lc_numeric_2</STRONG> (Thumb, 0 bytes, Stack size unknown bytes, libinit2.o(.ARM.Collect$$libinit$$00000012))
<BR><BR>[Stack]<UL><LI>Max Depth = 12 + Unknown Stack Size
<LI>Call Chain = __rt_lib_init_lc_numeric_2 &rArr; _get_lc_numeric &rArr; strcmp
</UL>
<BR>[Calls]<UL><LI><a href="#[af]">&gt;&gt;</a>&nbsp;&nbsp;&nbsp;_get_lc_numeric (via Veneer)
</UL>

<P><STRONG><a name="[2ba]"></a>__rt_lib_init_atexit_1</STRONG> (Thumb, 0 bytes, Stack size unknown bytes, libinit2.o(.ARM.Collect$$libinit$$00000017))

<P><STRONG><a name="[2bb]"></a>__rt_lib_init_clock_1</STRONG> (Thumb, 0 bytes, Stack size unknown bytes, libinit2.o(.ARM.Collect$$libinit$$0000001D))

<P><STRONG><a name="[2bc]"></a>__rt_lib_init_fp_trap_1</STRONG> (Thumb, 0 bytes, Stack size unknown bytes, libinit2.o(.ARM.Collect$$libinit$$0000001B))

<P><STRONG><a name="[2bd]"></a>__rt_lib_init_getenv_1</STRONG> (Thumb, 0 bytes, Stack size unknown bytes, libinit2.o(.ARM.Collect$$libinit$$0000001F))

<P><STRONG><a name="[2be]"></a>__rt_lib_init_lc_numeric_1</STRONG> (Thumb, 0 bytes, Stack size unknown bytes, libinit2.o(.ARM.Collect$$libinit$$00000013))

<P><STRONG><a name="[2bf]"></a>__rt_lib_init_lc_time_1</STRONG> (Thumb, 0 bytes, Stack size unknown bytes, libinit2.o(.ARM.Collect$$libinit$$00000015))

<P><STRONG><a name="[2c0]"></a>__rt_lib_init_signal_1</STRONG> (Thumb, 0 bytes, Stack size unknown bytes, libinit2.o(.ARM.Collect$$libinit$$00000019))

<P><STRONG><a name="[b0]"></a>__rt_lib_init_stdio_2</STRONG> (Thumb, 0 bytes, Stack size unknown bytes, libinit2.o(.ARM.Collect$$libinit$$00000020))
<BR><BR>[Stack]<UL><LI>Max Depth = 480 + Unknown Stack Size
<LI>Call Chain = __rt_lib_init_stdio_2 &rArr; _initio &rArr; freopen &rArr; _freopen_locked &rArr; _sys_open &rArr; __fopen &rArr; fat_find_file &rArr; fat_find_dir &rArr; write_entries &rArr; check_name &rArr; search_for_name &rArr; set_next_clus &rArr; cache_fat &rArr; mmc_read_sect &rArr; mci_wait_for_tran &rArr; mci_send_stop &rArr; mci_command
</UL>
<BR>[Calls]<UL><LI><a href="#[b1]">&gt;&gt;</a>&nbsp;&nbsp;&nbsp;_initio
</UL>

<P><STRONG><a name="[2c1]"></a>__rt_lib_init_alloca_1</STRONG> (Thumb, 0 bytes, Stack size unknown bytes, libinit2.o(.ARM.Collect$$libinit$$0000002A))

<P><STRONG><a name="[2c2]"></a>__rt_lib_init_argv_1</STRONG> (Thumb, 0 bytes, Stack size unknown bytes, libinit2.o(.ARM.Collect$$libinit$$00000028))

<P><STRONG><a name="[b2]"></a>__rt_lib_init_cpp_2</STRONG> (Thumb, 0 bytes, Stack size unknown bytes, libinit2.o(.ARM.Collect$$libinit$$0000002D))
<BR><BR>[Stack]<UL><LI>Max Depth = 16 + Unknown Stack Size
<LI>Call Chain = __rt_lib_init_cpp_2 &rArr; __cpp_initialize__aeabi_
</UL>
<BR>[Calls]<UL><LI><a href="#[80]">&gt;&gt;</a>&nbsp;&nbsp;&nbsp;__cpp_initialize__aeabi_
</UL>

<P><STRONG><a name="[2c3]"></a>__rt_lib_init_exceptions_1</STRONG> (Thumb, 0 bytes, Stack size unknown bytes, libinit2.o(.ARM.Collect$$libinit$$0000002C))

<P><STRONG><a name="[2c4]"></a>__rt_lib_init_stdio_1</STRONG> (Thumb, 0 bytes, Stack size unknown bytes, libinit2.o(.ARM.Collect$$libinit$$00000021))

<P><STRONG><a name="[2c5]"></a>__rt_lib_init_cpp_1</STRONG> (Thumb, 0 bytes, Stack size unknown bytes, libinit2.o(.ARM.Collect$$libinit$$0000002E))

<P><STRONG><a name="[2c6]"></a>__rt_lib_init_return</STRONG> (Thumb, 0 bytes, Stack size unknown bytes, libinit2.o(.ARM.Collect$$libinit$$0000002F))

<P><STRONG><a name="[bd]"></a>__rt_lib_shutdown</STRONG> (Thumb, 0 bytes, Stack size unknown bytes, libshutdown.o(.ARM.Collect$$libshutdown$$00000000))
<BR><BR>[Called By]<UL><LI><a href="#[173]">&gt;&gt;</a>&nbsp;&nbsp;&nbsp;abort
<LI><a href="#[bc]">&gt;&gt;</a>&nbsp;&nbsp;&nbsp;__rt_exit_ls (via Veneer)
</UL>

<P><STRONG><a name="[b3]"></a>__rt_lib_shutdown_cpp_1</STRONG> (Thumb, 0 bytes, Stack size unknown bytes, libshutdown2.o(.ARM.Collect$$libshutdown$$00000001))
<BR><BR>[Stack]<UL><LI>Max Depth = 112 + Unknown Stack Size
<LI>Call Chain = __rt_lib_shutdown_cpp_1 &rArr; __cxa_finalize &rArr; free &rArr; _free_internal &rArr; _mutex_release &rArr; os_mut_release &rArr; os_dispatch &rArr; os_put_prio
</UL>
<BR>[Calls]<UL><LI><a href="#[b4]">&gt;&gt;</a>&nbsp;&nbsp;&nbsp;__cxa_finalize
</UL>

<P><STRONG><a name="[b5]"></a>__rt_lib_shutdown_stdio_2</STRONG> (Thumb, 0 bytes, Stack size unknown bytes, libshutdown2.o(.ARM.Collect$$libshutdown$$00000002))
<BR><BR>[Stack]<UL><LI>Max Depth = 312 + Unknown Stack Size
<LI>Call Chain = __rt_lib_shutdown_stdio_2 &rArr; _terminateio &rArr; _fclose_internal &rArr; _fflush &rArr; _writebuf &rArr; _sys_write &rArr; __write &rArr; fat_write &rArr; get_free_clus &rArr; cache_fat &rArr; mmc_read_sect &rArr; mci_wait_for_tran &rArr; mci_send_stop &rArr; mci_command
</UL>
<BR>[Calls]<UL><LI><a href="#[b6]">&gt;&gt;</a>&nbsp;&nbsp;&nbsp;_terminateio
</UL>

<P><STRONG><a name="[2c7]"></a>__rt_lib_shutdown_fp_trap_1</STRONG> (Thumb, 0 bytes, Stack size unknown bytes, libshutdown2.o(.ARM.Collect$$libshutdown$$00000006))

<P><STRONG><a name="[2c8]"></a>__rt_lib_shutdown_heap_1</STRONG> (Thumb, 0 bytes, Stack size unknown bytes, libshutdown2.o(.ARM.Collect$$libshutdown$$0000000E))

<P><STRONG><a name="[2c9]"></a>__rt_lib_shutdown_return</STRONG> (Thumb, 0 bytes, Stack size unknown bytes, libshutdown2.o(.ARM.Collect$$libshutdown$$0000000F))

<P><STRONG><a name="[2ca]"></a>__rt_lib_shutdown_signal_1</STRONG> (Thumb, 0 bytes, Stack size unknown bytes, libshutdown2.o(.ARM.Collect$$libshutdown$$00000009))

<P><STRONG><a name="[2cb]"></a>__rt_lib_shutdown_stdio_1</STRONG> (Thumb, 0 bytes, Stack size unknown bytes, libshutdown2.o(.ARM.Collect$$libshutdown$$00000003))

<P><STRONG><a name="[2cc]"></a>__rt_lib_shutdown_user_alloc_1</STRONG> (Thumb, 0 bytes, Stack size unknown bytes, libshutdown2.o(.ARM.Collect$$libshutdown$$0000000B))

<P><STRONG><a name="[82]"></a>__rt_entry</STRONG> (ARM, 0 bytes, Stack size unknown bytes, rtentry.o(.ARM.Collect$$rtentry$$00000000))
<BR><BR>[Called By]<UL><LI><a href="#[7f]">&gt;&gt;</a>&nbsp;&nbsp;&nbsp;__main
<LI><a href="#[83]">&gt;&gt;</a>&nbsp;&nbsp;&nbsp;__scatterload_rt2
</UL>

<P><STRONG><a name="[2cd]"></a>__rt_entry_presh_1</STRONG> (ARM, 0 bytes, Stack size unknown bytes, rtentry2.o(.ARM.Collect$$rtentry$$00000002))

<P><STRONG><a name="[b7]"></a>__rt_entry_sh</STRONG> (ARM, 0 bytes, Stack size unknown bytes, rtentry4.o(.ARM.Collect$$rtentry$$00000004))
<BR><BR>[Stack]<UL><LI>Max Depth = 8 + Unknown Stack Size
<LI>Call Chain = __rt_entry_sh &rArr; __user_setup_stackheap
</UL>
<BR>[Calls]<UL><LI><a href="#[b8]">&gt;&gt;</a>&nbsp;&nbsp;&nbsp;__user_setup_stackheap
</UL>

<P><STRONG><a name="[b9]"></a>__rt_entry_li</STRONG> (ARM, 0 bytes, Stack size unknown bytes, rtentry2.o(.ARM.Collect$$rtentry$$0000000A))
<BR><BR>[Stack]<UL><LI>Max Depth = 24 + Unknown Stack Size
<LI>Call Chain = __rt_entry_li &rArr; __rt_lib_init &rArr; _fp_init &rArr; __rt_fp_status_addr &rArr; __user_perthread_libspace
</UL>
<BR>[Calls]<UL><LI><a href="#[a7]">&gt;&gt;</a>&nbsp;&nbsp;&nbsp;__rt_lib_init (via Veneer)
</UL>

<P><STRONG><a name="[2ce]"></a>__rt_entry_postsh_1</STRONG> (ARM, 0 bytes, Stack size unknown bytes, rtentry2.o(.ARM.Collect$$rtentry$$00000009))

<P><STRONG><a name="[ba]"></a>__rt_entry_main</STRONG> (ARM, 0 bytes, Stack size unknown bytes, rtentry2.o(.ARM.Collect$$rtentry$$0000000D))
<BR><BR>[Calls]<UL><LI><a href="#[bb]">&gt;&gt;</a>&nbsp;&nbsp;&nbsp;exit (via BX)
</UL>

<P><STRONG><a name="[2cf]"></a>__rt_entry_postli_1</STRONG> (ARM, 0 bytes, Stack size unknown bytes, rtentry2.o(.ARM.Collect$$rtentry$$0000000C))

<P><STRONG><a name="[19d]"></a>__rt_exit</STRONG> (ARM, 0 bytes, Stack size unknown bytes, rtexit.o(.ARM.Collect$$rtexit$$00000000))
<BR><BR>[Called By]<UL><LI><a href="#[bb]">&gt;&gt;</a>&nbsp;&nbsp;&nbsp;exit (via Veneer)
</UL>

<P><STRONG><a name="[bc]"></a>__rt_exit_ls</STRONG> (ARM, 0 bytes, Stack size unknown bytes, rtexit2.o(.ARM.Collect$$rtexit$$00000003))
<BR><BR>[Calls]<UL><LI><a href="#[bd]">&gt;&gt;</a>&nbsp;&nbsp;&nbsp;__rt_lib_shutdown (via Veneer)
</UL>

<P><STRONG><a name="[2d0]"></a>__rt_exit_prels_1</STRONG> (ARM, 0 bytes, Stack size unknown bytes, rtexit2.o(.ARM.Collect$$rtexit$$00000002))

<P><STRONG><a name="[be]"></a>__rt_exit_exit</STRONG> (ARM, 0 bytes, Stack size unknown bytes, rtexit2.o(.ARM.Collect$$rtexit$$00000004))
<BR><BR>[Calls]<UL><LI><a href="#[bf]">&gt;&gt;</a>&nbsp;&nbsp;&nbsp;_sys_exit (via Veneer)
</UL>

<P><STRONG><a name="[2d1]"></a>_inc_qi</STRONG> (Thumb, 60 bytes, Stack size 0 bytes, hal_arm.o(.emb_text), UNUSED)

<P><STRONG><a name="[266]"></a>_dec_qc</STRONG> (Thumb, 32 bytes, Stack size 0 bytes, hal_arm.o(.emb_text))
<BR><BR>[Called By]<UL><LI><a href="#[24]">&gt;&gt;</a>&nbsp;&nbsp;&nbsp;os_sys_manager
</UL>

<P><STRONG><a name="[25f]"></a>os_set_env</STRONG> (Thumb, 8 bytes, Stack size 0 bytes, hal_arm.o(.emb_text))
<BR><BR>[Called By]<UL><LI><a href="#[22]">&gt;&gt;</a>&nbsp;&nbsp;&nbsp;os_sys_init1
</UL>

<P><STRONG><a name="[2d2]"></a>os_sys_init0</STRONG> (Thumb, 12 bytes, Stack size 0 bytes, hal_arm.o(.emb_text), UNUSED)

<P><STRONG><a name="[262]"></a>os_sys_run</STRONG> (Thumb, 16 bytes, Stack size 0 bytes, hal_arm.o(.emb_text))
<BR><BR>[Called By]<UL><LI><a href="#[22]">&gt;&gt;</a>&nbsp;&nbsp;&nbsp;os_sys_init1
</UL>

<P><STRONG><a name="[27]"></a>os_clock_interrupt</STRONG> (ARM, 128 bytes, Stack size 0 bytes, hal_arm.o(.emb_text))
<BR>[Address Reference Count : 1]<UL><LI> rtx_config.o(.text)
</UL>
<P><STRONG><a name="[268]"></a>os_sys_manager_ret</STRONG> (Thumb, 0 bytes, Stack size unknown bytes, hal_arm.o(.emb_text))
<BR><BR>[Called By]<UL><LI><a href="#[24]">&gt;&gt;</a>&nbsp;&nbsp;&nbsp;os_sys_manager
</UL>

<P><STRONG><a name="[2d3]"></a>SWI_Handler</STRONG> (ARM, 192 bytes, Stack size 0 bytes, hal_arm.o(.emb_text), UNUSED)

<P><STRONG><a name="[1fe]"></a>os_switch_tasks_ret</STRONG> (Thumb, 0 bytes, Stack size unknown bytes, hal_arm.o(.emb_text))
<BR><BR>[Called By]<UL><LI><a href="#[3e]">&gt;&gt;</a>&nbsp;&nbsp;&nbsp;__SWI_0
</UL>

<P><STRONG><a name="[195]"></a>__user_initial_stackheap</STRONG> (ARM, 0 bytes, Stack size 0 bytes, lpc2300.o(.text))
<BR><BR>[Called By]<UL><LI><a href="#[b8]">&gt;&gt;</a>&nbsp;&nbsp;&nbsp;__user_setup_stackheap
</UL>

<P><STRONG><a name="[2d4]"></a>_maybe_terminate_alloc</STRONG> (Thumb, 0 bytes, Stack size 0 bytes, maybetermalloc1.o(.emb_text), UNUSED)

<P><STRONG><a name="[c3]"></a>mmc_init</STRONG> (Thumb, 494 bytes, Stack size 56 bytes, mci_lpc23xx.o(.text), UNUSED)
<BR><BR>[Calls]<UL><LI><a href="#[c4]">&gt;&gt;</a>&nbsp;&nbsp;&nbsp;mci_set_speed
<LI><a href="#[c5]">&gt;&gt;</a>&nbsp;&nbsp;&nbsp;mci_bus_mode
<LI><a href="#[c2]">&gt;&gt;</a>&nbsp;&nbsp;&nbsp;mci_select_card
<LI><a href="#[c0]">&gt;&gt;</a>&nbsp;&nbsp;&nbsp;mci_send_acmd
<LI><a href="#[c1]">&gt;&gt;</a>&nbsp;&nbsp;&nbsp;mci_command
</UL>

<P><STRONG><a name="[c7]"></a>mmc_read_sect</STRONG> (Thumb, 180 bytes, Stack size 40 bytes, mci_lpc23xx.o(.text))
<BR><BR>[Stack]<UL><LI>Max Depth = 72<LI>Call Chain = mmc_read_sect &rArr; mci_wait_for_tran &rArr; mci_send_stop &rArr; mci_command
</UL>
<BR>[Calls]<UL><LI><a href="#[c8]">&gt;&gt;</a>&nbsp;&nbsp;&nbsp;mci_wait_for_tran
<LI><a href="#[ca]">&gt;&gt;</a>&nbsp;&nbsp;&nbsp;mci_send_stop
<LI><a href="#[c9]">&gt;&gt;</a>&nbsp;&nbsp;&nbsp;mci_dma_start
<LI><a href="#[c1]">&gt;&gt;</a>&nbsp;&nbsp;&nbsp;mci_command
</UL>
<BR>[Called By]<UL><LI><a href="#[226]">&gt;&gt;</a>&nbsp;&nbsp;&nbsp;read_sector
<LI><a href="#[23c]">&gt;&gt;</a>&nbsp;&nbsp;&nbsp;read_cache
<LI><a href="#[22a]">&gt;&gt;</a>&nbsp;&nbsp;&nbsp;cache_fat
</UL>

<P><STRONG><a name="[cb]"></a>mmc_write_sect</STRONG> (Thumb, 184 bytes, Stack size 32 bytes, mci_lpc23xx.o(.text))
<BR><BR>[Stack]<UL><LI>Max Depth = 64<LI>Call Chain = mmc_write_sect &rArr; mci_wait_for_tran &rArr; mci_send_stop &rArr; mci_command
</UL>
<BR>[Calls]<UL><LI><a href="#[c8]">&gt;&gt;</a>&nbsp;&nbsp;&nbsp;mci_wait_for_tran
<LI><a href="#[ca]">&gt;&gt;</a>&nbsp;&nbsp;&nbsp;mci_send_stop
<LI><a href="#[c9]">&gt;&gt;</a>&nbsp;&nbsp;&nbsp;mci_dma_start
<LI><a href="#[c6]">&gt;&gt;</a>&nbsp;&nbsp;&nbsp;mci_read_status
<LI><a href="#[c1]">&gt;&gt;</a>&nbsp;&nbsp;&nbsp;mci_command
</UL>
<BR>[Called By]<UL><LI><a href="#[234]">&gt;&gt;</a>&nbsp;&nbsp;&nbsp;write_sector
<LI><a href="#[230]">&gt;&gt;</a>&nbsp;&nbsp;&nbsp;write_cache
<LI><a href="#[22a]">&gt;&gt;</a>&nbsp;&nbsp;&nbsp;cache_fat
</UL>

<P><STRONG><a name="[cc]"></a>mmc_read_config</STRONG> (Thumb, 138 bytes, Stack size 32 bytes, mci_lpc23xx.o(.text), UNUSED)
<BR><BR>[Calls]<UL><LI><a href="#[c8]">&gt;&gt;</a>&nbsp;&nbsp;&nbsp;mci_wait_for_tran
<LI><a href="#[c2]">&gt;&gt;</a>&nbsp;&nbsp;&nbsp;mci_select_card
<LI><a href="#[c1]">&gt;&gt;</a>&nbsp;&nbsp;&nbsp;mci_command
</UL>

<P><STRONG><a name="[4d]"></a>os_idle_demon</STRONG> (Thumb, 2 bytes, Stack size 0 bytes, rtx_config.o(.text))
<BR><BR>[Calls]<UL><LI><a href="#[4d]">&gt;&gt;</a>&nbsp;&nbsp;&nbsp;os_idle_demon
</UL>
<BR>[Called By]<UL><LI><a href="#[4d]">&gt;&gt;</a>&nbsp;&nbsp;&nbsp;os_idle_demon
<LI><a href="#[22]">&gt;&gt;</a>&nbsp;&nbsp;&nbsp;os_sys_init1
</UL>
<BR>[Address Reference Count : 1]<UL><LI> rt_task.o(i.os_sys_init1)
</UL>
<P><STRONG><a name="[269]"></a>os_tmr_call</STRONG> (Thumb, 2 bytes, Stack size 0 bytes, rtx_config.o(.text))
<BR><BR>[Called By]<UL><LI><a href="#[267]">&gt;&gt;</a>&nbsp;&nbsp;&nbsp;os_tmr_tick
</UL>

<P><STRONG><a name="[cd]"></a>os_error</STRONG> (Thumb, 2 bytes, Stack size 0 bytes, rtx_config.o(.text))
<BR><BR>[Calls]<UL><LI><a href="#[cd]">&gt;&gt;</a>&nbsp;&nbsp;&nbsp;os_error
</UL>
<BR>[Called By]<UL><LI><a href="#[cd]">&gt;&gt;</a>&nbsp;&nbsp;&nbsp;os_error
<LI><a href="#[259]">&gt;&gt;</a>&nbsp;&nbsp;&nbsp;os_mbx_psh
<LI><a href="#[1fc]">&gt;&gt;</a>&nbsp;&nbsp;&nbsp;os_stk_check
</UL>

<P><STRONG><a name="[260]"></a>os_tmr_init</STRONG> (Thumb, 32 bytes, Stack size 0 bytes, rtx_config.o(.text))
<BR><BR>[Called By]<UL><LI><a href="#[22]">&gt;&gt;</a>&nbsp;&nbsp;&nbsp;os_sys_init1
</UL>

<P><STRONG><a name="[2d5]"></a>os_tmr_force_irq</STRONG> (Thumb, 8 bytes, Stack size 0 bytes, rtx_config.o(.text), UNUSED)

<P><STRONG><a name="[263]"></a>os_tmr_inspect_cnt</STRONG> (Thumb, 6 bytes, Stack size 0 bytes, rtx_config.o(.text))
<BR><BR>[Called By]<UL><LI><a href="#[24]">&gt;&gt;</a>&nbsp;&nbsp;&nbsp;os_sys_manager
</UL>

<P><STRONG><a name="[264]"></a>os_tmr_inspect_ovf</STRONG> (Thumb, 10 bytes, Stack size 0 bytes, rtx_config.o(.text))
<BR><BR>[Called By]<UL><LI><a href="#[24]">&gt;&gt;</a>&nbsp;&nbsp;&nbsp;os_sys_manager
</UL>

<P><STRONG><a name="[23]"></a>os_irq_ack_lock</STRONG> (Thumb, 22 bytes, Stack size 0 bytes, rtx_config.o(.text))
<BR>[Address Reference Count : 1]<UL><LI> hal_arm.o(.emb_text)
</UL>
<P><STRONG><a name="[43]"></a>__SWI_5</STRONG> (Thumb, 8 bytes, Stack size 0 bytes, rtx_config.o(.text))
<BR>[Address Reference Count : 1]<UL><LI> swi_table.o(SWI_TABLE)
</UL>
<P><STRONG><a name="[25]"></a>tsk_unlock</STRONG> (Thumb, 8 bytes, Stack size 0 bytes, rtx_config.o(.text))
<BR><BR>[Called By]<UL><LI><a href="#[d3]">&gt;&gt;</a>&nbsp;&nbsp;&nbsp;os_mut_wait
<LI><a href="#[d5]">&gt;&gt;</a>&nbsp;&nbsp;&nbsp;os_mut_release
<LI><a href="#[d1]">&gt;&gt;</a>&nbsp;&nbsp;&nbsp;os_mut_init
<LI><a href="#[3e]">&gt;&gt;</a>&nbsp;&nbsp;&nbsp;__SWI_0
<LI><a href="#[4e]">&gt;&gt;</a>&nbsp;&nbsp;&nbsp;os_tsk_create0
</UL>
<BR>[Address Reference Count : 1]<UL><LI> hal_arm.o(.emb_text)
</UL>
<P><STRONG><a name="[ce]"></a>__user_perthread_libspace</STRONG> (Thumb, 30 bytes, Stack size 8 bytes, rtx_config.o(.text))
<BR><BR>[Stack]<UL><LI>Max Depth = 8<LI>Call Chain = __user_perthread_libspace
</UL>
<BR>[Calls]<UL><LI><a href="#[cf]">&gt;&gt;</a>&nbsp;&nbsp;&nbsp;os_tsk_self
</UL>
<BR>[Called By]<UL><LI><a href="#[157]">&gt;&gt;</a>&nbsp;&nbsp;&nbsp;__aeabi_errno_addr (via Veneer)
<LI><a href="#[1a4]">&gt;&gt;</a>&nbsp;&nbsp;&nbsp;__rt_fp_status_addr (via Veneer)
</UL>

<P><STRONG><a name="[d0]"></a>_mutex_initialize</STRONG> (Thumb, 36 bytes, Stack size 8 bytes, rtx_config.o(.text))
<BR><BR>[Stack]<UL><LI>Max Depth = 24<LI>Call Chain = _mutex_initialize &rArr; os_mut_init
</UL>
<BR>[Calls]<UL><LI><a href="#[d1]">&gt;&gt;</a>&nbsp;&nbsp;&nbsp;os_mut_init
</UL>
<BR>[Called By]<UL><LI><a href="#[143]">&gt;&gt;</a>&nbsp;&nbsp;&nbsp;fopen
<LI><a href="#[b1]">&gt;&gt;</a>&nbsp;&nbsp;&nbsp;_initio
<LI><a href="#[17e]">&gt;&gt;</a>&nbsp;&nbsp;&nbsp;__Heap_Initialize
</UL>

<P><STRONG><a name="[d2]"></a>_mutex_acquire</STRONG> (Thumb, 22 bytes, Stack size 8 bytes, rtx_config.o(.text))
<BR><BR>[Stack]<UL><LI>Max Depth = 44<LI>Call Chain = _mutex_acquire &rArr; os_mut_wait &rArr; os_block &rArr; os_put_dly
</UL>
<BR>[Calls]<UL><LI><a href="#[cf]">&gt;&gt;</a>&nbsp;&nbsp;&nbsp;os_tsk_self
<LI><a href="#[d3]">&gt;&gt;</a>&nbsp;&nbsp;&nbsp;os_mut_wait
</UL>
<BR>[Called By]<UL><LI><a href="#[dc]">&gt;&gt;</a>&nbsp;&nbsp;&nbsp;__write
<LI><a href="#[e0]">&gt;&gt;</a>&nbsp;&nbsp;&nbsp;__setfpos
<LI><a href="#[de]">&gt;&gt;</a>&nbsp;&nbsp;&nbsp;__read
<LI><a href="#[e4]">&gt;&gt;</a>&nbsp;&nbsp;&nbsp;__getfsize
<LI><a href="#[d8]">&gt;&gt;</a>&nbsp;&nbsp;&nbsp;__fopen
<LI><a href="#[e2]">&gt;&gt;</a>&nbsp;&nbsp;&nbsp;__flushbuf
<LI><a href="#[da]">&gt;&gt;</a>&nbsp;&nbsp;&nbsp;__fclose
<LI><a href="#[143]">&gt;&gt;</a>&nbsp;&nbsp;&nbsp;fopen
<LI><a href="#[142]">&gt;&gt;</a>&nbsp;&nbsp;&nbsp;freopen
<LI><a href="#[140]">&gt;&gt;</a>&nbsp;&nbsp;&nbsp;_freopen_locked
<LI><a href="#[172]">&gt;&gt;</a>&nbsp;&nbsp;&nbsp;fseek
<LI><a href="#[171]">&gt;&gt;</a>&nbsp;&nbsp;&nbsp;ftell
<LI><a href="#[155]">&gt;&gt;</a>&nbsp;&nbsp;&nbsp;_free_internal
<LI><a href="#[151]">&gt;&gt;</a>&nbsp;&nbsp;&nbsp;_malloc_internal
<LI><a href="#[18a]">&gt;&gt;</a>&nbsp;&nbsp;&nbsp;setvbuf
<LI><a href="#[b6]">&gt;&gt;</a>&nbsp;&nbsp;&nbsp;_terminateio
<LI><a href="#[187]">&gt;&gt;</a>&nbsp;&nbsp;&nbsp;fwrite
<LI><a href="#[132]">&gt;&gt;</a>&nbsp;&nbsp;&nbsp;_printf_char_file
</UL>

<P><STRONG><a name="[d4]"></a>_mutex_release</STRONG> (Thumb, 20 bytes, Stack size 8 bytes, rtx_config.o(.text))
<BR><BR>[Stack]<UL><LI>Max Depth = 56<LI>Call Chain = _mutex_release &rArr; os_mut_release &rArr; os_dispatch &rArr; os_put_prio
</UL>
<BR>[Calls]<UL><LI><a href="#[cf]">&gt;&gt;</a>&nbsp;&nbsp;&nbsp;os_tsk_self
<LI><a href="#[d5]">&gt;&gt;</a>&nbsp;&nbsp;&nbsp;os_mut_release
</UL>
<BR>[Called By]<UL><LI><a href="#[dc]">&gt;&gt;</a>&nbsp;&nbsp;&nbsp;__write
<LI><a href="#[e0]">&gt;&gt;</a>&nbsp;&nbsp;&nbsp;__setfpos
<LI><a href="#[de]">&gt;&gt;</a>&nbsp;&nbsp;&nbsp;__read
<LI><a href="#[e4]">&gt;&gt;</a>&nbsp;&nbsp;&nbsp;__getfsize
<LI><a href="#[d8]">&gt;&gt;</a>&nbsp;&nbsp;&nbsp;__fopen
<LI><a href="#[e2]">&gt;&gt;</a>&nbsp;&nbsp;&nbsp;__flushbuf
<LI><a href="#[da]">&gt;&gt;</a>&nbsp;&nbsp;&nbsp;__fclose
<LI><a href="#[143]">&gt;&gt;</a>&nbsp;&nbsp;&nbsp;fopen
<LI><a href="#[142]">&gt;&gt;</a>&nbsp;&nbsp;&nbsp;freopen
<LI><a href="#[140]">&gt;&gt;</a>&nbsp;&nbsp;&nbsp;_freopen_locked
<LI><a href="#[172]">&gt;&gt;</a>&nbsp;&nbsp;&nbsp;fseek
<LI><a href="#[171]">&gt;&gt;</a>&nbsp;&nbsp;&nbsp;ftell
<LI><a href="#[155]">&gt;&gt;</a>&nbsp;&nbsp;&nbsp;_free_internal
<LI><a href="#[151]">&gt;&gt;</a>&nbsp;&nbsp;&nbsp;_malloc_internal
<LI><a href="#[18a]">&gt;&gt;</a>&nbsp;&nbsp;&nbsp;setvbuf
<LI><a href="#[b6]">&gt;&gt;</a>&nbsp;&nbsp;&nbsp;_terminateio
<LI><a href="#[187]">&gt;&gt;</a>&nbsp;&nbsp;&nbsp;fwrite
<LI><a href="#[132]">&gt;&gt;</a>&nbsp;&nbsp;&nbsp;_printf_char_file
</UL>

<P><STRONG><a name="[1a3]"></a>_ttywrch</STRONG> (Thumb, 2 bytes, Stack size 0 bytes, retarget.o(.text))
<BR><BR>[Called By]<UL><LI><a href="#[19e]">&gt;&gt;</a>&nbsp;&nbsp;&nbsp;__default_signal_display
</UL>

<P><STRONG><a name="[d6]"></a>_sys_open</STRONG> (Thumb, 70 bytes, Stack size 16 bytes, retarget.o(.text))
<BR><BR>[Stack]<UL><LI>Max Depth = 408 + Unknown Stack Size
<LI>Call Chain = _sys_open &rArr; __fopen &rArr; fat_find_file &rArr; fat_find_dir &rArr; write_entries &rArr; check_name &rArr; search_for_name &rArr; set_next_clus &rArr; cache_fat &rArr; mmc_read_sect &rArr; mci_wait_for_tran &rArr; mci_send_stop &rArr; mci_command
</UL>
<BR>[Calls]<UL><LI><a href="#[d8]">&gt;&gt;</a>&nbsp;&nbsp;&nbsp;__fopen
<LI><a href="#[d7]">&gt;&gt;</a>&nbsp;&nbsp;&nbsp;strcmp (via Veneer)
</UL>
<BR>[Called By]<UL><LI><a href="#[140]">&gt;&gt;</a>&nbsp;&nbsp;&nbsp;_freopen_locked
</UL>

<P><STRONG><a name="[d9]"></a>_sys_close</STRONG> (Thumb, 24 bytes, Stack size 8 bytes, retarget.o(.text))
<BR><BR>[Stack]<UL><LI>Max Depth = 200<LI>Call Chain = _sys_close &rArr; __fclose &rArr; fat_close_write &rArr; write_fsinfo &rArr; write_cache &rArr; write_sector &rArr; mmc_write_sect &rArr; mci_wait_for_tran &rArr; mci_send_stop &rArr; mci_command
</UL>
<BR>[Calls]<UL><LI><a href="#[da]">&gt;&gt;</a>&nbsp;&nbsp;&nbsp;__fclose
</UL>
<BR>[Called By]<UL><LI><a href="#[13c]">&gt;&gt;</a>&nbsp;&nbsp;&nbsp;_fclose_internal
</UL>

<P><STRONG><a name="[db]"></a>_sys_write</STRONG> (Thumb, 22 bytes, Stack size 8 bytes, retarget.o(.text))
<BR><BR>[Stack]<UL><LI>Max Depth = 208<LI>Call Chain = _sys_write &rArr; __write &rArr; fat_write &rArr; get_free_clus &rArr; cache_fat &rArr; mmc_read_sect &rArr; mci_wait_for_tran &rArr; mci_send_stop &rArr; mci_command
</UL>
<BR>[Calls]<UL><LI><a href="#[dc]">&gt;&gt;</a>&nbsp;&nbsp;&nbsp;__write
</UL>
<BR>[Called By]<UL><LI><a href="#[16f]">&gt;&gt;</a>&nbsp;&nbsp;&nbsp;_writebuf
</UL>

<P><STRONG><a name="[dd]"></a>_sys_read</STRONG> (Thumb, 22 bytes, Stack size 8 bytes, retarget.o(.text), UNUSED)
<BR><BR>[Calls]<UL><LI><a href="#[de]">&gt;&gt;</a>&nbsp;&nbsp;&nbsp;__read
</UL>

<P><STRONG><a name="[16e]"></a>_sys_istty</STRONG> (Thumb, 16 bytes, Stack size 0 bytes, retarget.o(.text))
<BR><BR>[Called By]<UL><LI><a href="#[141]">&gt;&gt;</a>&nbsp;&nbsp;&nbsp;_fseek
<LI><a href="#[16b]">&gt;&gt;</a>&nbsp;&nbsp;&nbsp;__flsbuf
</UL>

<P><STRONG><a name="[df]"></a>_sys_seek</STRONG> (Thumb, 22 bytes, Stack size 8 bytes, retarget.o(.text))
<BR><BR>[Stack]<UL><LI>Max Depth = 192 + Unknown Stack Size
<LI>Call Chain = _sys_seek &rArr; __setfpos &rArr; fat_set_fpos &rArr; set_next_clus &rArr; cache_fat &rArr; mmc_read_sect &rArr; mci_wait_for_tran &rArr; mci_send_stop &rArr; mci_command
</UL>
<BR>[Calls]<UL><LI><a href="#[e0]">&gt;&gt;</a>&nbsp;&nbsp;&nbsp;__setfpos
</UL>
<BR>[Called By]<UL><LI><a href="#[16f]">&gt;&gt;</a>&nbsp;&nbsp;&nbsp;_writebuf
</UL>

<P><STRONG><a name="[e1]"></a>_sys_ensure</STRONG> (Thumb, 22 bytes, Stack size 8 bytes, retarget.o(.text), UNUSED)
<BR><BR>[Calls]<UL><LI><a href="#[e2]">&gt;&gt;</a>&nbsp;&nbsp;&nbsp;__flushbuf
</UL>

<P><STRONG><a name="[e3]"></a>_sys_flen</STRONG> (Thumb, 30 bytes, Stack size 8 bytes, retarget.o(.text))
<BR><BR>[Stack]<UL><LI>Max Depth = 112<LI>Call Chain = _sys_flen &rArr; __getfsize &rArr; _mutex_release &rArr; os_mut_release &rArr; os_dispatch &rArr; os_put_prio
</UL>
<BR>[Calls]<UL><LI><a href="#[e4]">&gt;&gt;</a>&nbsp;&nbsp;&nbsp;__getfsize
</UL>
<BR>[Called By]<UL><LI><a href="#[141]">&gt;&gt;</a>&nbsp;&nbsp;&nbsp;_fseek
<LI><a href="#[16b]">&gt;&gt;</a>&nbsp;&nbsp;&nbsp;__flsbuf
</UL>

<P><STRONG><a name="[2d6]"></a>_sys_tmpnam</STRONG> (Thumb, 4 bytes, Stack size 0 bytes, retarget.o(.text), UNUSED)

<P><STRONG><a name="[2d7]"></a>_sys_command_string</STRONG> (Thumb, 2 bytes, Stack size 0 bytes, retarget.o(.text), UNUSED)

<P><STRONG><a name="[bf]"></a>_sys_exit</STRONG> (Thumb, 2 bytes, Stack size 0 bytes, retarget.o(.text))
<BR><BR>[Calls]<UL><LI><a href="#[bf]">&gt;&gt;</a>&nbsp;&nbsp;&nbsp;_sys_exit
</UL>
<BR>[Called By]<UL><LI><a href="#[bf]">&gt;&gt;</a>&nbsp;&nbsp;&nbsp;_sys_exit
<LI><a href="#[173]">&gt;&gt;</a>&nbsp;&nbsp;&nbsp;abort
<LI><a href="#[18f]">&gt;&gt;</a>&nbsp;&nbsp;&nbsp;__sig_exit
<LI><a href="#[be]">&gt;&gt;</a>&nbsp;&nbsp;&nbsp;__rt_exit_exit (via Veneer)
</UL>

<P><STRONG><a name="[29]"></a>do1()</STRONG> (Thumb, 58 bytes, Stack size 16 bytes, main.o(.text))
<BR><BR>[Stack]<UL><LI>Max Depth = 192 + Unknown Stack Size
<LI>Call Chain = do1() &rArr; LCD::write(float, int, unsigned char, unsigned char) &rArr; __2sprintf &rArr; _printf_char_common &rArr; __printf
</UL>
<BR>[Calls]<UL><LI><a href="#[e8]">&gt;&gt;</a>&nbsp;&nbsp;&nbsp;LCD::write(float, int, unsigned char, unsigned char)
<LI><a href="#[e9]">&gt;&gt;</a>&nbsp;&nbsp;&nbsp;LCD::write(char*, unsigned char, unsigned char)
<LI><a href="#[e5]">&gt;&gt;</a>&nbsp;&nbsp;&nbsp;__aeabi_f2d (via Veneer)
<LI><a href="#[e6]">&gt;&gt;</a>&nbsp;&nbsp;&nbsp;__aeabi_dadd (via Veneer)
<LI><a href="#[e7]">&gt;&gt;</a>&nbsp;&nbsp;&nbsp;__aeabi_d2f (via Veneer)
</UL>
<BR>[Address Reference Count : 1]<UL><LI> main.o(.text)
</UL>
<P><STRONG><a name="[28]"></a>do2()</STRONG> (Thumb, 30 bytes, Stack size 8 bytes, main.o(.text))
<BR><BR>[Stack]<UL><LI>Max Depth = 240 + Unknown Stack Size
<LI>Call Chain = do2() &rArr; LCD::write(int, int, unsigned char, unsigned char) &rArr; pow &rArr; sqrt &rArr; _dsqrt &rArr; __fpl_dnaninf
</UL>
<BR>[Calls]<UL><LI><a href="#[ea]">&gt;&gt;</a>&nbsp;&nbsp;&nbsp;LCD::write(int, int, unsigned char, unsigned char)
</UL>
<BR>[Address Reference Count : 1]<UL><LI> main.o(.text)
</UL>
<P><STRONG><a name="[21]"></a>main</STRONG> (Thumb, 236 bytes, Stack size 32 bytes, main.o(.text))
<BR><BR>[Stack]<UL><LI>Max Depth = 208 + Unknown Stack Size
<LI>Call Chain = main &rArr; LCD::write(float, int, unsigned char, unsigned char) &rArr; __2sprintf &rArr; _printf_char_common &rArr; __printf
</UL>
<BR>[Calls]<UL><LI><a href="#[ef]">&gt;&gt;</a>&nbsp;&nbsp;&nbsp;StopWatch::StopWatch()
<LI><a href="#[f0]">&gt;&gt;</a>&nbsp;&nbsp;&nbsp;StopWatch::start()
<LI><a href="#[f1]">&gt;&gt;</a>&nbsp;&nbsp;&nbsp;StopWatch::stop()
<LI><a href="#[f2]">&gt;&gt;</a>&nbsp;&nbsp;&nbsp;StopWatch::getDuration()
<LI><a href="#[ed]">&gt;&gt;</a>&nbsp;&nbsp;&nbsp;Interrupt::Interrupt(ADC, int, void(*)())
<LI><a href="#[e8]">&gt;&gt;</a>&nbsp;&nbsp;&nbsp;LCD::write(float, int, unsigned char, unsigned char)
<LI><a href="#[e9]">&gt;&gt;</a>&nbsp;&nbsp;&nbsp;LCD::write(char*, unsigned char, unsigned char)
<LI><a href="#[eb]">&gt;&gt;</a>&nbsp;&nbsp;&nbsp;LCD::clear()
<LI><a href="#[ee]">&gt;&gt;</a>&nbsp;&nbsp;&nbsp;ADC::startADCConversion()
<LI><a href="#[ec]">&gt;&gt;</a>&nbsp;&nbsp;&nbsp;AttachedTimer::AttachedTimer(float, int, bool, void(*)())
</UL>
<BR>[Address Reference Count : 1]<UL><LI> rtentry2.o(.ARM.Collect$$rtentry$$0000000D)
</UL>
<P><STRONG><a name="[f9]"></a>LCD::lcd_write_4bit(unsigned char)</STRONG> (Thumb, 28 bytes, Stack size 0 bytes, lcd.o(.text))
<BR><BR>[Called By]<UL><LI><a href="#[fb]">&gt;&gt;</a>&nbsp;&nbsp;&nbsp;LCD::LCD(unsigned char, unsigned char)
<LI><a href="#[fa]">&gt;&gt;</a>&nbsp;&nbsp;&nbsp;LCD::lcd_write_data(unsigned char)
<LI><a href="#[f8]">&gt;&gt;</a>&nbsp;&nbsp;&nbsp;LCD::lcd_write_cmd(unsigned char)
<LI><a href="#[f3]">&gt;&gt;</a>&nbsp;&nbsp;&nbsp;LCD::LCD()
</UL>

<P><STRONG><a name="[f5]"></a>LCD::delay(int)</STRONG> (Thumb, 6 bytes, Stack size 0 bytes, lcd.o(.text), UNUSED)
<BR><BR>[Calls]<UL><LI><a href="#[f5]">&gt;&gt;</a>&nbsp;&nbsp;&nbsp;LCD::delay(int)
</UL>
<BR>[Called By]<UL><LI><a href="#[f5]">&gt;&gt;</a>&nbsp;&nbsp;&nbsp;LCD::delay(int)
</UL>

<P><STRONG><a name="[f7]"></a>LCD::lcd_read_status()</STRONG> (Thumb, 86 bytes, Stack size 8 bytes, lcd.o(.text))
<BR><BR>[Stack]<UL><LI>Max Depth = 8<LI>Call Chain = LCD::lcd_read_status()
</UL>
<BR>[Called By]<UL><LI><a href="#[f6]">&gt;&gt;</a>&nbsp;&nbsp;&nbsp;LCD::wait_while_busy()
</UL>

<P><STRONG><a name="[f6]"></a>LCD::wait_while_busy()</STRONG> (Thumb, 30 bytes, Stack size 8 bytes, lcd.o(.text))
<BR><BR>[Stack]<UL><LI>Max Depth = 16<LI>Call Chain = LCD::wait_while_busy() &rArr; LCD::lcd_read_status()
</UL>
<BR>[Calls]<UL><LI><a href="#[f7]">&gt;&gt;</a>&nbsp;&nbsp;&nbsp;LCD::lcd_read_status()
</UL>
<BR>[Called By]<UL><LI><a href="#[fa]">&gt;&gt;</a>&nbsp;&nbsp;&nbsp;LCD::lcd_write_data(unsigned char)
<LI><a href="#[f8]">&gt;&gt;</a>&nbsp;&nbsp;&nbsp;LCD::lcd_write_cmd(unsigned char)
</UL>

<P><STRONG><a name="[f8]"></a>LCD::lcd_write_cmd(unsigned char)</STRONG> (Thumb, 40 bytes, Stack size 12 bytes, lcd.o(.text))
<BR><BR>[Stack]<UL><LI>Max Depth = 28<LI>Call Chain = LCD::lcd_write_cmd(unsigned char) &rArr; LCD::wait_while_busy() &rArr; LCD::lcd_read_status()
</UL>
<BR>[Calls]<UL><LI><a href="#[f6]">&gt;&gt;</a>&nbsp;&nbsp;&nbsp;LCD::wait_while_busy()
<LI><a href="#[f9]">&gt;&gt;</a>&nbsp;&nbsp;&nbsp;LCD::lcd_write_4bit(unsigned char)
</UL>
<BR>[Called By]<UL><LI><a href="#[fc]">&gt;&gt;</a>&nbsp;&nbsp;&nbsp;LCD::set_cursor(unsigned char, unsigned char)
<LI><a href="#[fb]">&gt;&gt;</a>&nbsp;&nbsp;&nbsp;LCD::LCD(unsigned char, unsigned char)
<LI><a href="#[f3]">&gt;&gt;</a>&nbsp;&nbsp;&nbsp;LCD::LCD()
<LI><a href="#[eb]">&gt;&gt;</a>&nbsp;&nbsp;&nbsp;LCD::clear()
</UL>

<P><STRONG><a name="[fa]"></a>LCD::lcd_write_data(unsigned char)</STRONG> (Thumb, 36 bytes, Stack size 12 bytes, lcd.o(.text))
<BR><BR>[Stack]<UL><LI>Max Depth = 28<LI>Call Chain = LCD::lcd_write_data(unsigned char) &rArr; LCD::wait_while_busy() &rArr; LCD::lcd_read_status()
</UL>
<BR>[Calls]<UL><LI><a href="#[f6]">&gt;&gt;</a>&nbsp;&nbsp;&nbsp;LCD::wait_while_busy()
<LI><a href="#[f9]">&gt;&gt;</a>&nbsp;&nbsp;&nbsp;LCD::lcd_write_4bit(unsigned char)
</UL>
<BR>[Called By]<UL><LI><a href="#[fd]">&gt;&gt;</a>&nbsp;&nbsp;&nbsp;LCD::write(std::basic_string&lang;char, std::char_traits&lang;char&rang;, std::allocator&lang;char&rang;&rang;, unsigned char, unsigned char)
<LI><a href="#[fb]">&gt;&gt;</a>&nbsp;&nbsp;&nbsp;LCD::LCD(unsigned char, unsigned char)
<LI><a href="#[f3]">&gt;&gt;</a>&nbsp;&nbsp;&nbsp;LCD::LCD()
<LI><a href="#[e9]">&gt;&gt;</a>&nbsp;&nbsp;&nbsp;LCD::write(char*, unsigned char, unsigned char)
</UL>

<P><STRONG><a name="[f3]"></a>LCD::LCD()</STRONG> (Thumb, 130 bytes, Stack size 16 bytes, lcd.o(.text))
<BR><BR>[Stack]<UL><LI>Max Depth = 44<LI>Call Chain = LCD::LCD() &rArr; LCD::lcd_write_data(unsigned char) &rArr; LCD::wait_while_busy() &rArr; LCD::lcd_read_status()
</UL>
<BR>[Calls]<UL><LI><a href="#[fa]">&gt;&gt;</a>&nbsp;&nbsp;&nbsp;LCD::lcd_write_data(unsigned char)
<LI><a href="#[f8]">&gt;&gt;</a>&nbsp;&nbsp;&nbsp;LCD::lcd_write_cmd(unsigned char)
<LI><a href="#[f9]">&gt;&gt;</a>&nbsp;&nbsp;&nbsp;LCD::lcd_write_4bit(unsigned char)
</UL>
<BR>[Called By]<UL><LI><a href="#[76]">&gt;&gt;</a>&nbsp;&nbsp;&nbsp;__sti___8_main_cpp
<LI><a href="#[79]">&gt;&gt;</a>&nbsp;&nbsp;&nbsp;__sti___9_Timer_cpp
<LI><a href="#[78]">&gt;&gt;</a>&nbsp;&nbsp;&nbsp;__sti___13_Interrupt_cpp
</UL>

<P><STRONG><a name="[2d8]"></a>LCD::LCD__sub_object()</STRONG> (Thumb, 0 bytes, Stack size 16 bytes, lcd.o(.text), UNUSED)

<P><STRONG><a name="[fb]"></a>LCD::LCD(unsigned char, unsigned char)</STRONG> (Thumb, 122 bytes, Stack size 16 bytes, lcd.o(.text), UNUSED)
<BR><BR>[Calls]<UL><LI><a href="#[fa]">&gt;&gt;</a>&nbsp;&nbsp;&nbsp;LCD::lcd_write_data(unsigned char)
<LI><a href="#[f8]">&gt;&gt;</a>&nbsp;&nbsp;&nbsp;LCD::lcd_write_cmd(unsigned char)
<LI><a href="#[f9]">&gt;&gt;</a>&nbsp;&nbsp;&nbsp;LCD::lcd_write_4bit(unsigned char)
</UL>

<P><STRONG><a name="[2d9]"></a>LCD::LCD__sub_object(unsigned char, unsigned char)</STRONG> (Thumb, 0 bytes, Stack size 16 bytes, lcd.o(.text), UNUSED)

<P><STRONG><a name="[fc]"></a>LCD::set_cursor(unsigned char, unsigned char)</STRONG> (Thumb, 18 bytes, Stack size 0 bytes, lcd.o(.text))
<BR><BR>[Stack]<UL><LI>Max Depth = 28<LI>Call Chain = LCD::set_cursor(unsigned char, unsigned char) &rArr; LCD::lcd_write_cmd(unsigned char) &rArr; LCD::wait_while_busy() &rArr; LCD::lcd_read_status()
</UL>
<BR>[Calls]<UL><LI><a href="#[f8]">&gt;&gt;</a>&nbsp;&nbsp;&nbsp;LCD::lcd_write_cmd(unsigned char)
</UL>
<BR>[Called By]<UL><LI><a href="#[fd]">&gt;&gt;</a>&nbsp;&nbsp;&nbsp;LCD::write(std::basic_string&lang;char, std::char_traits&lang;char&rang;, std::allocator&lang;char&rang;&rang;, unsigned char, unsigned char)
<LI><a href="#[ea]">&gt;&gt;</a>&nbsp;&nbsp;&nbsp;LCD::write(int, int, unsigned char, unsigned char)
<LI><a href="#[e8]">&gt;&gt;</a>&nbsp;&nbsp;&nbsp;LCD::write(float, int, unsigned char, unsigned char)
<LI><a href="#[e9]">&gt;&gt;</a>&nbsp;&nbsp;&nbsp;LCD::write(char*, unsigned char, unsigned char)
<LI><a href="#[eb]">&gt;&gt;</a>&nbsp;&nbsp;&nbsp;LCD::clear()
</UL>

<P><STRONG><a name="[e9]"></a>LCD::write(char*, unsigned char, unsigned char)</STRONG> (Thumb, 32 bytes, Stack size 12 bytes, lcd.o(.text))
<BR><BR>[Stack]<UL><LI>Max Depth = 40<LI>Call Chain = LCD::write(char*, unsigned char, unsigned char) &rArr; LCD::set_cursor(unsigned char, unsigned char) &rArr; LCD::lcd_write_cmd(unsigned char) &rArr; LCD::wait_while_busy() &rArr; LCD::lcd_read_status()
</UL>
<BR>[Calls]<UL><LI><a href="#[fc]">&gt;&gt;</a>&nbsp;&nbsp;&nbsp;LCD::set_cursor(unsigned char, unsigned char)
<LI><a href="#[fa]">&gt;&gt;</a>&nbsp;&nbsp;&nbsp;LCD::lcd_write_data(unsigned char)
</UL>
<BR>[Called By]<UL><LI><a href="#[ea]">&gt;&gt;</a>&nbsp;&nbsp;&nbsp;LCD::write(int, int, unsigned char, unsigned char)
<LI><a href="#[e8]">&gt;&gt;</a>&nbsp;&nbsp;&nbsp;LCD::write(float, int, unsigned char, unsigned char)
<LI><a href="#[21]">&gt;&gt;</a>&nbsp;&nbsp;&nbsp;main
<LI><a href="#[29]">&gt;&gt;</a>&nbsp;&nbsp;&nbsp;do1()
</UL>

<P><STRONG><a name="[fd]"></a>LCD::write(std::basic_string&lang;char, std::char_traits&lang;char&rang;, std::allocator&lang;char&rang;&rang;, unsigned char, unsigned char)</STRONG> (Thumb, 90 bytes, Stack size 40 bytes, lcd.o(.text), UNUSED)
<BR><BR>[Calls]<UL><LI><a href="#[fe]">&gt;&gt;</a>&nbsp;&nbsp;&nbsp;std::basic_string&lang;char, std::char_traits&lang;char&rang;, std::allocator&lang;char&rang;&rang;::_C_clone(unsigned)
<LI><a href="#[fc]">&gt;&gt;</a>&nbsp;&nbsp;&nbsp;LCD::set_cursor(unsigned char, unsigned char)
<LI><a href="#[fa]">&gt;&gt;</a>&nbsp;&nbsp;&nbsp;LCD::lcd_write_data(unsigned char)
</UL>

<P><STRONG><a name="[ea]"></a>LCD::write(int, int, unsigned char, unsigned char)</STRONG> (Thumb, 140 bytes, Stack size 56 bytes, lcd.o(.text))
<BR><BR>[Stack]<UL><LI>Max Depth = 232 + Unknown Stack Size
<LI>Call Chain = LCD::write(int, int, unsigned char, unsigned char) &rArr; pow &rArr; sqrt &rArr; _dsqrt &rArr; __fpl_dnaninf
</UL>
<BR>[Calls]<UL><LI><a href="#[fc]">&gt;&gt;</a>&nbsp;&nbsp;&nbsp;LCD::set_cursor(unsigned char, unsigned char)
<LI><a href="#[e9]">&gt;&gt;</a>&nbsp;&nbsp;&nbsp;LCD::write(char*, unsigned char, unsigned char)
<LI><a href="#[102]">&gt;&gt;</a>&nbsp;&nbsp;&nbsp;__2sprintf
<LI><a href="#[100]">&gt;&gt;</a>&nbsp;&nbsp;&nbsp;pow (via Veneer)
<LI><a href="#[ff]">&gt;&gt;</a>&nbsp;&nbsp;&nbsp;__aeabi_i2d (via Veneer)
<LI><a href="#[101]">&gt;&gt;</a>&nbsp;&nbsp;&nbsp;__aeabi_d2iz (via Veneer)
<LI><a href="#[103]">&gt;&gt;</a>&nbsp;&nbsp;&nbsp;__aeabi_dsub (via Veneer)
</UL>
<BR>[Called By]<UL><LI><a href="#[28]">&gt;&gt;</a>&nbsp;&nbsp;&nbsp;do2()
</UL>

<P><STRONG><a name="[e8]"></a>LCD::write(float, int, unsigned char, unsigned char)</STRONG> (Thumb, 168 bytes, Stack size 48 bytes, lcd.o(.text))
<BR><BR>[Stack]<UL><LI>Max Depth = 176 + Unknown Stack Size
<LI>Call Chain = LCD::write(float, int, unsigned char, unsigned char) &rArr; __2sprintf &rArr; _printf_char_common &rArr; __printf
</UL>
<BR>[Calls]<UL><LI><a href="#[fc]">&gt;&gt;</a>&nbsp;&nbsp;&nbsp;LCD::set_cursor(unsigned char, unsigned char)
<LI><a href="#[e9]">&gt;&gt;</a>&nbsp;&nbsp;&nbsp;LCD::write(char*, unsigned char, unsigned char)
<LI><a href="#[102]">&gt;&gt;</a>&nbsp;&nbsp;&nbsp;__2sprintf
<LI><a href="#[e5]">&gt;&gt;</a>&nbsp;&nbsp;&nbsp;__aeabi_f2d (via Veneer)
</UL>
<BR>[Called By]<UL><LI><a href="#[21]">&gt;&gt;</a>&nbsp;&nbsp;&nbsp;main
<LI><a href="#[29]">&gt;&gt;</a>&nbsp;&nbsp;&nbsp;do1()
</UL>

<P><STRONG><a name="[eb]"></a>LCD::clear()</STRONG> (Thumb, 22 bytes, Stack size 8 bytes, lcd.o(.text))
<BR><BR>[Stack]<UL><LI>Max Depth = 36<LI>Call Chain = LCD::clear() &rArr; LCD::set_cursor(unsigned char, unsigned char) &rArr; LCD::lcd_write_cmd(unsigned char) &rArr; LCD::wait_while_busy() &rArr; LCD::lcd_read_status()
</UL>
<BR>[Calls]<UL><LI><a href="#[fc]">&gt;&gt;</a>&nbsp;&nbsp;&nbsp;LCD::set_cursor(unsigned char, unsigned char)
<LI><a href="#[f8]">&gt;&gt;</a>&nbsp;&nbsp;&nbsp;LCD::lcd_write_cmd(unsigned char)
</UL>
<BR>[Called By]<UL><LI><a href="#[21]">&gt;&gt;</a>&nbsp;&nbsp;&nbsp;main
</UL>

<P><STRONG><a name="[2da]"></a>ADC::ADC()</STRONG> (Thumb, 30 bytes, Stack size 0 bytes, adc.o(.text), UNUSED)

<P><STRONG><a name="[2db]"></a>ADC::ADC__sub_object()</STRONG> (Thumb, 0 bytes, Stack size 0 bytes, adc.o(.text), UNUSED)

<P><STRONG><a name="[f4]"></a>ADC::ADC(unsigned char)</STRONG> (Thumb, 128 bytes, Stack size 0 bytes, adc.o(.text))
<BR><BR>[Called By]<UL><LI><a href="#[76]">&gt;&gt;</a>&nbsp;&nbsp;&nbsp;__sti___8_main_cpp
</UL>

<P><STRONG><a name="[2dc]"></a>ADC::ADC__sub_object(unsigned char)</STRONG> (Thumb, 0 bytes, Stack size 0 bytes, adc.o(.text), UNUSED)

<P><STRONG><a name="[2dd]"></a>ADC::getADCValue()</STRONG> (Thumb, 78 bytes, Stack size 4 bytes, adc.o(.text), UNUSED)

<P><STRONG><a name="[2de]"></a>ADC::stopADCConversion()</STRONG> (Thumb, 14 bytes, Stack size 0 bytes, adc.o(.text), UNUSED)

<P><STRONG><a name="[ee]"></a>ADC::startADCConversion()</STRONG> (Thumb, 126 bytes, Stack size 0 bytes, adc.o(.text))
<BR><BR>[Called By]<UL><LI><a href="#[21]">&gt;&gt;</a>&nbsp;&nbsp;&nbsp;main
</UL>

<P><STRONG><a name="[130]"></a>DAC::DAC()</STRONG> (Thumb, 14 bytes, Stack size 0 bytes, dac.o(.text))
<BR><BR>[Called By]<UL><LI><a href="#[7a]">&gt;&gt;</a>&nbsp;&nbsp;&nbsp;__sti___10_Buzzer_cpp
</UL>

<P><STRONG><a name="[2df]"></a>DAC::DAC__sub_object()</STRONG> (Thumb, 0 bytes, Stack size 0 bytes, dac.o(.text), UNUSED)

<P><STRONG><a name="[128]"></a>DAC::setDACValue(int)</STRONG> (Thumb, 8 bytes, Stack size 0 bytes, dac.o(.text))
<BR><BR>[Called By]<UL><LI><a href="#[32]">&gt;&gt;</a>&nbsp;&nbsp;&nbsp;setLow()
<LI><a href="#[31]">&gt;&gt;</a>&nbsp;&nbsp;&nbsp;setHigh()
</UL>

<P><STRONG><a name="[104]"></a>PortPin::StringToUpper(std::basic_string&lang;char, std::char_traits&lang;char&rang;, std::allocator&lang;char&rang;&rang;)</STRONG> (Thumb, 60 bytes, Stack size 32 bytes, portpin.o(.text), UNUSED)
<BR><BR>[Calls]<UL><LI><a href="#[106]">&gt;&gt;</a>&nbsp;&nbsp;&nbsp;toupper
<LI><a href="#[105]">&gt;&gt;</a>&nbsp;&nbsp;&nbsp;std::basic_string&lang;char, std::char_traits&lang;char&rang;, std::allocator&lang;char&rang;&rang;::operator [](unsigned)
<LI><a href="#[107]">&gt;&gt;</a>&nbsp;&nbsp;&nbsp;std::basic_string&lang;char, std::char_traits&lang;char&rang;, std::allocator&lang;char&rang;&rang;::basic_string(const std::basic_string&lang;char, std::char_traits&lang;char&rang;, std::allocator&lang;char&rang;&rang;&)
</UL>
<BR>[Called By]<UL><LI><a href="#[10f]">&gt;&gt;</a>&nbsp;&nbsp;&nbsp;PortPin::PortPin(unsigned char, int, std::basic_string&lang;char, std::char_traits&lang;char&rang;, std::allocator&lang;char&rang;&rang;, std::basic_string&lang;char, std::char_traits&lang;char&rang;, std::allocator&lang;char&rang;&rang;)
<LI><a href="#[10c]">&gt;&gt;</a>&nbsp;&nbsp;&nbsp;PortPin::PortPin(unsigned char, int, std::basic_string&lang;char, std::char_traits&lang;char&rang;, std::allocator&lang;char&rang;&rang;)
</UL>

<P><STRONG><a name="[10b]"></a>PortPin::off()</STRONG> (Thumb, 632 bytes, Stack size 20 bytes, portpin.o(.text), UNUSED)
<BR><BR>[Called By]<UL><LI><a href="#[108]">&gt;&gt;</a>&nbsp;&nbsp;&nbsp;PortPin::setPinConfiguration(unsigned char, int, std::basic_string&lang;char, std::char_traits&lang;char&rang;, std::allocator&lang;char&rang;&rang;, std::basic_string&lang;char, std::char_traits&lang;char&rang;, std::allocator&lang;char&rang;&rang;)
</UL>

<P><STRONG><a name="[10a]"></a>PortPin::on()</STRONG> (Thumb, 766 bytes, Stack size 20 bytes, portpin.o(.text), UNUSED)
<BR><BR>[Called By]<UL><LI><a href="#[108]">&gt;&gt;</a>&nbsp;&nbsp;&nbsp;PortPin::setPinConfiguration(unsigned char, int, std::basic_string&lang;char, std::char_traits&lang;char&rang;, std::allocator&lang;char&rang;&rang;, std::basic_string&lang;char, std::char_traits&lang;char&rang;, std::allocator&lang;char&rang;&rang;)
</UL>

<P><STRONG><a name="[108]"></a>PortPin::setPinConfiguration(unsigned char, int, std::basic_string&lang;char, std::char_traits&lang;char&rang;, std::allocator&lang;char&rang;&rang;, std::basic_string&lang;char, std::char_traits&lang;char&rang;, std::allocator&lang;char&rang;&rang;)</STRONG> (Thumb, 3780 bytes, Stack size 40 bytes, portpin.o(.text), UNUSED)
<BR><BR>[Calls]<UL><LI><a href="#[109]">&gt;&gt;</a>&nbsp;&nbsp;&nbsp;std::operator ==&lang;char, std::char_traits&lang;char&rang;, std::allocator&lang;char&rang;&rang;(const std::basic_string&lang;T1, T2, T3&rang;&, const T1*)
<LI><a href="#[10a]">&gt;&gt;</a>&nbsp;&nbsp;&nbsp;PortPin::on()
<LI><a href="#[10b]">&gt;&gt;</a>&nbsp;&nbsp;&nbsp;PortPin::off()
</UL>
<BR>[Called By]<UL><LI><a href="#[10f]">&gt;&gt;</a>&nbsp;&nbsp;&nbsp;PortPin::PortPin(unsigned char, int, std::basic_string&lang;char, std::char_traits&lang;char&rang;, std::allocator&lang;char&rang;&rang;, std::basic_string&lang;char, std::char_traits&lang;char&rang;, std::allocator&lang;char&rang;&rang;)
<LI><a href="#[10c]">&gt;&gt;</a>&nbsp;&nbsp;&nbsp;PortPin::PortPin(unsigned char, int, std::basic_string&lang;char, std::char_traits&lang;char&rang;, std::allocator&lang;char&rang;&rang;)
</UL>

<P><STRONG><a name="[10c]"></a>PortPin::PortPin(unsigned char, int, std::basic_string&lang;char, std::char_traits&lang;char&rang;, std::allocator&lang;char&rang;&rang;)</STRONG> (Thumb, 86 bytes, Stack size 40 bytes, portpin.o(.text), UNUSED)
<BR><BR>[Calls]<UL><LI><a href="#[108]">&gt;&gt;</a>&nbsp;&nbsp;&nbsp;PortPin::setPinConfiguration(unsigned char, int, std::basic_string&lang;char, std::char_traits&lang;char&rang;, std::allocator&lang;char&rang;&rang;, std::basic_string&lang;char, std::char_traits&lang;char&rang;, std::allocator&lang;char&rang;&rang;)
<LI><a href="#[104]">&gt;&gt;</a>&nbsp;&nbsp;&nbsp;PortPin::StringToUpper(std::basic_string&lang;char, std::char_traits&lang;char&rang;, std::allocator&lang;char&rang;&rang;)
<LI><a href="#[10d]">&gt;&gt;</a>&nbsp;&nbsp;&nbsp;std::basic_string&lang;char, std::char_traits&lang;char&rang;, std::allocator&lang;char&rang;&rang;::basic_string(const char*, const std::allocator&lang;char&rang;&)
<LI><a href="#[107]">&gt;&gt;</a>&nbsp;&nbsp;&nbsp;std::basic_string&lang;char, std::char_traits&lang;char&rang;, std::allocator&lang;char&rang;&rang;::basic_string(const std::basic_string&lang;char, std::char_traits&lang;char&rang;, std::allocator&lang;char&rang;&rang;&)
<LI><a href="#[10e]">&gt;&gt;</a>&nbsp;&nbsp;&nbsp;std::basic_string&lang;char, std::char_traits&lang;char&rang;, std::allocator&lang;char&rang;&rang;::_C_unlink()
</UL>

<P><STRONG><a name="[2e0]"></a>PortPin::PortPin__sub_object(unsigned char, int, std::basic_string&lang;char, std::char_traits&lang;char&rang;, std::allocator&lang;char&rang;&rang;)</STRONG> (Thumb, 0 bytes, Stack size 40 bytes, portpin.o(.text), UNUSED)

<P><STRONG><a name="[10f]"></a>PortPin::PortPin(unsigned char, int, std::basic_string&lang;char, std::char_traits&lang;char&rang;, std::allocator&lang;char&rang;&rang;, std::basic_string&lang;char, std::char_traits&lang;char&rang;, std::allocator&lang;char&rang;&rang;)</STRONG> (Thumb, 96 bytes, Stack size 40 bytes, portpin.o(.text), UNUSED)
[...]
<BR><BR>[Stack]<UL><LI>Max Depth = 112<LI>Call Chain = unlink_clus_chain &rArr; cache_fat &rArr; mmc_read_sect &rArr; mci_wait_for_tran &rArr; mci_send_stop &rArr; mci_command
</UL>
<BR>[Calls]<UL><LI><a href="#[273]">&gt;&gt;</a>&nbsp;&nbsp;&nbsp;set_u16
<LI><a href="#[222]">&gt;&gt;</a>&nbsp;&nbsp;&nbsp;is_EOC
<LI><a href="#[248]">&gt;&gt;</a>&nbsp;&nbsp;&nbsp;get_u32
<LI><a href="#[247]">&gt;&gt;</a>&nbsp;&nbsp;&nbsp;get_fat_sect
<LI><a href="#[22a]">&gt;&gt;</a>&nbsp;&nbsp;&nbsp;cache_fat
</UL>
<BR>[Called By]<UL><LI><a href="#[233]">&gt;&gt;</a>&nbsp;&nbsp;&nbsp;delete_entries
</UL>

<P><STRONG><a name="[232]"></a>val_char</STRONG> (Thumb, 24 bytes, Stack size 8 bytes, fs_fat.o(i.val_char))
<BR><BR>[Stack]<UL><LI>Max Depth = 8<LI>Call Chain = val_char
</UL>
<BR>[Calls]<UL><LI><a href="#[22b]">&gt;&gt;</a>&nbsp;&nbsp;&nbsp;val_char_sn
</UL>
<BR>[Called By]<UL><LI><a href="#[249]">&gt;&gt;</a>&nbsp;&nbsp;&nbsp;get_nt_name
<LI><a href="#[231]">&gt;&gt;</a>&nbsp;&nbsp;&nbsp;cvt_fatname
</UL>

<P><STRONG><a name="[22b]"></a>val_char_sn</STRONG> (Thumb, 60 bytes, Stack size 0 bytes, fs_fat.o(i.val_char_sn))
<BR><BR>[Called By]<UL><LI><a href="#[232]">&gt;&gt;</a>&nbsp;&nbsp;&nbsp;val_char
<LI><a href="#[21f]">&gt;&gt;</a>&nbsp;&nbsp;&nbsp;check_lfn
</UL>

<P><STRONG><a name="[230]"></a>write_cache</STRONG> (Thumb, 140 bytes, Stack size 24 bytes, fs_fat.o(i.write_cache))
<BR><BR>[Stack]<UL><LI>Max Depth = 104<LI>Call Chain = write_cache &rArr; write_sector &rArr; mmc_write_sect &rArr; mci_wait_for_tran &rArr; mci_send_stop &rArr; mci_command
</UL>
<BR>[Calls]<UL><LI><a href="#[cb]">&gt;&gt;</a>&nbsp;&nbsp;&nbsp;mmc_write_sect
<LI><a href="#[234]">&gt;&gt;</a>&nbsp;&nbsp;&nbsp;write_sector
<LI><a href="#[11a]">&gt;&gt;</a>&nbsp;&nbsp;&nbsp;__aeabi_memcpy (via Veneer)
</UL>
<BR>[Called By]<UL><LI><a href="#[237]">&gt;&gt;</a>&nbsp;&nbsp;&nbsp;write_fsinfo
<LI><a href="#[224]">&gt;&gt;</a>&nbsp;&nbsp;&nbsp;clear_clus
<LI><a href="#[217]">&gt;&gt;</a>&nbsp;&nbsp;&nbsp;fat_write
<LI><a href="#[200]">&gt;&gt;</a>&nbsp;&nbsp;&nbsp;fat_close_write
</UL>

<P><STRONG><a name="[23b]"></a>write_dot_entries</STRONG> (Thumb, 212 bytes, Stack size 24 bytes, fs_fat.o(i.write_dot_entries))
<BR><BR>[Stack]<UL><LI>Max Depth = 104<LI>Call Chain = write_dot_entries &rArr; write_sector &rArr; mmc_write_sect &rArr; mci_wait_for_tran &rArr; mci_send_stop &rArr; mci_command
</UL>
<BR>[Calls]<UL><LI><a href="#[234]">&gt;&gt;</a>&nbsp;&nbsp;&nbsp;write_sector
<LI><a href="#[273]">&gt;&gt;</a>&nbsp;&nbsp;&nbsp;set_u16
<LI><a href="#[24b]">&gt;&gt;</a>&nbsp;&nbsp;&nbsp;get_time
<LI><a href="#[245]">&gt;&gt;</a>&nbsp;&nbsp;&nbsp;get_date
<LI><a href="#[225]">&gt;&gt;</a>&nbsp;&nbsp;&nbsp;clus_to_sect
<LI><a href="#[22f]">&gt;&gt;</a>&nbsp;&nbsp;&nbsp;__aeabi_memclr (via Veneer)
<LI><a href="#[146]">&gt;&gt;</a>&nbsp;&nbsp;&nbsp;__aeabi_memcpy4 (via Veneer)
</UL>
<BR>[Called By]<UL><LI><a href="#[238]">&gt;&gt;</a>&nbsp;&nbsp;&nbsp;fat_find_dir
</UL>

<P><STRONG><a name="[239]"></a>write_entries</STRONG> (Thumb, 704 bytes, Stack size 96 bytes, fs_fat.o(i.write_entries))
<BR><BR>[Stack]<UL><LI>Max Depth = 312 + Unknown Stack Size
<LI>Call Chain = write_entries &rArr; check_name &rArr; search_for_name &rArr; set_next_clus &rArr; cache_fat &rArr; mmc_read_sect &rArr; mci_wait_for_tran &rArr; mci_send_stop &rArr; mci_command
</UL>
<BR>[Calls]<UL><LI><a href="#[234]">&gt;&gt;</a>&nbsp;&nbsp;&nbsp;write_sector
<LI><a href="#[273]">&gt;&gt;</a>&nbsp;&nbsp;&nbsp;set_u16
<LI><a href="#[226]">&gt;&gt;</a>&nbsp;&nbsp;&nbsp;read_sector
<LI><a href="#[270]">&gt;&gt;</a>&nbsp;&nbsp;&nbsp;lfn_calc_chksum
<LI><a href="#[271]">&gt;&gt;</a>&nbsp;&nbsp;&nbsp;get_u16
<LI><a href="#[24b]">&gt;&gt;</a>&nbsp;&nbsp;&nbsp;get_time
<LI><a href="#[249]">&gt;&gt;</a>&nbsp;&nbsp;&nbsp;get_nt_name
<LI><a href="#[220]">&gt;&gt;</a>&nbsp;&nbsp;&nbsp;get_dir_sect
<LI><a href="#[245]">&gt;&gt;</a>&nbsp;&nbsp;&nbsp;get_date
<LI><a href="#[231]">&gt;&gt;</a>&nbsp;&nbsp;&nbsp;cvt_fatname
<LI><a href="#[225]">&gt;&gt;</a>&nbsp;&nbsp;&nbsp;clus_to_sect
<LI><a href="#[224]">&gt;&gt;</a>&nbsp;&nbsp;&nbsp;clear_clus
<LI><a href="#[22c]">&gt;&gt;</a>&nbsp;&nbsp;&nbsp;check_name
<LI><a href="#[21f]">&gt;&gt;</a>&nbsp;&nbsp;&nbsp;check_lfn
<LI><a href="#[223]">&gt;&gt;</a>&nbsp;&nbsp;&nbsp;alloc_new_clus
<LI><a href="#[1a7]">&gt;&gt;</a>&nbsp;&nbsp;&nbsp;__aeabi_uidivmod (via Veneer)
<LI><a href="#[118]">&gt;&gt;</a>&nbsp;&nbsp;&nbsp;strlen
</UL>
<BR>[Called By]<UL><LI><a href="#[238]">&gt;&gt;</a>&nbsp;&nbsp;&nbsp;fat_find_dir
<LI><a href="#[209]">&gt;&gt;</a>&nbsp;&nbsp;&nbsp;fat_create
</UL>

<P><STRONG><a name="[229]"></a>write_fat_link</STRONG> (Thumb, 242 bytes, Stack size 24 bytes, fs_fat.o(i.write_fat_link))
<BR><BR>[Stack]<UL><LI>Max Depth = 112<LI>Call Chain = write_fat_link &rArr; cache_fat &rArr; mmc_read_sect &rArr; mci_wait_for_tran &rArr; mci_send_stop &rArr; mci_command
</UL>
<BR>[Calls]<UL><LI><a href="#[274]">&gt;&gt;</a>&nbsp;&nbsp;&nbsp;set_u32
<LI><a href="#[273]">&gt;&gt;</a>&nbsp;&nbsp;&nbsp;set_u16
<LI><a href="#[248]">&gt;&gt;</a>&nbsp;&nbsp;&nbsp;get_u32
<LI><a href="#[247]">&gt;&gt;</a>&nbsp;&nbsp;&nbsp;get_fat_sect
<LI><a href="#[22a]">&gt;&gt;</a>&nbsp;&nbsp;&nbsp;cache_fat
</UL>
<BR>[Called By]<UL><LI><a href="#[223]">&gt;&gt;</a>&nbsp;&nbsp;&nbsp;alloc_new_clus
<LI><a href="#[217]">&gt;&gt;</a>&nbsp;&nbsp;&nbsp;fat_write
<LI><a href="#[200]">&gt;&gt;</a>&nbsp;&nbsp;&nbsp;fat_close_write
</UL>

<P><STRONG><a name="[237]"></a>write_fsinfo</STRONG> (Thumb, 100 bytes, Stack size 16 bytes, fs_fat.o(i.write_fsinfo))
<BR><BR>[Stack]<UL><LI>Max Depth = 120<LI>Call Chain = write_fsinfo &rArr; write_cache &rArr; write_sector &rArr; mmc_write_sect &rArr; mci_wait_for_tran &rArr; mci_send_stop &rArr; mci_command
</UL>
<BR>[Calls]<UL><LI><a href="#[230]">&gt;&gt;</a>&nbsp;&nbsp;&nbsp;write_cache
<LI><a href="#[274]">&gt;&gt;</a>&nbsp;&nbsp;&nbsp;set_u32
<LI><a href="#[22f]">&gt;&gt;</a>&nbsp;&nbsp;&nbsp;__aeabi_memclr (via Veneer)
</UL>
<BR>[Called By]<UL><LI><a href="#[200]">&gt;&gt;</a>&nbsp;&nbsp;&nbsp;fat_close_write
</UL>

<P><STRONG><a name="[234]"></a>write_sector</STRONG> (Thumb, 30 bytes, Stack size 16 bytes, fs_fat.o(i.write_sector))
<BR><BR>[Stack]<UL><LI>Max Depth = 80<LI>Call Chain = write_sector &rArr; mmc_write_sect &rArr; mci_wait_for_tran &rArr; mci_send_stop &rArr; mci_command
</UL>
<BR>[Calls]<UL><LI><a href="#[cb]">&gt;&gt;</a>&nbsp;&nbsp;&nbsp;mmc_write_sect
</UL>
<BR>[Called By]<UL><LI><a href="#[239]">&gt;&gt;</a>&nbsp;&nbsp;&nbsp;write_entries
<LI><a href="#[23b]">&gt;&gt;</a>&nbsp;&nbsp;&nbsp;write_dot_entries
<LI><a href="#[230]">&gt;&gt;</a>&nbsp;&nbsp;&nbsp;write_cache
<LI><a href="#[233]">&gt;&gt;</a>&nbsp;&nbsp;&nbsp;delete_entries
<LI><a href="#[200]">&gt;&gt;</a>&nbsp;&nbsp;&nbsp;fat_close_write
</UL>

<P><STRONG><a name="[140]"></a>_freopen_locked</STRONG> (Thumb, 172 bytes, Stack size 40 bytes, fopen_locked.o(.text))
<BR><BR>[Stack]<UL><LI>Max Depth = 448 + Unknown Stack Size
<LI>Call Chain = _freopen_locked &rArr; _sys_open &rArr; __fopen &rArr; fat_find_file &rArr; fat_find_dir &rArr; write_entries &rArr; check_name &rArr; search_for_name &rArr; set_next_clus &rArr; cache_fat &rArr; mmc_read_sect &rArr; mci_wait_for_tran &rArr; mci_send_stop &rArr; mci_command
</UL>
<BR>[Calls]<UL><LI><a href="#[d6]">&gt;&gt;</a>&nbsp;&nbsp;&nbsp;_sys_open
<LI><a href="#[d4]">&gt;&gt;</a>&nbsp;&nbsp;&nbsp;_mutex_release
<LI><a href="#[d2]">&gt;&gt;</a>&nbsp;&nbsp;&nbsp;_mutex_acquire
<LI><a href="#[13c]">&gt;&gt;</a>&nbsp;&nbsp;&nbsp;_fclose_internal
<LI><a href="#[141]">&gt;&gt;</a>&nbsp;&nbsp;&nbsp;_fseek
</UL>
<BR>[Called By]<UL><LI><a href="#[143]">&gt;&gt;</a>&nbsp;&nbsp;&nbsp;fopen
<LI><a href="#[142]">&gt;&gt;</a>&nbsp;&nbsp;&nbsp;freopen
</UL>

<P><STRONG><a name="[1aa]"></a>__arm_div8</STRONG> (ARM, 0 bytes, Stack size unknown bytes, aeabi_sdiv.o(.text))
<BR><BR>[Called By]<UL><LI><a href="#[1a7]">&gt;&gt;</a>&nbsp;&nbsp;&nbsp;__aeabi_uidivmod
</UL>

<P><STRONG><a name="[1a9]"></a>__arm_div5</STRONG> (ARM, 0 bytes, Stack size unknown bytes, aeabi_sdiv.o(.text))
<BR><BR>[Called By]<UL><LI><a href="#[1a7]">&gt;&gt;</a>&nbsp;&nbsp;&nbsp;__aeabi_uidivmod
</UL>

<P><STRONG><a name="[1a8]"></a>__arm_div2</STRONG> (ARM, 0 bytes, Stack size unknown bytes, aeabi_sdiv.o(.text))
<BR><BR>[Called By]<UL><LI><a href="#[1a7]">&gt;&gt;</a>&nbsp;&nbsp;&nbsp;__aeabi_uidivmod
</UL>

<P><STRONG><a name="[1ab]"></a>__arm_div_large</STRONG> (ARM, 0 bytes, Stack size unknown bytes, aeabi_sdiv.o(.text))
<BR><BR>[Called By]<UL><LI><a href="#[1a7]">&gt;&gt;</a>&nbsp;&nbsp;&nbsp;__aeabi_uidivmod
</UL>

<P><STRONG><a name="[1bc]"></a>__rw::__rw_vfmatstr(char*, unsigned, const char*, std::__va_list)</STRONG> (Thumb, 90 bytes, Stack size 40 bytes, rwstdexcept.o(i._ZN4__rw13__rw_vfmatstrEPcjPKcSt9__va_list))
<BR><BR>[Stack]<UL><LI>Max Depth = 200 + Unknown Stack Size
<LI>Call Chain = __rw::__rw_vfmatstr(char*, unsigned, const char*, std::__va_list) &rArr; operator new[] (unsigned) &rArr; operator new(unsigned) &rArr; malloc &rArr; _malloc_internal &rArr; __Heap_Full &rArr; __Heap_ProvideMemory &rArr; _free_internal &rArr; _mutex_release &rArr; os_mut_release &rArr; os_dispatch &rArr; os_put_prio
</UL>
<BR>[Calls]<UL><LI><a href="#[1bd]">&gt;&gt;</a>&nbsp;&nbsp;&nbsp;operator new[] (unsigned)
<LI><a href="#[4b]">&gt;&gt;</a>&nbsp;&nbsp;&nbsp;operator delete[] (void*)
<LI><a href="#[159]">&gt;&gt;</a>&nbsp;&nbsp;&nbsp;__c89vsnprintf
</UL>
<BR>[Called By]<UL><LI><a href="#[1b7]">&gt;&gt;</a>&nbsp;&nbsp;&nbsp;std::__rw_exception::_C_vformat(int, std::__va_list)
<LI><a href="#[1be]">&gt;&gt;</a>&nbsp;&nbsp;&nbsp;__rw::__rw_vfmatstr(char*, unsigned, int, std::__va_list)
</UL>

<P><STRONG><a name="[1be]"></a>__rw::__rw_vfmatstr(char*, unsigned, int, std::__va_list)</STRONG> (Thumb, 332 bytes, Stack size 80 bytes, rwstdexcept.o(i._ZN4__rw13__rw_vfmatstrEPcjiSt9__va_list))
<BR><BR>[Stack]<UL><LI>Max Depth = 320 + Unknown Stack Size
<LI>Call Chain = __rw::__rw_vfmatstr(char*, unsigned, int, std::__va_list) &rArr; std::basic_string&lang;char, std::char_traits&lang;char&rang;, std::allocator&lang;char&rang;&rang;::basic_string(const char*, const std::allocator&lang;char&rang;&) &rArr; std::basic_string&lang;char, std::char_traits&lang;char&rang;, std::allocator&lang;char&rang;&rang;::_C_allocate(unsigned, unsigned, unsigned) &rArr; std::basic_string&lang;char, std::char_traits&lang;char&rang;, std::allocator&lang;char&rang;&rang;::_C_getRep(unsigned, unsigned) &rArr;  __rw::__rw_throw(int, ...) (Cycle)
</UL>
<BR>[Calls]<UL><LI><a href="#[4b]">&gt;&gt;</a>&nbsp;&nbsp;&nbsp;operator delete[] (void*)
<LI><a href="#[10d]">&gt;&gt;</a>&nbsp;&nbsp;&nbsp;std::basic_string&lang;char, std::char_traits&lang;char&rang;, std::allocator&lang;char&rang;&rang;::basic_string(const char*, const std::allocator&lang;char&rang;&)
<LI><a href="#[1bf]">&gt;&gt;</a>&nbsp;&nbsp;&nbsp;strrchr
<LI><a href="#[167]">&gt;&gt;</a>&nbsp;&nbsp;&nbsp;__0sscanf
<LI><a href="#[12b]">&gt;&gt;</a>&nbsp;&nbsp;&nbsp;operator delete (void*)
<LI><a href="#[1bc]">&gt;&gt;</a>&nbsp;&nbsp;&nbsp;__rw::__rw_vfmatstr(char*, unsigned, const char*, std::__va_list)
<LI><a href="#[107]">&gt;&gt;</a>&nbsp;&nbsp;&nbsp;std::basic_string&lang;char, std::char_traits&lang;char&rang;, std::allocator&lang;char&rang;&rang;::basic_string(const std::basic_string&lang;char, std::char_traits&lang;char&rang;, std::allocator&lang;char&rang;&rang;&)
<LI><a href="#[10e]">&gt;&gt;</a>&nbsp;&nbsp;&nbsp;std::basic_string&lang;char, std::char_traits&lang;char&rang;, std::allocator&lang;char&rang;&rang;::_C_unlink()
<LI><a href="#[1c1]">&gt;&gt;</a>&nbsp;&nbsp;&nbsp;__rw::__rw_locale_vector&lang;std::basic_string&lang;char, std::char_traits&lang;char&rang;, std::allocator&lang;char&rang;&rang;&rang;::~__rw_locale_vector()
<LI><a href="#[1a6]">&gt;&gt;</a>&nbsp;&nbsp;&nbsp;__ARM_common_call_via_r7
<LI><a href="#[19b]">&gt;&gt;</a>&nbsp;&nbsp;&nbsp;__ARM_common_call_via_r3
<LI><a href="#[1c0]">&gt;&gt;</a>&nbsp;&nbsp;&nbsp;std::locale::locale()
</UL>
<BR>[Called By]<UL><LI><a href="#[1b7]">&gt;&gt;</a>&nbsp;&nbsp;&nbsp;std::__rw_exception::_C_vformat(int, std::__va_list)
</UL>

<P><STRONG><a name="[2a8]"></a>_dadd1</STRONG> (ARM, 0 bytes, Stack size unknown bytes, daddsub_noclz.o(x$fpl$dadd), UNUSED)
<BR><BR>[Called By]<UL><LI><a href="#[2a9]">&gt;&gt;</a>&nbsp;&nbsp;&nbsp;_dsub
<LI><a href="#[2a7]">&gt;&gt;</a>&nbsp;&nbsp;&nbsp;_drsb
</UL>

<P><STRONG><a name="[29c]"></a>_dsub1</STRONG> (ARM, 0 bytes, Stack size unknown bytes, daddsub_noclz.o(x$fpl$dsub), UNUSED)
<BR><BR>[Called By]<UL><LI><a href="#[2a7]">&gt;&gt;</a>&nbsp;&nbsp;&nbsp;_drsb
<LI><a href="#[29b]">&gt;&gt;</a>&nbsp;&nbsp;&nbsp;_dadd
</UL>

<P><STRONG><a name="[152]"></a>Heap1_SizeAdjust</STRONG> (Thumb, 8 bytes, Stack size 0 bytes, h1_alloc_mt.o(.text))
<BR><BR>[Called By]<UL><LI><a href="#[151]">&gt;&gt;</a>&nbsp;&nbsp;&nbsp;_malloc_internal
</UL>

<P><STRONG><a name="[15e]"></a>_fp_digits</STRONG> (Thumb, 408 bytes, Stack size 88 bytes, _printf_fp_dec.o(.text))
<BR><BR>[Stack]<UL><LI>Max Depth = 208<LI>Call Chain = _fp_digits &rArr; _btod_etento &rArr; _btod_emul &rArr; _e2e
</UL>
<BR>[Calls]<UL><LI><a href="#[15]">&gt;&gt;</a>&nbsp;&nbsp;&nbsp;__ieee_status (via Veneer)
<LI><a href="#[162]">&gt;&gt;</a>&nbsp;&nbsp;&nbsp;_btod_emul (via Veneer)
<LI><a href="#[161]">&gt;&gt;</a>&nbsp;&nbsp;&nbsp;_btod_ediv (via Veneer)
<LI><a href="#[160]">&gt;&gt;</a>&nbsp;&nbsp;&nbsp;_btod_d2e (via Veneer)
<LI><a href="#[15f]">&gt;&gt;</a>&nbsp;&nbsp;&nbsp;_btod_etento
<LI><a href="#[163]">&gt;&gt;</a>&nbsp;&nbsp;&nbsp;_ll_udiv10 (via Veneer)
</UL>
<BR>[Called By]<UL><LI><a href="#[164]">&gt;&gt;</a>&nbsp;&nbsp;&nbsp;_printf_fp_dec_real
</UL>

<P><STRONG><a name="[37]"></a>_printf_input_char</STRONG> (Thumb, 10 bytes, Stack size 0 bytes, _printf_char_common.o(.text))
<BR>[Address Reference Count : 1]<UL><LI> _printf_char_common.o(.text)
</UL>
<P><STRONG><a name="[7b]"></a>__sti___8_char_cpp</STRONG> (Thumb, 12 bytes, Stack size 0 bytes, char.o(i.__sti___8_char_cpp))
<BR>[Address Reference Count : 1]<UL><LI> char.o(.init_array)
</UL>
<P><STRONG><a name="[47]"></a>&lang;Func5&rang;</STRONG> (Thumb, 24 bytes, Stack size 16 bytes, locale.o(i.<Func5>))
<BR><BR>[Stack]<UL><LI>Max Depth = 24<LI>Call Chain = &lang;Func5&rang; &rArr; std::basic_string&lang;char, std::char_traits&lang;char&rang;, std::allocator&lang;char&rang;&rang;::basic_string(const std::allocator&lang;char&rang;&)
</UL>
<BR>[Calls]<UL><LI><a href="#[1b1]">&gt;&gt;</a>&nbsp;&nbsp;&nbsp;std::basic_string&lang;char, std::char_traits&lang;char&rang;, std::allocator&lang;char&rang;&rang;::basic_string(const std::allocator&lang;char&rang;&)
</UL>
<BR>[Address Reference Count : 1]<UL><LI> locale.o(i._ZN4__rw15__rw_locale_impC1EPKcjj)
</UL>
<P><STRONG><a name="[7c]"></a>__sti___10_locale_cpp</STRONG> (Thumb, 12 bytes, Stack size 0 bytes, locale.o(i.__sti___10_locale_cpp))
<BR>[Address Reference Count : 1]<UL><LI> locale.o(.init_array)
</UL>
<P><STRONG><a name="[3b]"></a>_scanf_char_input</STRONG> (Thumb, 12 bytes, Stack size 0 bytes, scanf_char.o(.text))
<BR>[Address Reference Count : 1]<UL><LI> scanf_char.o(.text)
</UL>
<P><STRONG><a name="[7d]"></a>__sti___10_rwcats_cpp</STRONG> (Thumb, 46 bytes, Stack size 16 bytes, rwcats.o(i.__sti___10_rwcats_cpp))
<BR><BR>[Stack]<UL><LI>Max Depth = 192<LI>Call Chain = __sti___10_rwcats_cpp &rArr; __aeabi_atexit &rArr; malloc &rArr; _malloc_internal &rArr; __Heap_Full &rArr; __Heap_ProvideMemory &rArr; _free_internal &rArr; _mutex_release &rArr; os_mut_release &rArr; os_dispatch &rArr; os_put_prio
</UL>
<BR>[Calls]<UL><LI><a href="#[1bd]">&gt;&gt;</a>&nbsp;&nbsp;&nbsp;operator new[] (unsigned)
<LI><a href="#[11f]">&gt;&gt;</a>&nbsp;&nbsp;&nbsp;__aeabi_atexit
</UL>
<BR>[Address Reference Count : 1]<UL><LI> rwcats.o(.init_array)
</UL>
<P><STRONG><a name="[3d]"></a>__default_terminate_handler()</STRONG> (Thumb, 4 bytes, Stack size 0 bytes, arm_exceptions_globs.o(.text))
<BR><BR>[Stack]<UL><LI>Max Depth = 32 + Unknown Stack Size
<LI>Call Chain = __default_terminate_handler() &rArr; abort &rArr; __rt_SIGABRT &rArr; __rt_SIGABRT_inner &rArr; __default_signal_display
</UL>
<BR>[Calls]<UL><LI><a href="#[173]">&gt;&gt;</a>&nbsp;&nbsp;&nbsp;abort
</UL>
<BR>[Address Reference Count : 1]<UL><LI> arm_exceptions_globs.o(.text)
</UL>
<P><STRONG><a name="[198]"></a>_locale_name</STRONG> (Thumb, 162 bytes, Stack size 24 bytes, locale_r.o(.text))
<BR><BR>[Stack]<UL><LI>Max Depth = 32<LI>Call Chain = _locale_name &rArr; __rt_locale
</UL>
<BR>[Calls]<UL><LI><a href="#[ac]">&gt;&gt;</a>&nbsp;&nbsp;&nbsp;__rt_locale (via Veneer)
</UL>
<BR>[Called By]<UL><LI><a href="#[18d]">&gt;&gt;</a>&nbsp;&nbsp;&nbsp;_setlocale_r
<LI><a href="#[199]">&gt;&gt;</a>&nbsp;&nbsp;&nbsp;_set_locale_byname
</UL>

<P><STRONG><a name="[199]"></a>_set_locale_byname</STRONG> (Thumb, 148 bytes, Stack size 24 bytes, locale_r.o(.text))
<BR><BR>[Stack]<UL><LI>Max Depth = 56<LI>Call Chain = _set_locale_byname &rArr; _locale_name &rArr; __rt_locale
</UL>
<BR>[Calls]<UL><LI><a href="#[19a]">&gt;&gt;</a>&nbsp;&nbsp;&nbsp;_get_lc_time (Weak Reference)
<LI><a href="#[198]">&gt;&gt;</a>&nbsp;&nbsp;&nbsp;_locale_name
<LI><a href="#[af]">&gt;&gt;</a>&nbsp;&nbsp;&nbsp;_get_lc_numeric (via Veneer)
<LI><a href="#[35]">&gt;&gt;</a>&nbsp;&nbsp;&nbsp;_get_lc_ctype (via Veneer)
<LI><a href="#[ac]">&gt;&gt;</a>&nbsp;&nbsp;&nbsp;__rt_locale (via Veneer)
</UL>
<BR>[Called By]<UL><LI><a href="#[18d]">&gt;&gt;</a>&nbsp;&nbsp;&nbsp;_setlocale_r
</UL>
<P>
<H3>
Undefined Global Symbols
</H3>
<P><STRONG><a name="[2ae]"></a>__fpl_infinity</STRONG> (Unknown, 0 bytes, Stack size 0 bytes, UNDEFINED)
<BR><BR>[Called By]<UL><LI><a href="#[211]">&gt;&gt;</a>&nbsp;&nbsp;&nbsp;scalbn
</UL>

<P><STRONG><a name="[19c]"></a>_call_atexit_fns</STRONG> (ARM, 0 bytes, Stack size 0 bytes, UNDEFINED)
<BR><BR>[Called By]<UL><LI><a href="#[bb]">&gt;&gt;</a>&nbsp;&nbsp;&nbsp;exit
</UL>

<P><STRONG><a name="[19a]"></a>_get_lc_time</STRONG> (Unknown, 0 bytes, Stack size 0 bytes, UNDEFINED)
<BR><BR>[Called By]<UL><LI><a href="#[199]">&gt;&gt;</a>&nbsp;&nbsp;&nbsp;_set_locale_byname
</UL>

<P><STRONG><a name="[18b]"></a>_mutex_free</STRONG> (ARM, 0 bytes, Stack size 0 bytes, UNDEFINED)
<BR><BR>[Called By]<UL><LI><a href="#[b6]">&gt;&gt;</a>&nbsp;&nbsp;&nbsp;_terminateio
</UL>

<P><STRONG><a name="[180]"></a>_printf_mbtowc</STRONG> (ARM, 0 bytes, Stack size 0 bytes, UNDEFINED)
<BR><BR>[Called By]<UL><LI><a href="#[17f]">&gt;&gt;</a>&nbsp;&nbsp;&nbsp;_printf_cs_common
</UL>

<P><STRONG><a name="[197]"></a>_printf_wc</STRONG> (ARM, 0 bytes, Stack size 0 bytes, UNDEFINED)
<BR><BR>[Called By]<UL><LI><a href="#[196]">&gt;&gt;</a>&nbsp;&nbsp;&nbsp;_printf_lcs_common
</UL>

<P><STRONG><a name="[265]"></a>os_tmr_reload</STRONG> (ARM, 0 bytes, Stack size 0 bytes, UNDEFINED)
<BR><BR>[Called By]<UL><LI><a href="#[24]">&gt;&gt;</a>&nbsp;&nbsp;&nbsp;os_sys_manager
</UL>

<P><STRONG><a name="[25d]"></a>rt_init</STRONG> (ARM, 0 bytes, Stack size 0 bytes, UNDEFINED)
<BR><BR>[Called By]<UL><LI><a href="#[22]">&gt;&gt;</a>&nbsp;&nbsp;&nbsp;os_sys_init1
</UL>

<P><STRONG><a name="[26a]"></a>rt_notify</STRONG> (ARM, 0 bytes, Stack size 0 bytes, UNDEFINED)
<BR><BR>[Called By]<UL><LI><a href="#[4e]">&gt;&gt;</a>&nbsp;&nbsp;&nbsp;os_tsk_create0
</UL>

<P><STRONG><a name="[1fd]"></a>rt_post_taskswitch</STRONG> (ARM, 0 bytes, Stack size 0 bytes, UNDEFINED)
<BR><BR>[Called By]<UL><LI><a href="#[3e]">&gt;&gt;</a>&nbsp;&nbsp;&nbsp;__SWI_0
<LI><a href="#[24]">&gt;&gt;</a>&nbsp;&nbsp;&nbsp;os_sys_manager
</UL>
<HR></body></html>
